Copyright 1986-2021 Xilinx, Inc. All Rights Reserved.
-------------------------------------------------------------------------------------------------------------------------------------------------------------------------------------------------------------------------------------------------------------------------------------------------------------------------------------------------------------------------------------------------------------------------------------------------------------------------------------------------------------------------------------------------------------------------------------------------------------------------------------------------------------------------------------------------------------------------------------------------------------------
| Tool Version : Vivado v.2021.1_AR76780 (lin64) Build 3247384 Thu Jun 10 19:36:07 MDT 2021
| Date         : Fri Sep 11 12:50:46 2026
| Host         : coroni running 64-bit Ubuntu 18.04.6 LTS
| Command      : report_accelerator_utilization -kernels { krnl_gemv_sparse:pfm_top_i/dynamic_region/gemv/inst:gemv krnl_mm2s:pfm_top_i/dynamic_region/mm2s_a0/inst:mm2s_a0 krnl_mm2s:pfm_top_i/dynamic_region/mm2s_a1/inst:mm2s_a1 krnl_mm2s:pfm_top_i/dynamic_region/mm2s_i0/inst:mm2s_i0 krnl_mm2s:pfm_top_i/dynamic_region/mm2s_i1/inst:mm2s_i1 krnl_mm2s:pfm_top_i/dynamic_region/mm2s_w0/inst:mm2s_w0 krnl_mm2s:pfm_top_i/dynamic_region/mm2s_w1/inst:mm2s_w1 krnl_mm2s:pfm_top_i/dynamic_region/mm2s_w2/inst:mm2s_w2 krnl_mm2s:pfm_top_i/dynamic_region/mm2s_w3/inst:mm2s_w3 krnl_s2mm:pfm_top_i/dynamic_region/s2mm_c0/inst:s2mm_c0 krnl_s2mm:pfm_top_i/dynamic_region/s2mm_c1/inst:s2mm_c1} -file kernel_util_synthed.rpt -name kernel_util_synthed -json
| Design       : pfm_top_wrapper
| Device       : xcu280
| Design State : Synthesized
-------------------------------------------------------------------------------------------------------------------------------------------------------------------------------------------------------------------------------------------------------------------------------------------------------------------------------------------------------------------------------------------------------------------------------------------------------------------------------------------------------------------------------------------------------------------------------------------------------------------------------------------------------------------------------------------------------------------------------------------------------------------

Accelerator Utilization Design Information

Table of Contents
-----------------
1. System Utilization

1. System Utilization
---------------------

+---------------------+-------------------+------------------+-------------------+----------------+---------------+----------------+
| Name                | LUT               | LUTAsMem         | REG               | BRAM           | URAM          | DSP            |
+---------------------+-------------------+------------------+-------------------+----------------+---------------+----------------+
| Platform            |  131216 [ 10.07%] |  15542 [  2.59%] |  180919 [  6.94%] |  202 [ 10.02%] |   0 [  0.00%] |    4 [  0.04%] |
| User Budget         | 1171504 [100.00%] | 584938 [100.00%] | 2426441 [100.00%] | 1814 [100.00%] | 960 [100.00%] | 9020 [100.00%] |
|    Used Resources   |   53939 [  4.60%] |   7448 [  1.27%] |   74834 [  3.08%] |  192 [ 10.58%] |   0 [  0.00%] |  256 [  2.84%] |
|    Unused Resources | 1117565 [ 95.40%] | 577490 [ 98.73%] | 2351607 [ 96.92%] | 1622 [ 89.42%] | 960 [100.00%] | 8764 [ 97.16%] |
| krnl_gemv_sparse    |   37311 [  3.18%] |   3392 [  0.58%] |   45054 [  1.86%] |   48 [  2.65%] |   0 [  0.00%] |  256 [  2.84%] |
|    gemv             |   37311 [  3.18%] |   3392 [  0.58%] |   45054 [  1.86%] |   48 [  2.65%] |   0 [  0.00%] |  256 [  2.84%] |
| krnl_mm2s           |   12456 [  1.06%] |   2184 [  0.37%] |   23296 [  0.96%] |  112 [  6.17%] |   0 [  0.00%] |    0 [  0.00%] |
|    mm2s_a0          |    1557 [  0.13%] |    273 [  0.05%] |    2912 [  0.12%] |   14 [  0.77%] |   0 [  0.00%] |    0 [  0.00%] |
|    mm2s_a1          |    1557 [  0.13%] |    273 [  0.05%] |    2912 [  0.12%] |   14 [  0.77%] |   0 [  0.00%] |    0 [  0.00%] |
|    mm2s_i0          |    1557 [  0.13%] |    273 [  0.05%] |    2912 [  0.12%] |   14 [  0.77%] |   0 [  0.00%] |    0 [  0.00%] |
|    mm2s_i1          |    1557 [  0.13%] |    273 [  0.05%] |    2912 [  0.12%] |   14 [  0.77%] |   0 [  0.00%] |    0 [  0.00%] |
|    mm2s_w0          |    1557 [  0.13%] |    273 [  0.05%] |    2912 [  0.12%] |   14 [  0.77%] |   0 [  0.00%] |    0 [  0.00%] |
|    mm2s_w1          |    1557 [  0.13%] |    273 [  0.05%] |    2912 [  0.12%] |   14 [  0.77%] |   0 [  0.00%] |    0 [  0.00%] |
|    mm2s_w2          |    1557 [  0.13%] |    273 [  0.05%] |    2912 [  0.12%] |   14 [  0.77%] |   0 [  0.00%] |    0 [  0.00%] |
|    mm2s_w3          |    1557 [  0.13%] |    273 [  0.05%] |    2912 [  0.12%] |   14 [  0.77%] |   0 [  0.00%] |    0 [  0.00%] |
| krnl_s2mm           |    4172 [  0.36%] |   1872 [  0.32%] |    6484 [  0.27%] |   32 [  1.76%] |   0 [  0.00%] |    0 [  0.00%] |
|    s2mm_c0          |    2086 [  0.18%] |    936 [  0.16%] |    3242 [  0.13%] |   16 [  0.88%] |   0 [  0.00%] |    0 [  0.00%] |
|    s2mm_c1          |    2086 [  0.18%] |    936 [  0.16%] |    3242 [  0.13%] |   16 [  0.88%] |   0 [  0.00%] |    0 [  0.00%] |
+---------------------+-------------------+------------------+-------------------+----------------+---------------+----------------+


