Copyright 1986-2021 Xilinx, Inc. All Rights Reserved.
---------------------------------------------------------------------------------------------------------------------------------------------------------------------------------------------------------------------------------------------------------------------------------------------------------------------------------------------------------------------------------------------------------------------------------------------------------------------------------------------------------------------------------------------------------------------------------------------------------------------------------------------------------------------------------------------------------------------------------------------------------------------------------------------------------------------------------------------------------------------------------------------------------------------------------------------------------------------------------------------------------------------------------------------------------------------------------------------------------------------------------------------------------------------------------------------------------------------------------------------------------------------------------------------------------------------------------------------------------------------------------------------------------------------------------------------------------------------------------------------------------------------------------------------------------------------------------------------------------------------------------------------------------------------------------------------------------------------------------------------------------------------------------------------------------------------------------------------------------------------------------------------------------------------------------------------------------------------------------------------------------------------------------------------------------------
| Tool Version : Vivado v.2021.1_AR76780 (lin64) Build 3247384 Thu Jun 10 19:36:07 MDT 2021
| Date         : Sun Sep 13 14:07:50 2026
| Host         : coroni running 64-bit Ubuntu 18.04.6 LTS
| Command      : report_accelerator_utilization -kernels { krnl_gemv_sparse:pfm_top_i/dynamic_region/gemv/inst:gemv krnl_mm2s:pfm_top_i/dynamic_region/mm2s_a0/inst:mm2s_a0 krnl_mm2s:pfm_top_i/dynamic_region/mm2s_a1/inst:mm2s_a1 krnl_mm2s:pfm_top_i/dynamic_region/mm2s_i0/inst:mm2s_i0 krnl_mm2s:pfm_top_i/dynamic_region/mm2s_i1/inst:mm2s_i1 krnl_mm2s:pfm_top_i/dynamic_region/mm2s_i2/inst:mm2s_i2 krnl_mm2s:pfm_top_i/dynamic_region/mm2s_i3/inst:mm2s_i3 krnl_mm2s:pfm_top_i/dynamic_region/mm2s_i4/inst:mm2s_i4 krnl_mm2s:pfm_top_i/dynamic_region/mm2s_i5/inst:mm2s_i5 krnl_mm2s:pfm_top_i/dynamic_region/mm2s_w0/inst:mm2s_w0 krnl_mm2s:pfm_top_i/dynamic_region/mm2s_w1/inst:mm2s_w1 krnl_mm2s:pfm_top_i/dynamic_region/mm2s_w10/inst:mm2s_w10 krnl_mm2s:pfm_top_i/dynamic_region/mm2s_w11/inst:mm2s_w11 krnl_mm2s:pfm_top_i/dynamic_region/mm2s_w12/inst:mm2s_w12 krnl_mm2s:pfm_top_i/dynamic_region/mm2s_w13/inst:mm2s_w13 krnl_mm2s:pfm_top_i/dynamic_region/mm2s_w14/inst:mm2s_w14 krnl_mm2s:pfm_top_i/dynamic_region/mm2s_w15/inst:mm2s_w15 krnl_mm2s:pfm_top_i/dynamic_region/mm2s_w2/inst:mm2s_w2 krnl_mm2s:pfm_top_i/dynamic_region/mm2s_w3/inst:mm2s_w3 krnl_mm2s:pfm_top_i/dynamic_region/mm2s_w4/inst:mm2s_w4 krnl_mm2s:pfm_top_i/dynamic_region/mm2s_w5/inst:mm2s_w5 krnl_mm2s:pfm_top_i/dynamic_region/mm2s_w6/inst:mm2s_w6 krnl_mm2s:pfm_top_i/dynamic_region/mm2s_w7/inst:mm2s_w7 krnl_mm2s:pfm_top_i/dynamic_region/mm2s_w8/inst:mm2s_w8 krnl_mm2s:pfm_top_i/dynamic_region/mm2s_w9/inst:mm2s_w9 krnl_s2mm:pfm_top_i/dynamic_region/s2mm_c0/inst:s2mm_c0 krnl_s2mm:pfm_top_i/dynamic_region/s2mm_c1/inst:s2mm_c1 krnl_s2mm:pfm_top_i/dynamic_region/s2mm_c2/inst:s2mm_c2 krnl_s2mm:pfm_top_i/dynamic_region/s2mm_c3/inst:s2mm_c3 krnl_s2mm:pfm_top_i/dynamic_region/s2mm_c4/inst:s2mm_c4 krnl_s2mm:pfm_top_i/dynamic_region/s2mm_c5/inst:s2mm_c5 krnl_s2mm:pfm_top_i/dynamic_region/s2mm_c6/inst:s2mm_c6 krnl_s2mm:pfm_top_i/dynamic_region/s2mm_c7/inst:s2mm_c7} -file kernel_util_synthed.rpt -name kernel_util_synthed -json
| Design       : pfm_top_wrapper
| Device       : xcu280
| Design State : Synthesized
---------------------------------------------------------------------------------------------------------------------------------------------------------------------------------------------------------------------------------------------------------------------------------------------------------------------------------------------------------------------------------------------------------------------------------------------------------------------------------------------------------------------------------------------------------------------------------------------------------------------------------------------------------------------------------------------------------------------------------------------------------------------------------------------------------------------------------------------------------------------------------------------------------------------------------------------------------------------------------------------------------------------------------------------------------------------------------------------------------------------------------------------------------------------------------------------------------------------------------------------------------------------------------------------------------------------------------------------------------------------------------------------------------------------------------------------------------------------------------------------------------------------------------------------------------------------------------------------------------------------------------------------------------------------------------------------------------------------------------------------------------------------------------------------------------------------------------------------------------------------------------------------------------------------------------------------------------------------------------------------------------------------------------------------------------------

Accelerator Utilization Design Information

Table of Contents
-----------------
1. System Utilization

1. System Utilization
---------------------

+---------------------+-------------------+------------------+-------------------+----------------+---------------+----------------+
| Name                | LUT               | LUTAsMem         | REG               | BRAM           | URAM          | DSP            |
+---------------------+-------------------+------------------+-------------------+----------------+---------------+----------------+
| Platform            |  177803 [ 13.65%] |  28690 [  4.78%] |  273782 [ 10.50%] |  204 [ 10.12%] |   0 [  0.00%] |    4 [  0.04%] |
| User Budget         | 1124917 [100.00%] | 571790 [100.00%] | 2333578 [100.00%] | 1812 [100.00%] | 960 [100.00%] | 9020 [100.00%] |
|    Used Resources   |  187115 [ 16.63%] |  27608 [  4.83%] |  266873 [ 11.44%] |  600 [ 33.11%] |   0 [  0.00%] | 1024 [ 11.35%] |
|    Unused Resources |  937802 [ 83.37%] | 544182 [ 95.17%] | 2066705 [ 88.56%] | 1212 [ 66.89%] | 960 [100.00%] | 7996 [ 88.65%] |
| krnl_gemv_sparse    |  133059 [ 11.83%] |  13568 [  2.37%] |  171049 [  7.33%] |  136 [  7.51%] |   0 [  0.00%] | 1024 [ 11.35%] |
|    gemv             |  133059 [ 11.83%] |  13568 [  2.37%] |  171049 [  7.33%] |  136 [  7.51%] |   0 [  0.00%] | 1024 [ 11.35%] |
| krnl_mm2s           |   37368 [  3.32%] |   6552 [  1.15%] |   69888 [  2.99%] |  336 [ 18.54%] |   0 [  0.00%] |    0 [  0.00%] |
|    mm2s_a0          |    1557 [  0.14%] |    273 [  0.05%] |    2912 [  0.12%] |   14 [  0.77%] |   0 [  0.00%] |    0 [  0.00%] |
|    mm2s_a1          |    1557 [  0.14%] |    273 [  0.05%] |    2912 [  0.12%] |   14 [  0.77%] |   0 [  0.00%] |    0 [  0.00%] |
|    mm2s_i0          |    1557 [  0.14%] |    273 [  0.05%] |    2912 [  0.12%] |   14 [  0.77%] |   0 [  0.00%] |    0 [  0.00%] |
|    mm2s_i1          |    1557 [  0.14%] |    273 [  0.05%] |    2912 [  0.12%] |   14 [  0.77%] |   0 [  0.00%] |    0 [  0.00%] |
|    mm2s_i2          |    1557 [  0.14%] |    273 [  0.05%] |    2912 [  0.12%] |   14 [  0.77%] |   0 [  0.00%] |    0 [  0.00%] |
|    mm2s_i3          |    1557 [  0.14%] |    273 [  0.05%] |    2912 [  0.12%] |   14 [  0.77%] |   0 [  0.00%] |    0 [  0.00%] |
|    mm2s_i4          |    1557 [  0.14%] |    273 [  0.05%] |    2912 [  0.12%] |   14 [  0.77%] |   0 [  0.00%] |    0 [  0.00%] |
|    mm2s_i5          |    1557 [  0.14%] |    273 [  0.05%] |    2912 [  0.12%] |   14 [  0.77%] |   0 [  0.00%] |    0 [  0.00%] |
|    mm2s_w0          |    1557 [  0.14%] |    273 [  0.05%] |    2912 [  0.12%] |   14 [  0.77%] |   0 [  0.00%] |    0 [  0.00%] |
|    mm2s_w1          |    1557 [  0.14%] |    273 [  0.05%] |    2912 [  0.12%] |   14 [  0.77%] |   0 [  0.00%] |    0 [  0.00%] |
|    mm2s_w10         |    1557 [  0.14%] |    273 [  0.05%] |    2912 [  0.12%] |   14 [  0.77%] |   0 [  0.00%] |    0 [  0.00%] |
|    mm2s_w11         |    1557 [  0.14%] |    273 [  0.05%] |    2912 [  0.12%] |   14 [  0.77%] |   0 [  0.00%] |    0 [  0.00%] |
|    mm2s_w12         |    1557 [  0.14%] |    273 [  0.05%] |    2912 [  0.12%] |   14 [  0.77%] |   0 [  0.00%] |    0 [  0.00%] |
|    mm2s_w13         |    1557 [  0.14%] |    273 [  0.05%] |    2912 [  0.12%] |   14 [  0.77%] |   0 [  0.00%] |    0 [  0.00%] |
|    mm2s_w14         |    1557 [  0.14%] |    273 [  0.05%] |    2912 [  0.12%] |   14 [  0.77%] |   0 [  0.00%] |    0 [  0.00%] |
|    mm2s_w15         |    1557 [  0.14%] |    273 [  0.05%] |    2912 [  0.12%] |   14 [  0.77%] |   0 [  0.00%] |    0 [  0.00%] |
|    mm2s_w2          |    1557 [  0.14%] |    273 [  0.05%] |    2912 [  0.12%] |   14 [  0.77%] |   0 [  0.00%] |    0 [  0.00%] |
|    mm2s_w3          |    1557 [  0.14%] |    273 [  0.05%] |    2912 [  0.12%] |   14 [  0.77%] |   0 [  0.00%] |    0 [  0.00%] |
|    mm2s_w4          |    1557 [  0.14%] |    273 [  0.05%] |    2912 [  0.12%] |   14 [  0.77%] |   0 [  0.00%] |    0 [  0.00%] |
|    mm2s_w5          |    1557 [  0.14%] |    273 [  0.05%] |    2912 [  0.12%] |   14 [  0.77%] |   0 [  0.00%] |    0 [  0.00%] |
|    mm2s_w6          |    1557 [  0.14%] |    273 [  0.05%] |    2912 [  0.12%] |   14 [  0.77%] |   0 [  0.00%] |    0 [  0.00%] |
|    mm2s_w7          |    1557 [  0.14%] |    273 [  0.05%] |    2912 [  0.12%] |   14 [  0.77%] |   0 [  0.00%] |    0 [  0.00%] |
|    mm2s_w8          |    1557 [  0.14%] |    273 [  0.05%] |    2912 [  0.12%] |   14 [  0.77%] |   0 [  0.00%] |    0 [  0.00%] |
|    mm2s_w9          |    1557 [  0.14%] |    273 [  0.05%] |    2912 [  0.12%] |   14 [  0.77%] |   0 [  0.00%] |    0 [  0.00%] |
| krnl_s2mm           |   16688 [  1.48%] |   7488 [  1.31%] |   25936 [  1.11%] |  128 [  7.06%] |   0 [  0.00%] |    0 [  0.00%] |
|    s2mm_c0          |    2086 [  0.19%] |    936 [  0.16%] |    3242 [  0.14%] |   16 [  0.88%] |   0 [  0.00%] |    0 [  0.00%] |
|    s2mm_c1          |    2086 [  0.19%] |    936 [  0.16%] |    3242 [  0.14%] |   16 [  0.88%] |   0 [  0.00%] |    0 [  0.00%] |
|    s2mm_c2          |    2086 [  0.19%] |    936 [  0.16%] |    3242 [  0.14%] |   16 [  0.88%] |   0 [  0.00%] |    0 [  0.00%] |
|    s2mm_c3          |    2086 [  0.19%] |    936 [  0.16%] |    3242 [  0.14%] |   16 [  0.88%] |   0 [  0.00%] |    0 [  0.00%] |
|    s2mm_c4          |    2086 [  0.19%] |    936 [  0.16%] |    3242 [  0.14%] |   16 [  0.88%] |   0 [  0.00%] |    0 [  0.00%] |
|    s2mm_c5          |    2086 [  0.19%] |    936 [  0.16%] |    3242 [  0.14%] |   16 [  0.88%] |   0 [  0.00%] |    0 [  0.00%] |
|    s2mm_c6          |    2086 [  0.19%] |    936 [  0.16%] |    3242 [  0.14%] |   16 [  0.88%] |   0 [  0.00%] |    0 [  0.00%] |
|    s2mm_c7          |    2086 [  0.19%] |    936 [  0.16%] |    3242 [  0.14%] |   16 [  0.88%] |   0 [  0.00%] |    0 [  0.00%] |
+---------------------+-------------------+------------------+-------------------+----------------+---------------+----------------+


