Copyright 1986-2021 Xilinx, Inc. All Rights Reserved.
--------------------------------------------------------------------------------------------
| Tool Version : Vivado v.2021.1_AR76780 (lin64) Build 3247384 Thu Jun 10 19:36:07 MDT 2021
| Date         : Sun Sep 13 15:27:58 2026
| Host         : coroni running 64-bit Ubuntu 18.04.6 LTS
| Command      : report_utilization -file full_util_placed.rpt -pb full_util_placed.pb
| Design       : pfm_top_wrapper
| Device       : xcu280fsvh2892-2L
| Design State : Fully Placed
--------------------------------------------------------------------------------------------

Utilization Design Information

Table of Contents
-----------------
1. CLB Logic
1.1 Summary of Registers by Type
2. CLB Logic Distribution
3. BLOCKRAM
4. ARITHMETIC
5. I/O
6. CLOCK
7. ADVANCED
8. CONFIGURATION
9. Primitives
10. Black Boxes
11. Instantiated Netlists
12. SLR Connectivity
13. SLR Connectivity Matrix
14. SLR CLB Logic and Dedicated Block Utilization
15. SLR IO Utilization

1. CLB Logic
------------

+----------------------------+--------+--------+------------+-----------+-------+
|          Site Type         |  Used  |  Fixed | Prohibited | Available | Util% |
+----------------------------+--------+--------+------------+-----------+-------+
| CLB LUTs                   | 326752 |  93280 |        960 |   1302720 | 25.08 |
|   LUT as Logic             | 277591 |  86419 |        960 |   1302720 | 21.31 |
|   LUT as Memory            |  49161 |   6861 |        480 |    600480 |  8.19 |
|     LUT as Distributed RAM |  18969 |   5173 |            |           |       |
|     LUT as Shift Register  |  30192 |   1688 |            |           |       |
| CLB Registers              | 509949 | 128746 |          0 |   2607360 | 19.56 |
|   Register as Flip Flop    | 509947 | 128744 |          0 |   2607360 | 19.56 |
|   Register as Latch        |      0 |      0 |          0 |   2607360 |  0.00 |
|   Register as AND/OR       |      2 |      2 |          0 |   2607360 | <0.01 |
| CARRY8                     |   8676 |   1069 |        120 |    162840 |  5.33 |
| F7 Muxes                   |  24345 |   1495 |        480 |    651360 |  3.74 |
| F8 Muxes                   |    204 |    204 |        240 |    325680 |  0.06 |
| F9 Muxes                   |      0 |      0 |        120 |    162840 |  0.00 |
+----------------------------+--------+--------+------------+-----------+-------+


1.1 Summary of Registers by Type
--------------------------------

+--------+--------------+-------------+--------------+
|  Total | Clock Enable | Synchronous | Asynchronous |
+--------+--------------+-------------+--------------+
| 2      |            _ |           - |            - |
| 0      |            _ |           - |          Set |
| 0      |            _ |           - |        Reset |
| 0      |            _ |         Set |            - |
| 0      |            _ |       Reset |            - |
| 0      |          Yes |           - |            - |
| 1026   |          Yes |           - |          Set |
| 4982   |          Yes |           - |        Reset |
| 5516   |          Yes |         Set |            - |
| 498423 |          Yes |       Reset |            - |
+--------+--------------+-------------+--------------+


2. CLB Logic Distribution
-------------------------

+--------------------------------------------+--------+-------+------------+-----------+-------+
|                  Site Type                 |  Used  | Fixed | Prohibited | Available | Util% |
+--------------------------------------------+--------+-------+------------+-----------+-------+
| CLB                                        |  74034 |     0 |        120 |    162840 | 45.46 |
|   CLBL                                     |  38560 |     0 |            |           |       |
|   CLBM                                     |  35474 |     0 |            |           |       |
| LUT as Logic                               | 277591 | 86419 |        960 |   1302720 | 21.31 |
|   using O5 output only                     |   6280 |       |            |           |       |
|   using O6 output only                     | 187094 |       |            |           |       |
|   using O5 and O6                          |  84217 |       |            |           |       |
| LUT as Memory                              |  49161 |  6861 |        480 |    600480 |  8.19 |
|   LUT as Distributed RAM                   |  18969 |  5173 |            |           |       |
|     using O5 output only                   |      0 |       |            |           |       |
|     using O6 output only                   |    379 |       |            |           |       |
|     using O5 and O6                        |  18590 |       |            |           |       |
|   LUT as Shift Register                    |  30192 |  1688 |            |           |       |
|     using O5 output only                   |      0 |       |            |           |       |
|     using O6 output only                   |  27148 |       |            |           |       |
|     using O5 and O6                        |   3044 |       |            |           |       |
| CLB Registers                              | 509949 |     0 |          0 |   2607360 | 19.56 |
|   Register driven from within the CLB      | 245214 |       |            |           |       |
|   Register driven from outside the CLB     | 264735 |       |            |           |       |
|     LUT in front of the register is unused | 196208 |       |            |           |       |
|     LUT in front of the register is used   |  68527 |       |            |           |       |
| Unique Control Sets                        |  15643 |       |        240 |    325680 |  4.80 |
+--------------------------------------------+--------+-------+------------+-----------+-------+
* * Note: Available Control Sets calculated as Slices * 2, Review the Control Sets Report for more information regarding control sets.


3. BLOCKRAM
-----------

+-------------------+------+-------+------------+-----------+-------+
|     Site Type     | Used | Fixed | Prohibited | Available | Util% |
+-------------------+------+-------+------------+-----------+-------+
| Block RAM Tile    |  803 |     0 |          0 |      2016 | 39.83 |
|   RAMB36/FIFO*    |  787 |   196 |          0 |      2016 | 39.04 |
|     FIFO36E2 only |    8 |       |            |           |       |
|     RAMB36E2 only |  779 |       |            |           |       |
|   RAMB18          |   32 |     8 |          0 |      4032 |  0.79 |
|     RAMB18E2 only |   32 |       |            |           |       |
| URAM              |    0 |     0 |          0 |       960 |  0.00 |
+-------------------+------+-------+------------+-----------+-------+
* Note: Each Block RAM Tile only has one FIFO logic available and therefore can accommodate only one FIFO36E2 or one FIFO18E2. However, if a FIFO18E2 occupies a Block RAM Tile, that tile can still accommodate a RAMB18E2


4. ARITHMETIC
-------------

+----------------+------+-------+------------+-----------+-------+
|    Site Type   | Used | Fixed | Prohibited | Available | Util% |
+----------------+------+-------+------------+-----------+-------+
| DSPs           | 1028 |     4 |          0 |      9024 | 11.39 |
|   DSP48E2 only | 1028 |       |            |           |       |
+----------------+------+-------+------------+-----------+-------+


5. I/O
------

+------------------+------+-------+------------+-----------+-------+
|     Site Type    | Used | Fixed | Prohibited | Available | Util% |
+------------------+------+-------+------------+-----------+-------+
| Bonded IOB       |   19 |    19 |        327 |       297 |  6.40 |
| HPIOB_M          |    7 |     7 |        144 |       144 |  4.86 |
|   INPUT          |    3 |       |            |           |       |
|   OUTPUT         |    2 |       |            |           |       |
|   BIDIR          |    2 |       |            |           |       |
| HPIOB_S          |    9 |     9 |        145 |       143 |  6.29 |
|   INPUT          |    2 |       |            |           |       |
|   OUTPUT         |    5 |       |            |           |       |
|   BIDIR          |    2 |       |            |           |       |
| HPIOB_SNGL       |    3 |     3 |         38 |        10 | 30.00 |
|   INPUT          |    0 |       |            |           |       |
|   OUTPUT         |    1 |       |            |           |       |
|   BIDIR          |    2 |       |            |           |       |
| HPIOBDIFFINBUF   |    1 |     1 |          0 |       288 |  0.35 |
|   DIFFINBUF      |    1 |     1 |            |           |       |
| HPIOBDIFFOUTBUF  |    0 |     0 |          0 |       288 |  0.00 |
| BITSLICE_CONTROL |    0 |     0 |          0 |        96 |  0.00 |
| BITSLICE_RX_TX   |    0 |     0 |          0 |      3744 |  0.00 |
| BITSLICE_TX      |    0 |     0 |          0 |        96 |  0.00 |
| RIU_OR           |    0 |     0 |          0 |        48 |  0.00 |
+------------------+------+-------+------------+-----------+-------+


6. CLOCK
--------

+----------------------+------+-------+------------+-----------+-------+
|       Site Type      | Used | Fixed | Prohibited | Available | Util% |
+----------------------+------+-------+------------+-----------+-------+
| GLOBAL CLOCK BUFFERs |   59 |    37 |          0 |      1008 |  5.85 |
|   BUFGCE             |   35 |    13 |          0 |       288 | 12.15 |
|   BUFGCE_DIV         |    0 |     0 |          0 |        48 |  0.00 |
|   BUFG_GT            |   22 |    22 |          0 |       576 |  3.82 |
|   BUFGCTRL*          |    1 |     1 |          0 |        96 |  1.04 |
| PLL                  |    4 |     4 |          0 |        24 | 16.67 |
|   DPLL (BUFGCE)      |    4 |     0 |          0 |         0 |  0.00 |
| MMCM                 |    3 |     3 |          0 |        12 | 25.00 |
+----------------------+------+-------+------------+-----------+-------+
* Note: Each used BUFGCTRL counts as two GLOBAL CLOCK BUFFERs. This table does not include global clocking resources, only buffer cell usage. See the Clock Utilization Report (report_clock_utilization) for detailed accounting of global clocking resource availability.


7. ADVANCED
-----------

+----------------------+------+-------+------------+-----------+--------+
|       Site Type      | Used | Fixed | Prohibited | Available |  Util% |
+----------------------+------+-------+------------+-----------+--------+
| CMACE4               |    0 |     0 |          0 |         8 |   0.00 |
| GTYE4_CHANNEL        |   16 |    16 |          0 |        24 |  66.67 |
| GTYE4_COMMON         |    4 |     4 |          0 |         6 |  66.67 |
| HBM_REF_CLK          |    2 |     2 |          0 |         2 | 100.00 |
| HBM_SNGLBLI_INTF_APB |    2 |     2 |          0 |        32 |   6.25 |
| HBM_SNGLBLI_INTF_AXI |   32 |    32 |          0 |        32 | 100.00 |
| ILKNE4               |    0 |     0 |          0 |         4 |   0.00 |
| OBUFDS_GTE4          |    0 |     0 |          0 |        12 |   0.00 |
| OBUFDS_GTE4_ADV      |    0 |     0 |          0 |        12 |   0.00 |
| PCIE40E4             |    0 |     0 |          0 |         2 |   0.00 |
| PCIE4CE4             |    1 |     1 |          0 |         4 |  25.00 |
| SYSMONE4             |    1 |     1 |          0 |         3 |  33.33 |
+----------------------+------+-------+------------+-----------+--------+


8. CONFIGURATION
----------------

+-------------+------+-------+------------+-----------+-------+
|  Site Type  | Used | Fixed | Prohibited | Available | Util% |
+-------------+------+-------+------------+-----------+-------+
| BSCANE2     |    1 |     1 |          0 |        12 |  8.33 |
| DNA_PORTE2  |    0 |     0 |          0 |         3 |  0.00 |
| EFUSE_USR   |    0 |     0 |          0 |         3 |  0.00 |
| FRAME_ECCE4 |    0 |     0 |          0 |         3 |  0.00 |
| ICAPE3      |    1 |     1 |          0 |         6 | 16.67 |
| MASTER_JTAG |    0 |     0 |          0 |         3 |  0.00 |
| STARTUPE3   |    1 |     1 |          0 |         3 | 33.33 |
+-------------+------+-------+------------+-----------+-------+


9. Primitives
-------------

+----------------------+--------+---------------------+
|       Ref Name       |  Used  | Functional Category |
+----------------------+--------+---------------------+
| FDRE                 | 503521 |            Register |
| LUT3                 | 107644 |                 CLB |
| LUT6                 | 104462 |                 CLB |
| LUT4                 |  58673 |                 CLB |
| LUT5                 |  43784 |                 CLB |
| LUT2                 |  37825 |                 CLB |
| RAMD32               |  32644 |                 CLB |
| MUXF7                |  24345 |                 CLB |
| SRLC32E              |  16921 |                 CLB |
| SRL16E               |  16301 |                 CLB |
| LUT1                 |   9420 |                 CLB |
| CARRY8               |   8676 |                 CLB |
| FDSE                 |   5516 |            Register |
| FDCE                 |   5007 |            Register |
| RAMS32               |   4591 |                 CLB |
| DSP48E2              |   1028 |          Arithmetic |
| FDPE                 |   1026 |            Register |
| RAMB36E2             |    779 |            BLOCKRAM |
| RAMD64E              |    288 |                 CLB |
| MUXF8                |    204 |                 CLB |
| RAMS64E              |     36 |                 CLB |
| BUFGCE               |     35 |               Clock |
| RAMB18E2             |     32 |            BLOCKRAM |
| HBM_SNGLBLI_INTF_AXI |     32 |            Advanced |
| BUFG_GT              |     22 |               Clock |
| BUFG_GT_SYNC         |     17 |               Clock |
| GTYE4_CHANNEL        |     16 |            Advanced |
| SRLC16E              |     14 |                 CLB |
| IBUFCTRL             |     10 |              Others |
| INBUF                |      9 |                 I/O |
| OBUF                 |      8 |                 I/O |
| FIFO36E2             |      8 |            BLOCKRAM |
| OBUFT                |      6 |                 I/O |
| PLLE4_ADV            |      4 |               Clock |
| GTYE4_COMMON         |      4 |            Advanced |
| MMCME4_ADV           |      3 |               Clock |
| HBM_SNGLBLI_INTF_APB |      2 |            Advanced |
| HBM_REF_CLK          |      2 |            Advanced |
| AND2B1L              |      2 |              Others |
| SYSMONE4             |      1 |            Advanced |
| STARTUPE3            |      1 |       Configuration |
| PCIE4CE4             |      1 |            Advanced |
| ICAPE3               |      1 |       Configuration |
| IBUFDS_GTE4          |      1 |                 I/O |
| DIFFINBUF            |      1 |                 I/O |
| BUFGCTRL             |      1 |               Clock |
| BSCANE2              |      1 |       Configuration |
+----------------------+--------+---------------------+


10. Black Boxes
---------------

+------------------------------------------------------------------------+------+
|                                Ref Name                                | Used |
+------------------------------------------------------------------------+------+
| bd_5dca_interconnect9_8_0_sc_node_v1_0_13_si_handler__parameterized3   |    1 |
| bd_5dca_interconnect9_8_0_sc_node_v1_0_13_si_handler__parameterized0   |    1 |
| bd_5dca_interconnect8_7_0_sc_node_v1_0_13_si_handler__parameterized3   |    1 |
| bd_5dca_interconnect8_7_0_sc_node_v1_0_13_si_handler__parameterized0   |    1 |
| bd_5dca_interconnect7_6_0_sc_node_v1_0_13_si_handler__parameterized3   |    1 |
| bd_5dca_interconnect7_6_0_sc_node_v1_0_13_si_handler__parameterized0   |    1 |
| bd_5dca_interconnect6_5_0_sc_node_v1_0_13_si_handler__parameterized3   |    1 |
| bd_5dca_interconnect6_5_0_sc_node_v1_0_13_si_handler__parameterized0   |    1 |
| bd_5dca_interconnect5_4_0_sc_node_v1_0_13_si_handler__parameterized3   |    1 |
| bd_5dca_interconnect5_4_0_sc_node_v1_0_13_si_handler__parameterized0   |    1 |
| bd_5dca_interconnect4_3_0_sc_node_v1_0_13_si_handler__parameterized3   |    1 |
| bd_5dca_interconnect4_3_0_sc_node_v1_0_13_si_handler__parameterized0   |    1 |
| bd_5dca_interconnect3_2_0_sc_node_v1_0_13_si_handler__parameterized3   |    1 |
| bd_5dca_interconnect3_2_0_sc_node_v1_0_13_si_handler__parameterized0   |    1 |
| bd_5dca_interconnect32_31_0_sc_node_v1_0_13_si_handler                 |    1 |
| bd_5dca_interconnect31_30_0_sc_node_v1_0_13_si_handler                 |    1 |
| bd_5dca_interconnect30_29_0_sc_node_v1_0_13_si_handler                 |    1 |
| bd_5dca_interconnect2_1_0_sc_node_v1_0_13_si_handler__parameterized3   |    1 |
| bd_5dca_interconnect2_1_0_sc_node_v1_0_13_si_handler__parameterized0   |    1 |
| bd_5dca_interconnect29_28_0_sc_node_v1_0_13_si_handler                 |    1 |
| bd_5dca_interconnect28_27_0_sc_node_v1_0_13_si_handler                 |    1 |
| bd_5dca_interconnect27_26_0_sc_node_v1_0_13_si_handler                 |    1 |
| bd_5dca_interconnect26_25_0_sc_node_v1_0_13_si_handler                 |    1 |
| bd_5dca_interconnect25_24_0_sc_node_v1_0_13_si_handler                 |    1 |
| bd_5dca_interconnect24_23_0_sc_node_v1_0_13_si_handler__parameterized3 |    1 |
| bd_5dca_interconnect24_23_0_sc_node_v1_0_13_si_handler__parameterized0 |    1 |
| bd_5dca_interconnect23_22_0_sc_node_v1_0_13_si_handler__parameterized3 |    1 |
| bd_5dca_interconnect23_22_0_sc_node_v1_0_13_si_handler__parameterized0 |    1 |
| bd_5dca_interconnect22_21_0_sc_node_v1_0_13_si_handler__parameterized3 |    1 |
| bd_5dca_interconnect22_21_0_sc_node_v1_0_13_si_handler__parameterized0 |    1 |
| bd_5dca_interconnect21_20_0_sc_node_v1_0_13_si_handler__parameterized3 |    1 |
| bd_5dca_interconnect21_20_0_sc_node_v1_0_13_si_handler__parameterized0 |    1 |
| bd_5dca_interconnect20_19_0_sc_node_v1_0_13_si_handler__parameterized3 |    1 |
| bd_5dca_interconnect20_19_0_sc_node_v1_0_13_si_handler__parameterized0 |    1 |
| bd_5dca_interconnect1_0_0_sc_node_v1_0_13_si_handler__parameterized3   |    1 |
| bd_5dca_interconnect1_0_0_sc_node_v1_0_13_si_handler__parameterized0   |    1 |
| bd_5dca_interconnect19_18_0_sc_node_v1_0_13_si_handler__parameterized3 |    1 |
| bd_5dca_interconnect19_18_0_sc_node_v1_0_13_si_handler__parameterized0 |    1 |
| bd_5dca_interconnect18_17_0_sc_node_v1_0_13_si_handler__parameterized3 |    1 |
| bd_5dca_interconnect18_17_0_sc_node_v1_0_13_si_handler__parameterized0 |    1 |
| bd_5dca_interconnect17_16_0_sc_node_v1_0_13_si_handler__parameterized3 |    1 |
| bd_5dca_interconnect17_16_0_sc_node_v1_0_13_si_handler__parameterized0 |    1 |
| bd_5dca_interconnect16_15_0_sc_node_v1_0_13_si_handler__parameterized3 |    1 |
| bd_5dca_interconnect16_15_0_sc_node_v1_0_13_si_handler__parameterized0 |    1 |
| bd_5dca_interconnect15_14_0_sc_node_v1_0_13_si_handler__parameterized3 |    1 |
| bd_5dca_interconnect15_14_0_sc_node_v1_0_13_si_handler__parameterized0 |    1 |
| bd_5dca_interconnect14_13_0_sc_node_v1_0_13_si_handler__parameterized3 |    1 |
| bd_5dca_interconnect14_13_0_sc_node_v1_0_13_si_handler__parameterized0 |    1 |
| bd_5dca_interconnect12_11_0_sc_node_v1_0_13_si_handler__parameterized3 |    1 |
| bd_5dca_interconnect12_11_0_sc_node_v1_0_13_si_handler__parameterized0 |    1 |
| bd_5dca_interconnect11_10_0_sc_node_v1_0_13_si_handler__parameterized3 |    1 |
| bd_5dca_interconnect11_10_0_sc_node_v1_0_13_si_handler__parameterized0 |    1 |
| bd_5dca_interconnect10_9_0_sc_node_v1_0_13_si_handler__parameterized3  |    1 |
| bd_5dca_interconnect10_9_0_sc_node_v1_0_13_si_handler__parameterized0  |    1 |
+------------------------------------------------------------------------+------+


11. Instantiated Netlists
-------------------------

+---------------------------------------------+------+
|                   Ref Name                  | Used |
+---------------------------------------------+------+
| xsdbm                                       |    1 |
| pfm_top_xmc_clk_ibuf_0                      |    1 |
| pfm_top_xbar_9                              |    1 |
| pfm_top_xbar_8                              |    1 |
| pfm_top_xbar_7                              |    1 |
| pfm_top_xbar_6                              |    1 |
| pfm_top_xbar_5                              |    1 |
| pfm_top_xbar_4                              |    1 |
| pfm_top_xbar_3                              |    1 |
| pfm_top_xbar_2                              |    1 |
| pfm_top_xbar_15                             |    1 |
| pfm_top_xbar_14                             |    1 |
| pfm_top_xbar_13                             |    1 |
| pfm_top_xbar_12                             |    1 |
| pfm_top_xbar_11                             |    1 |
| pfm_top_xbar_10                             |    1 |
| pfm_top_xbar_1                              |    1 |
| pfm_top_xbar_0                              |    1 |
| pfm_top_util_vector_logic_0_1               |    1 |
| pfm_top_util_vector_logic_0_0               |    1 |
| pfm_top_util_ds_buf_0_0                     |    1 |
| pfm_top_user_debug_hub_0                    |    1 |
| pfm_top_user_debug_bridge_0                 |    1 |
| pfm_top_sys_mgmt_wiz_0                      |    1 |
| pfm_top_scratchpad_ram_ctrl_0               |    1 |
| pfm_top_scratchpad_ram_0                    |    1 |
| pfm_top_scheduler_bram_ctrl_0               |    1 |
| pfm_top_s01_regslice_8                      |    1 |
| pfm_top_s01_regslice_7                      |    1 |
| pfm_top_s01_regslice_6                      |    1 |
| pfm_top_s00_regslice_20                     |    1 |
| pfm_top_s00_regslice_19                     |    1 |
| pfm_top_s00_regslice_18                     |    1 |
| pfm_top_s00_regslice_17                     |    1 |
| pfm_top_s00_regslice_16                     |    1 |
| pfm_top_s00_regslice_15                     |    1 |
| pfm_top_s00_regslice_14                     |    1 |
| pfm_top_reset_wdt_0                         |    1 |
| pfm_top_regslice_freq_cntr_1_0              |    1 |
| pfm_top_regslice_freq_cntr_0_0              |    1 |
| pfm_top_regslice_data_0                     |    1 |
| pfm_top_regslice_control_userpf_0           |    1 |
| pfm_top_regslice_control_mgntpf_0           |    1 |
| pfm_top_regslice_control_hbm_mgntpf_0       |    1 |
| pfm_top_register_map_ctrl_0                 |    1 |
| pfm_top_register_map_bram_0                 |    1 |
| pfm_top_psreset_scheduler_0                 |    1 |
| pfm_top_psreset_regslice_data_pr_0          |    1 |
| pfm_top_psreset_regslice_ctrl_pr_0          |    1 |
| pfm_top_psreset_ctrlclk_0                   |    1 |
| pfm_top_psreset_board_control_0             |    1 |
| pfm_top_psreset_axi_0                       |    1 |
| pfm_top_proc_sys_reset_0_0                  |    1 |
| pfm_top_pr_decoupler_3_0                    |    1 |
| pfm_top_pr_decoupler_2_0                    |    1 |
| pfm_top_pr_decoupler_1_0                    |    1 |
| pfm_top_pr_decoupler_0_0                    |    1 |
| pfm_top_pf_demux_0_0                        |    1 |
| pfm_top_pcie_0                              |    1 |
| pfm_top_msp432_bsl_crc_gen_0_0              |    1 |
| pfm_top_microblaze_scheduler_0              |    1 |
| pfm_top_microblaze_board_control_0          |    1 |
| pfm_top_mgmt_debug_hub_0                    |    1 |
| pfm_top_mgmt_debug_bridge_0                 |    1 |
| pfm_top_mdm_board_control_0                 |    1 |
| pfm_top_mb_bram_ctrl_0                      |    1 |
| pfm_top_mailbox_0_0                         |    1 |
| pfm_top_m05_regslice_0                      |    1 |
| pfm_top_m04_regslice_0                      |    1 |
| pfm_top_m03_regslice_0                      |    1 |
| pfm_top_m02_regslice_0                      |    1 |
| pfm_top_m00_regslice_0                      |    1 |
| pfm_top_logic_pll_lock_0                    |    1 |
| pfm_top_logic_hbm_init_op_0                 |    1 |
| pfm_top_lmb_bram_if_cntlr_1                 |    1 |
| pfm_top_lmb_bram_if_cntlr_0                 |    1 |
| pfm_top_lmb_bram_1                          |    1 |
| pfm_top_lmb_bram_0                          |    1 |
| pfm_top_jtag_fallback_0                     |    1 |
| pfm_top_irq_or_gate_userfirewall_0          |    1 |
| pfm_top_irq_or_gate_userdebug_firewall_0    |    1 |
| pfm_top_irq_or_gate_mgmtfirewall_0          |    1 |
| pfm_top_irq_or_gate_maxifirewall_0          |    1 |
| pfm_top_iob_static_0                        |    1 |
| pfm_top_invert_rst_0                        |    1 |
| pfm_top_invert_nearly_full_0                |    1 |
| pfm_top_invert_nearly_empty_0               |    1 |
| pfm_top_ilmb_v10_1                          |    1 |
| pfm_top_ilmb_v10_0                          |    1 |
| pfm_top_hbm_and_sdx_init_status_0           |    1 |
| pfm_top_gate_pr_inv_0                       |    1 |
| pfm_top_gate_pr_0                           |    1 |
| pfm_top_flash_programmer_0                  |    1 |
| pfm_top_fifo_generator_0_0                  |    1 |
| pfm_top_feature_rom_mmu_0                   |    1 |
| pfm_top_feature_rom_ctrl_0                  |    1 |
| pfm_top_feature_rom_0                       |    1 |
| pfm_top_embedded_scheduler_hw_0_0           |    1 |
| pfm_top_dma_pcie_0                          |    1 |
| pfm_top_dlmb_v10_1                          |    1 |
| pfm_top_dlmb_v10_0                          |    1 |
| pfm_top_cuisr_0_0                           |    1 |
| pfm_top_cq_bram_ctlr_0                      |    1 |
| pfm_top_clkwiz_sysclks_0                    |    1 |
| pfm_top_clkwiz_scheduler_0                  |    1 |
| pfm_top_clkwiz_pcie_0                       |    1 |
| pfm_top_clkwiz_kernel_0                     |    1 |
| pfm_top_clkwiz_kernel2_0                    |    1 |
| pfm_top_clkwiz_hbm_aclk_0                   |    1 |
| pfm_top_clk_wiz_0_0                         |    1 |
| pfm_top_buf_refclk_ibuf_0                   |    1 |
| pfm_top_board_i2c_ctrl_0                    |    1 |
| pfm_top_axis_register_slice_rq_0            |    1 |
| pfm_top_axis_register_slice_rc_0            |    1 |
| pfm_top_axis_register_slice_cq_0            |    1 |
| pfm_top_axis_register_slice_cc_0            |    1 |
| pfm_top_axi_vip_data_0                      |    1 |
| pfm_top_axi_vip_ctrl_userpf_0               |    1 |
| pfm_top_axi_vip_ctrl_mgntpf_0               |    1 |
| pfm_top_axi_uartlite_usb_0                  |    1 |
| pfm_top_axi_uartlite_0_0                    |    1 |
| pfm_top_axi_timebase_wdt_0                  |    1 |
| pfm_top_axi_register_slice_0_0              |    1 |
| pfm_top_axi_protocol_converter_0_0          |    1 |
| pfm_top_axi_mb_interrupts_0                 |    1 |
| pfm_top_axi_intc_0_1                        |    1 |
| pfm_top_axi_intc_0_0                        |    1 |
| pfm_top_axi_hwicap_0                        |    1 |
| pfm_top_axi_gpio_wdt_0                      |    1 |
| pfm_top_axi_gpio_qsfp_0                     |    1 |
| pfm_top_axi_gpio_mb_ctrl_0                  |    1 |
| pfm_top_axi_gpio_hbm_temp_0                 |    1 |
| pfm_top_axi_gpio_axi_rstn_0                 |    1 |
| pfm_top_axi_firewall_data_0                 |    1 |
| pfm_top_axi_firewall_ctrl_user_debug_0      |    1 |
| pfm_top_axi_firewall_ctrl_user_0            |    1 |
| pfm_top_axi_firewall_ctrl_0                 |    1 |
| pfm_top_axi_bypass_addr_0_0                 |    1 |
| pfm_top_axi_bram_ctrl_0_bram_0              |    1 |
| pfm_top_axi_bmc_gpio_0                      |    1 |
| pfm_top_auto_pc_9                           |    1 |
| pfm_top_auto_pc_8                           |    1 |
| pfm_top_auto_pc_7                           |    1 |
| pfm_top_auto_pc_6                           |    1 |
| pfm_top_auto_pc_5                           |    1 |
| pfm_top_auto_pc_4                           |    1 |
| pfm_top_auto_pc_3                           |    1 |
| pfm_top_auto_pc_2                           |    1 |
| pfm_top_auto_pc_12                          |    1 |
| pfm_top_auto_pc_11                          |    1 |
| pfm_top_auto_pc_10                          |    1 |
| pfm_top_auto_pc_1                           |    1 |
| pfm_top_auto_pc_0                           |    1 |
| pfm_top_auto_cc_9                           |    1 |
| pfm_top_auto_cc_8                           |    1 |
| pfm_top_auto_cc_7                           |    1 |
| pfm_top_auto_cc_6                           |    1 |
| pfm_top_auto_cc_5                           |    1 |
| pfm_top_auto_cc_4                           |    1 |
| pfm_top_auto_cc_3                           |    1 |
| pfm_top_auto_cc_24                          |    1 |
| pfm_top_auto_cc_23                          |    1 |
| pfm_top_auto_cc_22                          |    1 |
| pfm_top_auto_cc_21                          |    1 |
| pfm_top_auto_cc_20                          |    1 |
| pfm_top_auto_cc_2                           |    1 |
| pfm_top_auto_cc_19                          |    1 |
| pfm_top_auto_cc_18                          |    1 |
| pfm_top_auto_cc_17                          |    1 |
| pfm_top_auto_cc_16                          |    1 |
| pfm_top_auto_cc_15                          |    1 |
| pfm_top_auto_cc_14                          |    1 |
| pfm_top_auto_cc_13                          |    1 |
| pfm_top_auto_cc_12                          |    1 |
| pfm_top_auto_cc_11                          |    1 |
| pfm_top_auto_cc_10                          |    1 |
| pfm_top_auto_cc_1                           |    1 |
| pfm_top_auto_cc_0                           |    1 |
| pfm_top_Monitor_AXI_Master_p2p_0            |    1 |
| pfm_top_Monitor_AXI_Master_dma_pcie_0       |    1 |
| pfm_top_CuDmaController_0_0                 |    1 |
| pfm_dynamic_xbar_4                          |    1 |
| pfm_dynamic_xbar_2                          |    1 |
| pfm_dynamic_util_and2_slr1_0                |    1 |
| pfm_dynamic_util_and2_slr0_0                |    1 |
| pfm_dynamic_util_and2_hbm_ctrl_reset_0      |    1 |
| pfm_dynamic_util_and2_hbm_0                 |    1 |
| pfm_dynamic_tier2_xbar_4_0                  |    1 |
| pfm_dynamic_tier2_xbar_3_0                  |    1 |
| pfm_dynamic_tier2_xbar_2_0                  |    1 |
| pfm_dynamic_tier2_xbar_1_0                  |    1 |
| pfm_dynamic_tier2_xbar_0_0                  |    1 |
| pfm_dynamic_s2mm_c7_0                       |    1 |
| pfm_dynamic_s2mm_c6_0                       |    1 |
| pfm_dynamic_s2mm_c5_0                       |    1 |
| pfm_dynamic_s2mm_c4_0                       |    1 |
| pfm_dynamic_s2mm_c3_0                       |    1 |
| pfm_dynamic_s2mm_c2_0                       |    1 |
| pfm_dynamic_s2mm_c1_0                       |    1 |
| pfm_dynamic_s2mm_c0_0                       |    1 |
| pfm_dynamic_s00_regslice_17                 |    1 |
| pfm_dynamic_s00_regslice_16                 |    1 |
| pfm_dynamic_s00_regslice_15                 |    1 |
| pfm_dynamic_regslice_pipe_ctrl_hbm_mgntpf_0 |    1 |
| pfm_dynamic_psreset_gate_pr_kernel_1        |    1 |
| pfm_dynamic_psreset_gate_pr_kernel_0        |    1 |
| pfm_dynamic_psreset_gate_pr_dataclk_0       |    1 |
| pfm_dynamic_psreset_gate_pr_data_1          |    1 |
| pfm_dynamic_psreset_gate_pr_control_2       |    1 |
| pfm_dynamic_psreset_gate_pr_control_1       |    1 |
| pfm_dynamic_psreset_gate_pr_control_0       |    1 |
| pfm_dynamic_mm2s_w9_0                       |    1 |
| pfm_dynamic_mm2s_w8_0                       |    1 |
| pfm_dynamic_mm2s_w7_0                       |    1 |
| pfm_dynamic_mm2s_w6_0                       |    1 |
| pfm_dynamic_mm2s_w5_0                       |    1 |
| pfm_dynamic_mm2s_w4_0                       |    1 |
| pfm_dynamic_mm2s_w3_0                       |    1 |
| pfm_dynamic_mm2s_w2_0                       |    1 |
| pfm_dynamic_mm2s_w1_0                       |    1 |
| pfm_dynamic_mm2s_w15_0                      |    1 |
| pfm_dynamic_mm2s_w14_0                      |    1 |
| pfm_dynamic_mm2s_w13_0                      |    1 |
| pfm_dynamic_mm2s_w12_0                      |    1 |
| pfm_dynamic_mm2s_w11_0                      |    1 |
| pfm_dynamic_mm2s_w10_0                      |    1 |
| pfm_dynamic_mm2s_w0_0                       |    1 |
| pfm_dynamic_mm2s_i5_0                       |    1 |
| pfm_dynamic_mm2s_i4_0                       |    1 |
| pfm_dynamic_mm2s_i3_0                       |    1 |
| pfm_dynamic_mm2s_i2_0                       |    1 |
| pfm_dynamic_mm2s_i1_0                       |    1 |
| pfm_dynamic_mm2s_i0_0                       |    1 |
| pfm_dynamic_mm2s_a1_0                       |    1 |
| pfm_dynamic_mm2s_a0_0                       |    1 |
| pfm_dynamic_m32_regslice_0                  |    1 |
| pfm_dynamic_m31_regslice_0                  |    1 |
| pfm_dynamic_m30_regslice_0                  |    1 |
| pfm_dynamic_m29_regslice_0                  |    1 |
| pfm_dynamic_m28_regslice_0                  |    1 |
| pfm_dynamic_m27_regslice_0                  |    1 |
| pfm_dynamic_m26_regslice_0                  |    1 |
| pfm_dynamic_m25_regslice_0                  |    1 |
| pfm_dynamic_m24_regslice_0                  |    1 |
| pfm_dynamic_m23_regslice_0                  |    1 |
| pfm_dynamic_m22_regslice_0                  |    1 |
| pfm_dynamic_m21_regslice_0                  |    1 |
| pfm_dynamic_m20_regslice_0                  |    1 |
| pfm_dynamic_m19_regslice_0                  |    1 |
| pfm_dynamic_m18_regslice_0                  |    1 |
| pfm_dynamic_m17_regslice_0                  |    1 |
| pfm_dynamic_m16_regslice_0                  |    1 |
| pfm_dynamic_m15_regslice_0                  |    1 |
| pfm_dynamic_m14_regslice_0                  |    1 |
| pfm_dynamic_m13_regslice_0                  |    1 |
| pfm_dynamic_m12_regslice_0                  |    1 |
| pfm_dynamic_m11_regslice_0                  |    1 |
| pfm_dynamic_m10_regslice_0                  |    1 |
| pfm_dynamic_m09_regslice_0                  |    1 |
| pfm_dynamic_m08_regslice_0                  |    1 |
| pfm_dynamic_m07_regslice_0                  |    1 |
| pfm_dynamic_m06_regslice_0                  |    1 |
| pfm_dynamic_m05_regslice_0                  |    1 |
| pfm_dynamic_m04_regslice_0                  |    1 |
| pfm_dynamic_m03_regslice_0                  |    1 |
| pfm_dynamic_m02_regslice_4                  |    1 |
| pfm_dynamic_m02_regslice_3                  |    1 |
| pfm_dynamic_m01_regslice_11                 |    1 |
| pfm_dynamic_m01_regslice_10                 |    1 |
| pfm_dynamic_m00_regslice_4                  |    1 |
| pfm_dynamic_m00_regslice_3                  |    1 |
| pfm_dynamic_hmss_0_0                        |    1 |
| pfm_dynamic_gemv_0                          |    1 |
| pfm_dynamic_freq_counter_1_0                |    1 |
| pfm_dynamic_freq_counter_0_0                |    1 |
| pfm_dynamic_debug_bridge_xsdbm_0            |    1 |
| pfm_dynamic_axilite_user_input_reg_0        |    1 |
| pfm_dynamic_axi_vip_data_0                  |    1 |
| pfm_dynamic_axi_vip_ctrl_userpf_0           |    1 |
| pfm_dynamic_axi_vip_ctrl_mgntpf_0           |    1 |
| pfm_dynamic_axi_vip_ctrl_hbm_mgntpf_0       |    1 |
| pfm_dynamic_axi_gpio_null_slr2_0            |    1 |
| pfm_dynamic_axi_gpio_null_slr1_0            |    1 |
| pfm_dynamic_axi_gpio_null_slr0_0            |    1 |
| pfm_dynamic_auto_cc_9                       |    1 |
| pfm_dynamic_auto_cc_8                       |    1 |
| pfm_dynamic_auto_cc_7                       |    1 |
| pfm_dynamic_auto_cc_6                       |    1 |
| pfm_dynamic_auto_cc_5                       |    1 |
| pfm_dynamic_auto_cc_4                       |    1 |
| pfm_dynamic_auto_cc_31                      |    1 |
| pfm_dynamic_auto_cc_30                      |    1 |
| pfm_dynamic_auto_cc_3                       |    1 |
| pfm_dynamic_auto_cc_29                      |    1 |
| pfm_dynamic_auto_cc_28                      |    1 |
| pfm_dynamic_auto_cc_27                      |    1 |
| pfm_dynamic_auto_cc_26                      |    1 |
| pfm_dynamic_auto_cc_25                      |    1 |
| pfm_dynamic_auto_cc_24                      |    1 |
| pfm_dynamic_auto_cc_23                      |    1 |
| pfm_dynamic_auto_cc_22                      |    1 |
| pfm_dynamic_auto_cc_21                      |    1 |
| pfm_dynamic_auto_cc_20                      |    1 |
| pfm_dynamic_auto_cc_2                       |    1 |
| pfm_dynamic_auto_cc_19                      |    1 |
| pfm_dynamic_auto_cc_18                      |    1 |
| pfm_dynamic_auto_cc_17                      |    1 |
| pfm_dynamic_auto_cc_16                      |    1 |
| pfm_dynamic_auto_cc_15                      |    1 |
| pfm_dynamic_auto_cc_14                      |    1 |
| pfm_dynamic_auto_cc_13                      |    1 |
| pfm_dynamic_auto_cc_12                      |    1 |
| pfm_dynamic_auto_cc_11                      |    1 |
| pfm_dynamic_auto_cc_10                      |    1 |
| pfm_dynamic_auto_cc_1                       |    1 |
| pfm_dynamic_auto_cc_0                       |    1 |
| pfm_dynamic                                 |    1 |
| bd_ebbe_xsdbm_0                             |    1 |
| bd_ebbe_lut_buffer_0                        |    1 |
| bd_5dca_vip_S32_0                           |    1 |
| bd_5dca_vip_S31_0                           |    1 |
| bd_5dca_vip_S30_0                           |    1 |
| bd_5dca_vip_S29_0                           |    1 |
| bd_5dca_vip_S28_0                           |    1 |
| bd_5dca_vip_S27_0                           |    1 |
| bd_5dca_vip_S26_0                           |    1 |
| bd_5dca_vip_S25_0                           |    1 |
| bd_5dca_vip_S24_0                           |    1 |
| bd_5dca_vip_S23_0                           |    1 |
| bd_5dca_vip_S22_0                           |    1 |
| bd_5dca_vip_S21_0                           |    1 |
| bd_5dca_vip_S20_0                           |    1 |
| bd_5dca_vip_S19_0                           |    1 |
| bd_5dca_vip_S18_0                           |    1 |
| bd_5dca_vip_S17_0                           |    1 |
| bd_5dca_vip_S16_0                           |    1 |
| bd_5dca_vip_S15_0                           |    1 |
| bd_5dca_vip_S14_0                           |    1 |
| bd_5dca_vip_S12_0                           |    1 |
| bd_5dca_vip_S11_0                           |    1 |
| bd_5dca_vip_S10_0                           |    1 |
| bd_5dca_vip_S09_0                           |    1 |
| bd_5dca_vip_S08_0                           |    1 |
| bd_5dca_vip_S07_0                           |    1 |
| bd_5dca_vip_S06_0                           |    1 |
| bd_5dca_vip_S05_0                           |    1 |
| bd_5dca_vip_S04_0                           |    1 |
| bd_5dca_vip_S03_0                           |    1 |
| bd_5dca_vip_S02_0                           |    1 |
| bd_5dca_vip_S01_0                           |    1 |
| bd_5dca_util_vector_logic_0                 |    1 |
| bd_5dca_switch_2to1_12_0                    |    1 |
| bd_5dca_slice9_8_0                          |    1 |
| bd_5dca_slice8_7_0                          |    1 |
| bd_5dca_slice7_6_0                          |    1 |
| bd_5dca_slice6_5_0                          |    1 |
| bd_5dca_slice5_4_0                          |    1 |
| bd_5dca_slice4_3_0                          |    1 |
| bd_5dca_slice3_2_0                          |    1 |
| bd_5dca_slice32_31_0                        |    1 |
| bd_5dca_slice31_30_0                        |    1 |
| bd_5dca_slice30_29_0                        |    1 |
| bd_5dca_slice2_1_0                          |    1 |
| bd_5dca_slice29_28_0                        |    1 |
| bd_5dca_slice28_27_0                        |    1 |
| bd_5dca_slice27_26_0                        |    1 |
| bd_5dca_slice26_25_0                        |    1 |
| bd_5dca_slice25_24_0                        |    1 |
| bd_5dca_slice24_23_0                        |    1 |
| bd_5dca_slice23_22_0                        |    1 |
| bd_5dca_slice22_21_0                        |    1 |
| bd_5dca_slice21_20_0                        |    1 |
| bd_5dca_slice20_19_0                        |    1 |
| bd_5dca_slice1_0_0                          |    1 |
| bd_5dca_slice19_18_0                        |    1 |
| bd_5dca_slice18_17_0                        |    1 |
| bd_5dca_slice17_16_0                        |    1 |
| bd_5dca_slice16_15_0                        |    1 |
| bd_5dca_slice15_14_0                        |    1 |
| bd_5dca_slice14_13_0                        |    1 |
| bd_5dca_slice13_12_0                        |    1 |
| bd_5dca_slice12_11_0                        |    1 |
| bd_5dca_slice11_10_0                        |    1 |
| bd_5dca_slice10_9_0                         |    1 |
| bd_5dca_slice0_12_0                         |    1 |
| bd_5dca_interconnect9_8_0                   |    1 |
| bd_5dca_interconnect8_7_0                   |    1 |
| bd_5dca_interconnect7_6_0                   |    1 |
| bd_5dca_interconnect6_5_0                   |    1 |
| bd_5dca_interconnect5_4_0                   |    1 |
| bd_5dca_interconnect4_3_0                   |    1 |
| bd_5dca_interconnect3_2_0                   |    1 |
| bd_5dca_interconnect32_31_0                 |    1 |
| bd_5dca_interconnect31_30_0                 |    1 |
| bd_5dca_interconnect30_29_0                 |    1 |
| bd_5dca_interconnect2_1_0                   |    1 |
| bd_5dca_interconnect29_28_0                 |    1 |
| bd_5dca_interconnect28_27_0                 |    1 |
| bd_5dca_interconnect27_26_0                 |    1 |
| bd_5dca_interconnect26_25_0                 |    1 |
| bd_5dca_interconnect25_24_0                 |    1 |
| bd_5dca_interconnect24_23_0                 |    1 |
| bd_5dca_interconnect23_22_0                 |    1 |
| bd_5dca_interconnect22_21_0                 |    1 |
| bd_5dca_interconnect21_20_0                 |    1 |
| bd_5dca_interconnect20_19_0                 |    1 |
| bd_5dca_interconnect1_0_0                   |    1 |
| bd_5dca_interconnect19_18_0                 |    1 |
| bd_5dca_interconnect18_17_0                 |    1 |
| bd_5dca_interconnect17_16_0                 |    1 |
| bd_5dca_interconnect16_15_0                 |    1 |
| bd_5dca_interconnect15_14_0                 |    1 |
| bd_5dca_interconnect14_13_0                 |    1 |
| bd_5dca_interconnect12_11_0                 |    1 |
| bd_5dca_interconnect11_10_0                 |    1 |
| bd_5dca_interconnect10_9_0                  |    1 |
| bd_5dca_init_reduce_0                       |    1 |
| bd_5dca_hbm_reset_sync_SLR0_0               |    1 |
| bd_5dca_hbm_inst_0                          |    1 |
| bd_5dca_axi_apb_bridge_inst_0               |    1 |
| bd_4042_bs_switch_0                         |    1 |
| bd_3566_bsip_0                              |    1 |
| bd_3566_bs_switch_1_0                       |    1 |
| bd_3566_axi_jtag_0                          |    1 |
| bd_2e71_xsdbm_0                             |    1 |
| bd_2e71_lut_buffer_0                        |    1 |
| bd_2e71_bs_switch_0                         |    1 |
| bd_256f_lut_buffer_0                        |    1 |
| bd_256f_bs_switch_0                         |    1 |
| bd_0301_bsip_0                              |    1 |
| bd_0301_bs_switch_2                         |    1 |
| bd_0301_bs_switch_1_0                       |    1 |
| bd_0301_bs_mux_0                            |    1 |
| bd_0301_axi_jtag_0                          |    1 |
+---------------------------------------------+------+


12. SLR Connectivity
--------------------

+----------------------------------+-------+-------+-----------+-------+
|                                  |  Used | Fixed | Available | Util% |
+----------------------------------+-------+-------+-----------+-------+
| SLR2 <-> SLR1                    |  4568 |       |     23040 | 19.83 |
|   SLR1 -> SLR2                   |  2386 |       |           | 10.36 |
|     Using TX_REG only            |     1 |     1 |           |       |
|     Using RX_REG only            |    18 |    18 |           |       |
|     Using Both TX_REG and RX_REG |   529 |     1 |           |       |
|   SLR2 -> SLR1                   |  2182 |       |           |  9.47 |
|     Using TX_REG only            |     0 |     0 |           |       |
|     Using RX_REG only            |     4 |     4 |           |       |
|     Using Both TX_REG and RX_REG |   681 |     0 |           |       |
| SLR1 <-> SLR0                    | 11225 |       |     23040 | 48.72 |
|   SLR0 -> SLR1                   |  7443 |       |           | 32.30 |
|     Using TX_REG only            |    71 |    71 |           |       |
|     Using RX_REG only            |    61 |    61 |           |       |
|     Using Both TX_REG and RX_REG |   583 |    55 |           |       |
|   SLR1 -> SLR0                   |  3782 |       |           | 16.41 |
|     Using TX_REG only            |    62 |    62 |           |       |
|     Using RX_REG only            |    72 |    71 |           |       |
|     Using Both TX_REG and RX_REG |   741 |    60 |           |       |
+----------------------------------+-------+-------+-----------+-------+
| Total SLLs Used                  | 15793 |       |           |       |
+----------------------------------+-------+-------+-----------+-------+


13. SLR Connectivity Matrix
---------------------------

+-----------+------+------+------+
| FROM \ TO | SLR2 | SLR1 | SLR0 |
+-----------+------+------+------+
| SLR2      |    0 | 2158 |   24 |
| SLR1      | 2223 |    0 | 3758 |
| SLR0      |  163 | 7280 |    0 |
+-----------+------+------+------+


14. SLR CLB Logic and Dedicated Block Utilization
-------------------------------------------------

+----------------------------+--------+--------+-------+--------+--------+--------+
|          Site Type         |  SLR0  |  SLR1  |  SLR2 | SLR0 % | SLR1 % | SLR2 % |
+----------------------------+--------+--------+-------+--------+--------+--------+
| CLB                        |  32664 |  32839 |  8531 |  59.43 |  60.81 |  15.80 |
|   CLBL                     |  16758 |  17361 |  4441 |  57.23 |  59.29 |  15.17 |
|   CLBM                     |  15906 |  15478 |  4090 |  61.94 |  62.61 |  16.55 |
| CLB LUTs                   | 119628 | 173294 | 33830 |  27.21 |  40.11 |   7.83 |
|   LUT as Logic             |  88774 | 157803 | 31014 |  20.19 |  36.53 |   7.18 |
|     using O5 output only   |   2854 |   2492 |   934 |   0.65 |   0.58 |   0.22 |
|     using O6 output only   |  51025 | 117161 | 18908 |  11.61 |  27.12 |   4.38 |
|     using O5 and O6        |  34895 |  38150 | 11172 |   7.94 |   8.83 |   2.59 |
|   LUT as Memory            |  30854 |  15491 |  2816 |  15.02 |   7.83 |   1.42 |
|     LUT as Distributed RAM |  14196 |   3837 |   936 |   6.91 |   1.94 |   0.47 |
|       using O5 output only |      0 |      0 |     0 |   0.00 |   0.00 |   0.00 |
|       using O6 output only |     84 |    215 |    80 |   0.04 |   0.11 |   0.04 |
|       using O5 and O6      |  14112 |   3622 |   856 |   6.87 |   1.83 |   0.43 |
|     LUT as Shift Register  |  16658 |  11654 |  1880 |   8.11 |   5.89 |   0.95 |
|       using O5 output only |      0 |      0 |     0 |   0.00 |   0.00 |   0.00 |
|       using O6 output only |  15792 |   9606 |  1750 |   7.69 |   4.86 |   0.88 |
|       using O5 and O6      |    866 |   2048 |   130 |   0.42 |   1.04 |   0.07 |
| CLB Registers              | 233212 | 216173 | 60564 |  26.52 |  25.02 |   7.01 |
| CARRY8                     |   2136 |   6241 |   299 |   3.89 |  11.56 |   0.55 |
| F7 Muxes                   |   5994 |  17035 |  1316 |   2.73 |   7.89 |   0.61 |
| F8 Muxes                   |     16 |    141 |    47 |   0.01 |   0.13 |   0.04 |
| F9 Muxes                   |      0 |      0 |     0 |   0.00 |   0.00 |   0.00 |
| Block RAM Tile             |  495.5 |  213.5 |    94 |  73.74 |  31.77 |  13.99 |
|   RAMB36/FIFO              |    482 |    213 |    92 |  71.73 |  31.70 |  13.69 |
|     RAMB36E2 only          |    482 |    205 |    92 |  71.73 |  30.51 |  13.69 |
|   RAMB18                   |     27 |      1 |     4 |   2.01 |   0.07 |   0.30 |
|     RAMB18E2 only          |     27 |      1 |     4 |   2.01 |   0.07 |   0.30 |
| URAM                       |      0 |      0 |     0 |   0.00 |   0.00 |   0.00 |
| DSPs                       |      0 |   1024 |     4 |   0.00 |  33.33 |   0.13 |
| PLL                        |      0 |      0 |     0 |   0.00 |   0.00 |   0.00 |
| MMCM                       |      0 |      0 |     0 |   0.00 |   0.00 |   0.00 |
| Unique Control Sets        |   6692 |   6365 |  2614 |   6.09 |   5.89 |   2.42 |
+----------------------------+--------+--------+-------+--------+--------+--------+
* Note: Available Control Sets based on CLB Registers / 8


15. SLR IO Utilization
----------------------

+-----------+-----------+---------+------------+----------+------------+----------+-----+
| SLR Index | Used IOBs | (%)IOBs | Used IPADs | (%)IPADs | Used OPADs | (%)OPADs | GTs |
+-----------+-----------+---------+------------+----------+------------+----------+-----+
| SLR2      |        18 |    8.65 |          0 |     0.00 |          0 |     0.00 |   0 |
| SLR1      |         0 |    0.00 |          0 |     0.00 |          0 |     0.00 |   0 |
| SLR0      |         1 |    0.48 |          0 |     0.00 |          0 |     0.00 |  16 |
+-----------+-----------+---------+------------+----------+------------+----------+-----+
| Total     |        19 |         |          0 |          |          0 |          |  16 |
+-----------+-----------+---------+------------+----------+------------+----------+-----+


