Copyright 1986-2021 Xilinx, Inc. All Rights Reserved.
--------------------------------------------------------------------------------------------
| Tool Version : Vivado v.2021.1_AR76780 (lin64) Build 3247384 Thu Jun 10 19:36:07 MDT 2021
| Date         : Mon Aug 31 13:44:49 2026
| Host         : coroni running 64-bit Ubuntu 18.04.6 LTS
| Command      : report_utilization -slr -file slr_util_placed.rpt -pb slr_util_placed.pb
| Design       : pfm_top_wrapper
| Device       : xcu280fsvh2892-2L
| Design State : Fully Placed
--------------------------------------------------------------------------------------------

Utilization Design Information

Table of Contents
-----------------
1. SLR Connectivity
2. SLR Connectivity Matrix
3. SLR CLB Logic and Dedicated Block Utilization
4. SLR IO Utilization

1. SLR Connectivity
-------------------

+----------------------------------+-------+-------+-----------+-------+
|                                  |  Used | Fixed | Available | Util% |
+----------------------------------+-------+-------+-----------+-------+
| SLR2 <-> SLR1                    |  3985 |       |     23040 | 17.30 |
|   SLR1 -> SLR2                   |  2110 |       |           |  9.16 |
|     Using TX_REG only            |     1 |     1 |           |       |
|     Using RX_REG only            |    18 |    18 |           |       |
|     Using Both TX_REG and RX_REG |   267 |     1 |           |       |
|   SLR2 -> SLR1                   |  1875 |       |           |  8.14 |
|     Using TX_REG only            |     0 |     0 |           |       |
|     Using RX_REG only            |     4 |     4 |           |       |
|     Using Both TX_REG and RX_REG |   407 |     0 |           |       |
| SLR1 <-> SLR0                    |  6846 |       |     23040 | 29.71 |
|   SLR0 -> SLR1                   |  4409 |       |           | 19.14 |
|     Using TX_REG only            |    71 |    71 |           |       |
|     Using RX_REG only            |    61 |    61 |           |       |
|     Using Both TX_REG and RX_REG |   355 |    55 |           |       |
|   SLR1 -> SLR0                   |  2437 |       |           | 10.58 |
|     Using TX_REG only            |    62 |    62 |           |       |
|     Using RX_REG only            |    72 |    71 |           |       |
|     Using Both TX_REG and RX_REG |   435 |    60 |           |       |
+----------------------------------+-------+-------+-----------+-------+
| Total SLLs Used                  | 10831 |       |           |       |
+----------------------------------+-------+-------+-----------+-------+


2. SLR Connectivity Matrix
--------------------------

+-----------+------+------+------+
| FROM \ TO | SLR2 | SLR1 | SLR0 |
+-----------+------+------+------+
| SLR2      |    0 | 1851 |   24 |
| SLR1      | 1960 |    0 | 2413 |
| SLR0      |  150 | 4259 |    0 |
+-----------+------+------+------+


3. SLR CLB Logic and Dedicated Block Utilization
------------------------------------------------

+----------------------------+--------+--------+-------+--------+--------+--------+
|          Site Type         |  SLR0  |  SLR1  |  SLR2 | SLR0 % | SLR1 % | SLR2 % |
+----------------------------+--------+--------+-------+--------+--------+--------+
| CLB                        |  19254 |  20726 |  8372 |  35.03 |  38.38 |  15.50 |
|   CLBL                     |   9901 |  10820 |  4428 |  33.81 |  36.95 |  15.12 |
|   CLBM                     |   9353 |   9906 |  3944 |  36.42 |  40.07 |  15.95 |
| CLB LUTs                   |  69400 | 113940 | 35362 |  15.78 |  26.38 |   8.19 |
|   LUT as Logic             |  53487 | 104211 | 32322 |  12.16 |  24.12 |   7.48 |
|     using O5 output only   |   1687 |   1429 |  1004 |   0.38 |   0.33 |   0.23 |
|     using O6 output only   |  33247 |  78939 | 19507 |   7.56 |  18.27 |   4.52 |
|     using O5 and O6        |  18553 |  23843 | 11811 |   4.22 |   5.52 |   2.73 |
|   LUT as Memory            |  15913 |   9729 |  3040 |   7.75 |   4.92 |   1.54 |
|     LUT as Distributed RAM |   6784 |   3837 |  1660 |   3.30 |   1.94 |   0.84 |
|       using O5 output only |      0 |      0 |     0 |   0.00 |   0.00 |   0.00 |
|       using O6 output only |     80 |    215 |    84 |   0.04 |   0.11 |   0.04 |
|       using O5 and O6      |   6704 |   3622 |  1576 |   3.26 |   1.83 |   0.80 |
|     LUT as Shift Register  |   9129 |   5892 |  1380 |   4.44 |   2.98 |   0.70 |
|       using O5 output only |      0 |      0 |     0 |   0.00 |   0.00 |   0.00 |
|       using O6 output only |   8263 |   4866 |  1250 |   4.02 |   2.46 |   0.63 |
|       using O5 and O6      |    866 |   1026 |   130 |   0.42 |   0.52 |   0.07 |
| CLB Registers              | 133849 | 133678 | 60953 |  15.22 |  15.47 |   7.05 |
| CARRY8                     |   1311 |   3357 |   313 |   2.39 |   6.22 |   0.58 |
| F7 Muxes                   |   3143 |   8843 |  1054 |   1.43 |   4.09 |   0.49 |
| F8 Muxes                   |     16 |    141 |    47 |   0.01 |   0.13 |   0.04 |
| F9 Muxes                   |      0 |      0 |     0 |   0.00 |   0.00 |   0.00 |
| Block RAM Tile             |    276 |  154.5 |    94 |  41.07 |  22.99 |  13.99 |
|   RAMB36/FIFO              |    268 |    154 |    92 |  39.88 |  22.92 |  13.69 |
|     RAMB36E2 only          |    268 |    146 |    92 |  39.88 |  21.73 |  13.69 |
|   RAMB18                   |     16 |      1 |     4 |   1.19 |   0.07 |   0.30 |
|     RAMB18E2 only          |     16 |      1 |     4 |   1.19 |   0.07 |   0.30 |
| URAM                       |      0 |      0 |     0 |   0.00 |   0.00 |   0.00 |
| DSPs                       |      0 |    512 |     4 |   0.00 |  16.67 |   0.13 |
| PLL                        |      0 |      0 |     0 |   0.00 |   0.00 |   0.00 |
| MMCM                       |      0 |      0 |     0 |   0.00 |   0.00 |   0.00 |
| Unique Control Sets        |   4558 |   4288 |  2730 |   4.15 |   3.97 |   2.53 |
+----------------------------+--------+--------+-------+--------+--------+--------+
* Note: Available Control Sets based on CLB Registers / 8


4. SLR IO Utilization
---------------------

+-----------+-----------+---------+------------+----------+------------+----------+-----+
| SLR Index | Used IOBs | (%)IOBs | Used IPADs | (%)IPADs | Used OPADs | (%)OPADs | GTs |
+-----------+-----------+---------+------------+----------+------------+----------+-----+
| SLR2      |        18 |    8.65 |          0 |     0.00 |          0 |     0.00 |   0 |
| SLR1      |         0 |    0.00 |          0 |     0.00 |          0 |     0.00 |   0 |
| SLR0      |         1 |    0.48 |          0 |     0.00 |          0 |     0.00 |  16 |
+-----------+-----------+---------+------------+----------+------------+----------+-----+
| Total     |        19 |         |          0 |          |          0 |          |  16 |
+-----------+-----------+---------+------------+----------+------------+----------+-----+


