Copyright 1986-2021 Xilinx, Inc. All Rights Reserved.
--------------------------------------------------------------------------------------------
| Tool Version : Vivado v.2021.1_AR76780 (lin64) Build 3247384 Thu Jun 10 19:36:07 MDT 2021
| Date         : Sat Sep 12 18:19:40 2026
| Host         : coroni running 64-bit Ubuntu 18.04.6 LTS
| Command      : report_utilization -slr -file slr_util_routed.rpt -pb slr_util_routed.pb
| Design       : pfm_top_wrapper
| Device       : xcu280fsvh2892-2L
| Design State : Routed
--------------------------------------------------------------------------------------------

Utilization Design Information

Table of Contents
-----------------
1. SLR Connectivity
2. SLR Connectivity Matrix
3. SLR CLB Logic and Dedicated Block Utilization
4. SLR IO Utilization

1. SLR Connectivity
-------------------

+----------------------------------+------+-------+-----------+-------+
|                                  | Used | Fixed | Available | Util% |
+----------------------------------+------+-------+-----------+-------+
| SLR2 <-> SLR1                    | 3995 |       |     23040 | 17.34 |
|   SLR1 -> SLR2                   | 2111 |       |           |  9.16 |
|     Using TX_REG only            |  267 |     1 |           |       |
|     Using RX_REG only            |  284 |    18 |           |       |
|     Using Both TX_REG and RX_REG |  267 |     1 |           |       |
|   SLR2 -> SLR1                   | 1884 |       |           |  8.18 |
|     Using TX_REG only            |  407 |     0 |           |       |
|     Using RX_REG only            |  412 |     4 |           |       |
|     Using Both TX_REG and RX_REG |  407 |     0 |           |       |
| SLR1 <-> SLR0                    | 2574 |       |     23040 | 11.17 |
|   SLR0 -> SLR1                   | 1174 |       |           |  5.10 |
|     Using TX_REG only            |  371 |    71 |           |       |
|     Using RX_REG only            |  361 |    61 |           |       |
|     Using Both TX_REG and RX_REG |  355 |    55 |           |       |
|   SLR1 -> SLR0                   | 1400 |       |           |  6.08 |
|     Using TX_REG only            |  437 |    62 |           |       |
|     Using RX_REG only            |  447 |    71 |           |       |
|     Using Both TX_REG and RX_REG |  435 |    60 |           |       |
+----------------------------------+------+-------+-----------+-------+
| Total SLLs Used                  | 6569 |       |           |       |
+----------------------------------+------+-------+-----------+-------+


2. SLR Connectivity Matrix
--------------------------

+-----------+------+------+------+
| FROM \ TO | SLR2 | SLR1 | SLR0 |
+-----------+------+------+------+
| SLR2      |    0 | 1884 |    0 |
| SLR1      | 1961 |    0 | 1400 |
| SLR0      |  150 | 1024 |    0 |
+-----------+------+------+------+


3. SLR CLB Logic and Dedicated Block Utilization
------------------------------------------------

+----------------------------+--------+-------+-------+--------+--------+--------+
|          Site Type         |  SLR0  |  SLR1 |  SLR2 | SLR0 % | SLR1 % | SLR2 % |
+----------------------------+--------+-------+-------+--------+--------+--------+
| CLB                        |  32417 |  7647 |  8426 |  58.98 |  14.16 |  15.60 |
|   CLBL                     |  16760 |  3813 |  4381 |  57.24 |  13.02 |  14.96 |
|   CLBM                     |  15657 |  3834 |  4045 |  60.97 |  15.51 |  16.36 |
| CLB LUTs                   | 135023 | 47695 | 35355 |  30.71 |  11.04 |   8.18 |
|   LUT as Logic             | 113350 | 43725 | 32315 |  25.78 |  10.12 |   7.48 |
|     using O5 output only   |   2839 |   295 |  1011 |   0.65 |   0.07 |   0.23 |
|     using O6 output only   |  76515 | 34278 | 19497 |  17.40 |   7.93 |   4.51 |
|     using O5 and O6        |  33996 |  9152 | 11807 |   7.73 |   2.12 |   2.73 |
|   LUT as Memory            |  21673 |  3970 |  3040 |  10.55 |   2.01 |   1.54 |
|     LUT as Distributed RAM |   6784 |  3837 |  1660 |   3.30 |   1.94 |   0.84 |
|       using O5 output only |      0 |     0 |     0 |   0.00 |   0.00 |   0.00 |
|       using O6 output only |     80 |   215 |    84 |   0.04 |   0.11 |   0.04 |
|       using O5 and O6      |   6704 |  3622 |  1576 |   3.26 |   1.83 |   0.80 |
|     LUT as Shift Register  |  14889 |   133 |  1380 |   7.25 |   0.07 |   0.70 |
|       using O5 output only |      0 |     0 |     0 |   0.00 |   0.00 |   0.00 |
|       using O6 output only |  12999 |   133 |  1250 |   6.33 |   0.07 |   0.63 |
|       using O5 and O6      |   1890 |     0 |   130 |   0.92 |   0.00 |   0.07 |
| CLB Registers              | 221304 | 46336 | 60957 |  25.17 |   5.36 |   7.06 |
| CARRY8                     |   4195 |   473 |   313 |   7.63 |   0.88 |   0.58 |
| F7 Muxes                   |  11335 |   651 |  1054 |   5.16 |   0.30 |   0.49 |
| F8 Muxes                   |     16 |   141 |    47 |   0.01 |   0.13 |   0.04 |
| F9 Muxes                   |      0 |     0 |     0 |   0.00 |   0.00 |   0.00 |
| Block RAM Tile             |    350 |  80.5 |    94 |  52.08 |  11.98 |  13.99 |
|   RAMB36/FIFO              |    342 |    80 |    92 |  50.89 |  11.90 |  13.69 |
|     RAMB36E2 only          |    334 |    80 |    92 |  49.70 |  11.90 |  13.69 |
|   RAMB18                   |     16 |     1 |     4 |   1.19 |   0.07 |   0.30 |
|     RAMB18E2 only          |     16 |     1 |     4 |   1.19 |   0.07 |   0.30 |
| URAM                       |      0 |     0 |     0 |   0.00 |   0.00 |   0.00 |
| DSPs                       |    512 |     0 |     4 |  17.78 |   0.00 |   0.13 |
| PLL                        |      0 |     0 |     0 |   0.00 |   0.00 |   0.00 |
| MMCM                       |      0 |     0 |     0 |   0.00 |   0.00 |   0.00 |
| Unique Control Sets        |   7455 |  1506 |  2728 |   6.78 |   1.39 |   2.53 |
+----------------------------+--------+-------+-------+--------+--------+--------+
* Note: Available Control Sets based on CLB Registers / 8


4. SLR IO Utilization
---------------------

+-----------+-----------+---------+------------+----------+------------+----------+-----+
| SLR Index | Used IOBs | (%)IOBs | Used IPADs | (%)IPADs | Used OPADs | (%)OPADs | GTs |
+-----------+-----------+---------+------------+----------+------------+----------+-----+
| SLR2      |        18 |    8.65 |          0 |     0.00 |          0 |     0.00 |   0 |
| SLR1      |         0 |    0.00 |          0 |     0.00 |          0 |     0.00 |   0 |
| SLR0      |         1 |    0.48 |          0 |     0.00 |          0 |     0.00 |  16 |
+-----------+-----------+---------+------------+----------+------------+----------+-----+
| Total     |        19 |         |          0 |          |          0 |          |  16 |
+-----------+-----------+---------+------------+----------+------------+----------+-----+


