Copyright 1986-2021 Xilinx, Inc. All Rights Reserved.
-------------------------------------------------------------------------------------------------------------------------------------
| Tool Version     : Vivado v.2021.1_AR76780 (lin64) Build 3247384 Thu Jun 10 19:36:07 MDT 2021
| Date             : Tue Aug 25 20:09:30 2026
| Host             : coroni running 64-bit Ubuntu 18.04.6 LTS
| Command          : report_power -file two2N_power_routed.rpt -pb two2N_power_summary_routed.pb -rpx two2N_power_routed.rpx
| Design           : two2N
| Device           : xcu280-fsvh2892-2L-e
| Design State     : routed
| Grade            : extended
| Process          : typical
| Characterization : Production
-------------------------------------------------------------------------------------------------------------------------------------

Power Report

Table of Contents
-----------------
1. Summary
1.1 On-Chip Components
1.2 Power Supply Summary
1.3 Confidence Level
2. Settings
2.1 Environment
2.2 Clock Constraints
3. Detailed Reports
3.1 By Hierarchy

1. Summary
----------

+--------------------------+--------------+
| Total On-Chip Power (W)  | 7.142        |
|   FPGA Power (W)         | 6.897        |
|   HBM Power (W)          | 0.244        |
| Design Power Budget (W)  | Unspecified* |
| Power Budget Margin (W)  | NA           |
| Dynamic (W)              | 3.931        |
| Device Static (W)        | 3.211        |
| Effective TJA (C/W)      | 0.4          |
| Max Ambient (C)          | 96.9         |
| Junction Temperature (C) | 28.1         |
| Confidence Level         | Medium       |
| Setting File             | ---          |
| Simulation Activity File | ---          |
| Design Nets Matched      | NA           |
+--------------------------+--------------+
* Specify Design Power Budget using, set_operating_conditions -design_power_budget <value in Watts>


1.1 On-Chip Components
----------------------

+-------------------------+-----------+----------+-----------+-----------------+
| On-Chip                 | Power (W) | Used     | Available | Utilization (%) |
+-------------------------+-----------+----------+-----------+-----------------+
| Clocks                  |     1.201 |        3 |       --- |             --- |
| CLB Logic               |     0.954 |   193098 |       --- |             --- |
|   LUT as Logic          |     0.612 |    56679 |   1303680 |            4.35 |
|   LUT as Shift Register |     0.193 |     5760 |    600960 |            0.96 |
|   Register              |     0.134 |    79504 |   2607360 |            3.05 |
|   CARRY8                |     0.015 |     2884 |    162960 |            1.77 |
|   Others                |     0.000 |    24715 |       --- |             --- |
|   F7/F8 Muxes           |     0.000 |     8192 |   1303680 |            0.63 |
| Signals                 |     0.712 |   108510 |       --- |             --- |
| Block RAM               |     0.436 |       74 |      2016 |            3.67 |
| DSPs                    |     0.628 |      512 |      9024 |            5.67 |
| Static Power            |     3.211 |          |           |                 |
| Total                   |     7.142 |          |           |                 |
+-------------------------+-----------+----------+-----------+-----------------+


1.2 Power Supply Summary
------------------------

+------------+-------------+-----------+-------------+------------+-------------+-------------+------------+
| Source     | Voltage (V) | Total (A) | Dynamic (A) | Static (A) | Powerup (A) | Budget (A)  | Margin (A) |
+------------+-------------+-----------+-------------+------------+-------------+-------------+------------+
| Vccint     |       0.850 |     5.924 |       4.572 |      1.353 |       NA    | Unspecified | NA         |
| Vccint_io  |       0.850 |     0.245 |       0.000 |      0.245 |       NA    | Unspecified | NA         |
| Vccbram    |       0.850 |     0.085 |       0.052 |      0.032 |       NA    | Unspecified | NA         |
| Vccaux     |       1.800 |     0.818 |       0.000 |      0.818 |       NA    | Unspecified | NA         |
| Vccaux_io  |       1.800 |     0.035 |       0.000 |      0.035 |       NA    | Unspecified | NA         |
| Vcco33     |       3.300 |     0.000 |       0.000 |      0.000 |       NA    | Unspecified | NA         |
| Vcco25     |       2.500 |     0.000 |       0.000 |      0.000 |       NA    | Unspecified | NA         |
| Vcco18     |       1.800 |     0.000 |       0.000 |      0.000 |       NA    | Unspecified | NA         |
| Vcco15     |       1.500 |     0.000 |       0.000 |      0.000 |       NA    | Unspecified | NA         |
| Vcco135    |       1.350 |     0.000 |       0.000 |      0.000 |       NA    | Unspecified | NA         |
| Vcco12     |       1.200 |     0.000 |       0.000 |      0.000 |       NA    | Unspecified | NA         |
| Vcco10     |       1.000 |     0.000 |       0.000 |      0.000 |       NA    | Unspecified | NA         |
| Vccadc     |       1.800 |     0.024 |       0.000 |      0.024 |       NA    | Unspecified | NA         |
| VCC_IO_HBM |       1.200 |     0.082 |       0.000 |      0.082 |       NA    | Unspecified | NA         |
| VCC_HBM    |       1.200 |     0.078 |       0.000 |      0.078 |       NA    | Unspecified | NA         |
| VCCAUX_HBM |       2.500 |     0.022 |       0.000 |      0.022 |       NA    | Unspecified | NA         |
| MGTYAVcc   |       0.900 |     0.000 |       0.000 |      0.000 |       NA    | Unspecified | NA         |
| MGTYAVtt   |       1.200 |     0.000 |       0.000 |      0.000 |       NA    | Unspecified | NA         |
| MGTYVccaux |       1.800 |     0.000 |       0.000 |      0.000 |       NA    | Unspecified | NA         |
+------------+-------------+-----------+-------------+------------+-------------+-------------+------------+


1.3 Confidence Level
--------------------

+-----------------------------+------------+------------------------------------------------+------------------------------------------------------------------------------------------------------------+
| User Input Data             | Confidence | Details                                        | Action                                                                                                     |
+-----------------------------+------------+------------------------------------------------+------------------------------------------------------------------------------------------------------------+
| Design implementation state | High       | Design is routed                               |                                                                                                            |
| Clock nodes activity        | High       | User specified more than 95% of clocks         |                                                                                                            |
| I/O nodes activity          | High       | User specified more than 95% of inputs         |                                                                                                            |
| Internal nodes activity     | Medium     | User specified less than 25% of internal nodes | Provide missing internal nodes activity with simulation results or by editing the "By Resource Type" views |
| Device models               | High       | Device models are Production                   |                                                                                                            |
|                             |            |                                                |                                                                                                            |
| Overall confidence level    | Medium     |                                                |                                                                                                            |
+-----------------------------+------------+------------------------------------------------+------------------------------------------------------------------------------------------------------------+


2. Settings
-----------

2.1 Environment
---------------

+-----------------------+--------------------------+
| Ambient Temp (C)      | 25.0                     |
| ThetaJA (C/W)         | 0.4                      |
| Airflow (LFM)         | 250                      |
| Heat Sink             | medium (Medium Profile)  |
| ThetaSA (C/W)         | 0.5                      |
| Board Selection       | medium (10"x10")         |
| # of Board Layers     | 12to15 (12 to 15 Layers) |
| Board Temperature (C) | 25.0                     |
+-----------------------+--------------------------+


2.2 Clock Constraints
---------------------

+-------+--------+-----------------+
| Clock | Domain | Constraint (ns) |
+-------+--------+-----------------+
| clk   | clk    |             2.2 |
+-------+--------+-----------------+


3. Detailed Reports
-------------------

3.1 By Hierarchy
----------------

+--------------------------------------------------------------+-----------+
| Name                                                         | Power (W) |
+--------------------------------------------------------------+-----------+
| two2N                                                        |     3.931 |
|   ACTIVATION_CYCLE_INST                                      |     0.013 |
|     A_FIFO_INST                                              |     0.012 |
|       U0                                                     |     0.012 |
|   ACTIVATION_FIFO_INST                                       |     0.062 |
|     A_FIFOS[0].A_FIFO_INST                                   |     0.031 |
|       inst                                                   |     0.031 |
|     A_FIFOS[1].A_FIFO_INST                                   |     0.031 |
|       inst                                                   |     0.031 |
|   CORES_GEN[0].C_CORE_INST_FIRST.C_CORE_FIRST                |     0.441 |
|     C_CORE[0].C_BLOCK_FIRST.C_BLOCK_INST_FIRST               |     0.055 |
|       ACCUM_INSTANCE                                         |     0.025 |
|       ADDER_INSTANCE                                         |     0.013 |
|       MULTIPLIERS[0].MULTIPLIER_FIRST.MULTIPLIER_INST_FIRST  |     0.007 |
|       MULTIPLIERS[1].MULTIPLIER_OTHER.MULTIPLIER_INST_SECOND |     0.009 |
|     C_CORE[1].C_BLOCK_REST.C_BLOCK_INST_REST                 |     0.053 |
|       ACCUM_INSTANCE                                         |     0.025 |
|       ADDER_INSTANCE                                         |     0.013 |
|       MULTIPLIERS[0].MULTIPLIER_FIRST.MULTIPLIER_INST_FIRST  |     0.007 |
|       MULTIPLIERS[1].MULTIPLIER_OTHER.MULTIPLIER_INST_SECOND |     0.007 |
|     C_CORE[2].C_BLOCK_REST.C_BLOCK_INST_REST                 |     0.053 |
|       ACCUM_INSTANCE                                         |     0.025 |
|       ADDER_INSTANCE                                         |     0.013 |
|       MULTIPLIERS[0].MULTIPLIER_FIRST.MULTIPLIER_INST_FIRST  |     0.007 |
|       MULTIPLIERS[1].MULTIPLIER_OTHER.MULTIPLIER_INST_SECOND |     0.007 |
|     C_CORE[3].C_BLOCK_REST.C_BLOCK_INST_REST                 |     0.053 |
|       ACCUM_INSTANCE                                         |     0.025 |
|       ADDER_INSTANCE                                         |     0.013 |
|       MULTIPLIERS[0].MULTIPLIER_FIRST.MULTIPLIER_INST_FIRST  |     0.007 |
|       MULTIPLIERS[1].MULTIPLIER_OTHER.MULTIPLIER_INST_SECOND |     0.007 |
|     C_CORE[4].C_BLOCK_REST.C_BLOCK_INST_REST                 |     0.054 |
|       ACCUM_INSTANCE                                         |     0.025 |
|       ADDER_INSTANCE                                         |     0.013 |
|       MULTIPLIERS[0].MULTIPLIER_FIRST.MULTIPLIER_INST_FIRST  |     0.007 |
|       MULTIPLIERS[1].MULTIPLIER_OTHER.MULTIPLIER_INST_SECOND |     0.007 |
|     C_CORE[5].C_BLOCK_REST.C_BLOCK_INST_REST                 |     0.053 |
|       ACCUM_INSTANCE                                         |     0.025 |
|       ADDER_INSTANCE                                         |     0.013 |
|       MULTIPLIERS[0].MULTIPLIER_FIRST.MULTIPLIER_INST_FIRST  |     0.007 |
|       MULTIPLIERS[1].MULTIPLIER_OTHER.MULTIPLIER_INST_SECOND |     0.007 |
|     C_CORE[6].C_BLOCK_REST.C_BLOCK_INST_REST                 |     0.054 |
|       ACCUM_INSTANCE                                         |     0.025 |
|       ADDER_INSTANCE                                         |     0.013 |
|       MULTIPLIERS[0].MULTIPLIER_FIRST.MULTIPLIER_INST_FIRST  |     0.007 |
|       MULTIPLIERS[1].MULTIPLIER_OTHER.MULTIPLIER_INST_SECOND |     0.007 |
|     C_CORE[7].C_BLOCK_REST.C_BLOCK_INST_REST                 |     0.054 |
|       ACCUM_INSTANCE                                         |     0.025 |
|       ADDER_INSTANCE                                         |     0.013 |
|       MULTIPLIERS[0].MULTIPLIER_FIRST.MULTIPLIER_INST_FIRST  |     0.007 |
|       MULTIPLIERS[1].MULTIPLIER_OTHER.MULTIPLIER_INST_SECOND |     0.007 |
|   CORES_GEN[1].C_CORE_INST_REST.C_CORE_REST                  |     0.430 |
|     C_CORE[0].C_BLOCK_FIRST.C_BLOCK_INST_FIRST               |     0.054 |
|       ACCUM_INSTANCE                                         |     0.025 |
|       ADDER_INSTANCE                                         |     0.013 |
|       MULTIPLIERS[0].MULTIPLIER_FIRST.MULTIPLIER_INST_FIRST  |     0.007 |
|       MULTIPLIERS[1].MULTIPLIER_OTHER.MULTIPLIER_INST_SECOND |     0.007 |
|     C_CORE[1].C_BLOCK_REST.C_BLOCK_INST_REST                 |     0.052 |
|       ACCUM_INSTANCE                                         |     0.025 |
|       ADDER_INSTANCE                                         |     0.013 |
|       MULTIPLIERS[0].MULTIPLIER_FIRST.MULTIPLIER_INST_FIRST  |     0.007 |
|       MULTIPLIERS[1].MULTIPLIER_OTHER.MULTIPLIER_INST_SECOND |     0.007 |
|     C_CORE[2].C_BLOCK_REST.C_BLOCK_INST_REST                 |     0.053 |
|       ACCUM_INSTANCE                                         |     0.025 |
|       ADDER_INSTANCE                                         |     0.013 |
|       MULTIPLIERS[0].MULTIPLIER_FIRST.MULTIPLIER_INST_FIRST  |     0.007 |
|       MULTIPLIERS[1].MULTIPLIER_OTHER.MULTIPLIER_INST_SECOND |     0.007 |
|     C_CORE[3].C_BLOCK_REST.C_BLOCK_INST_REST                 |     0.053 |
|       ACCUM_INSTANCE                                         |     0.025 |
|       ADDER_INSTANCE                                         |     0.013 |
|       MULTIPLIERS[0].MULTIPLIER_FIRST.MULTIPLIER_INST_FIRST  |     0.007 |
|       MULTIPLIERS[1].MULTIPLIER_OTHER.MULTIPLIER_INST_SECOND |     0.007 |
|     C_CORE[4].C_BLOCK_REST.C_BLOCK_INST_REST                 |     0.053 |
|       ACCUM_INSTANCE                                         |     0.025 |
|       ADDER_INSTANCE                                         |     0.013 |
|       MULTIPLIERS[0].MULTIPLIER_FIRST.MULTIPLIER_INST_FIRST  |     0.007 |
|       MULTIPLIERS[1].MULTIPLIER_OTHER.MULTIPLIER_INST_SECOND |     0.007 |
|     C_CORE[5].C_BLOCK_REST.C_BLOCK_INST_REST                 |     0.053 |
|       ACCUM_INSTANCE                                         |     0.025 |
|       ADDER_INSTANCE                                         |     0.013 |
|       MULTIPLIERS[0].MULTIPLIER_FIRST.MULTIPLIER_INST_FIRST  |     0.007 |
|       MULTIPLIERS[1].MULTIPLIER_OTHER.MULTIPLIER_INST_SECOND |     0.007 |
|     C_CORE[6].C_BLOCK_REST.C_BLOCK_INST_REST                 |     0.053 |
|       ACCUM_INSTANCE                                         |     0.025 |
|       ADDER_INSTANCE                                         |     0.013 |
|       MULTIPLIERS[0].MULTIPLIER_FIRST.MULTIPLIER_INST_FIRST  |     0.007 |
|       MULTIPLIERS[1].MULTIPLIER_OTHER.MULTIPLIER_INST_SECOND |     0.007 |
|     C_CORE[7].C_BLOCK_REST.C_BLOCK_INST_REST                 |     0.053 |
|       ACCUM_INSTANCE                                         |     0.025 |
|       ADDER_INSTANCE                                         |     0.013 |
|       MULTIPLIERS[0].MULTIPLIER_FIRST.MULTIPLIER_INST_FIRST  |     0.007 |
|       MULTIPLIERS[1].MULTIPLIER_OTHER.MULTIPLIER_INST_SECOND |     0.007 |
|   CORES_GEN[2].C_CORE_INST_REST.C_CORE_REST                  |     0.439 |
|     C_CORE[0].C_BLOCK_FIRST.C_BLOCK_INST_FIRST               |     0.054 |
|       ACCUM_INSTANCE                                         |     0.026 |
|       ADDER_INSTANCE                                         |     0.013 |
|       MULTIPLIERS[0].MULTIPLIER_FIRST.MULTIPLIER_INST_FIRST  |     0.007 |
|       MULTIPLIERS[1].MULTIPLIER_OTHER.MULTIPLIER_INST_SECOND |     0.007 |
|     C_CORE[1].C_BLOCK_REST.C_BLOCK_INST_REST                 |     0.055 |
|       ACCUM_INSTANCE                                         |     0.025 |
|       ADDER_INSTANCE                                         |     0.013 |
|       MULTIPLIERS[0].MULTIPLIER_FIRST.MULTIPLIER_INST_FIRST  |     0.008 |
|       MULTIPLIERS[1].MULTIPLIER_OTHER.MULTIPLIER_INST_SECOND |     0.007 |
|     C_CORE[2].C_BLOCK_REST.C_BLOCK_INST_REST                 |     0.055 |
|       ACCUM_INSTANCE                                         |     0.025 |
|       ADDER_INSTANCE                                         |     0.013 |
|       MULTIPLIERS[0].MULTIPLIER_FIRST.MULTIPLIER_INST_FIRST  |     0.007 |
|       MULTIPLIERS[1].MULTIPLIER_OTHER.MULTIPLIER_INST_SECOND |     0.008 |
|     C_CORE[3].C_BLOCK_REST.C_BLOCK_INST_REST                 |     0.053 |
|       ACCUM_INSTANCE                                         |     0.025 |
|       ADDER_INSTANCE                                         |     0.013 |
|       MULTIPLIERS[0].MULTIPLIER_FIRST.MULTIPLIER_INST_FIRST  |     0.007 |
|       MULTIPLIERS[1].MULTIPLIER_OTHER.MULTIPLIER_INST_SECOND |     0.007 |
|     C_CORE[4].C_BLOCK_REST.C_BLOCK_INST_REST                 |     0.055 |
|       ACCUM_INSTANCE                                         |     0.025 |
|       ADDER_INSTANCE                                         |     0.013 |
|       MULTIPLIERS[0].MULTIPLIER_FIRST.MULTIPLIER_INST_FIRST  |     0.007 |
|       MULTIPLIERS[1].MULTIPLIER_OTHER.MULTIPLIER_INST_SECOND |     0.008 |
|     C_CORE[5].C_BLOCK_REST.C_BLOCK_INST_REST                 |     0.057 |
|       ACCUM_INSTANCE                                         |     0.027 |
|       ADDER_INSTANCE                                         |     0.013 |
|       MULTIPLIERS[0].MULTIPLIER_FIRST.MULTIPLIER_INST_FIRST  |     0.008 |
|       MULTIPLIERS[1].MULTIPLIER_OTHER.MULTIPLIER_INST_SECOND |     0.008 |
|     C_CORE[6].C_BLOCK_REST.C_BLOCK_INST_REST                 |     0.054 |
|       ACCUM_INSTANCE                                         |     0.026 |
|       ADDER_INSTANCE                                         |     0.013 |
|       MULTIPLIERS[0].MULTIPLIER_FIRST.MULTIPLIER_INST_FIRST  |     0.007 |
|       MULTIPLIERS[1].MULTIPLIER_OTHER.MULTIPLIER_INST_SECOND |     0.007 |
|     C_CORE[7].C_BLOCK_REST.C_BLOCK_INST_REST                 |     0.053 |
|       ACCUM_INSTANCE                                         |     0.025 |
|       ADDER_INSTANCE                                         |     0.013 |
|       MULTIPLIERS[0].MULTIPLIER_FIRST.MULTIPLIER_INST_FIRST  |     0.007 |
|       MULTIPLIERS[1].MULTIPLIER_OTHER.MULTIPLIER_INST_SECOND |     0.007 |
|   CORES_GEN[3].C_CORE_INST_REST.C_CORE_REST                  |     0.429 |
|     C_CORE[0].C_BLOCK_FIRST.C_BLOCK_INST_FIRST               |     0.053 |
|       ACCUM_INSTANCE                                         |     0.026 |
|       ADDER_INSTANCE                                         |     0.013 |
|       MULTIPLIERS[0].MULTIPLIER_FIRST.MULTIPLIER_INST_FIRST  |     0.007 |
|       MULTIPLIERS[1].MULTIPLIER_OTHER.MULTIPLIER_INST_SECOND |     0.007 |
|     C_CORE[1].C_BLOCK_REST.C_BLOCK_INST_REST                 |     0.054 |
|       ACCUM_INSTANCE                                         |     0.026 |
|       ADDER_INSTANCE                                         |     0.013 |
|       MULTIPLIERS[0].MULTIPLIER_FIRST.MULTIPLIER_INST_FIRST  |     0.007 |
|       MULTIPLIERS[1].MULTIPLIER_OTHER.MULTIPLIER_INST_SECOND |     0.007 |
|     C_CORE[2].C_BLOCK_REST.C_BLOCK_INST_REST                 |     0.053 |
|       ACCUM_INSTANCE                                         |     0.027 |
|       ADDER_INSTANCE                                         |     0.012 |
|       MULTIPLIERS[0].MULTIPLIER_FIRST.MULTIPLIER_INST_FIRST  |     0.007 |
|       MULTIPLIERS[1].MULTIPLIER_OTHER.MULTIPLIER_INST_SECOND |     0.006 |
|     C_CORE[3].C_BLOCK_REST.C_BLOCK_INST_REST                 |     0.054 |
|       ACCUM_INSTANCE                                         |     0.027 |
|       ADDER_INSTANCE                                         |     0.012 |
|       MULTIPLIERS[0].MULTIPLIER_FIRST.MULTIPLIER_INST_FIRST  |     0.007 |
|       MULTIPLIERS[1].MULTIPLIER_OTHER.MULTIPLIER_INST_SECOND |     0.007 |
|     C_CORE[4].C_BLOCK_REST.C_BLOCK_INST_REST                 |     0.053 |
|       ACCUM_INSTANCE                                         |     0.027 |
|       ADDER_INSTANCE                                         |     0.012 |
|       MULTIPLIERS[0].MULTIPLIER_FIRST.MULTIPLIER_INST_FIRST  |     0.007 |
|       MULTIPLIERS[1].MULTIPLIER_OTHER.MULTIPLIER_INST_SECOND |     0.006 |
|     C_CORE[5].C_BLOCK_REST.C_BLOCK_INST_REST                 |     0.050 |
|       ACCUM_INSTANCE                                         |     0.025 |
|       ADDER_INSTANCE                                         |     0.012 |
|       MULTIPLIERS[0].MULTIPLIER_FIRST.MULTIPLIER_INST_FIRST  |     0.006 |
|       MULTIPLIERS[1].MULTIPLIER_OTHER.MULTIPLIER_INST_SECOND |     0.006 |
|     C_CORE[6].C_BLOCK_REST.C_BLOCK_INST_REST                 |     0.055 |
|       ACCUM_INSTANCE                                         |     0.027 |
|       ADDER_INSTANCE                                         |     0.012 |
|       MULTIPLIERS[0].MULTIPLIER_FIRST.MULTIPLIER_INST_FIRST  |     0.007 |
|       MULTIPLIERS[1].MULTIPLIER_OTHER.MULTIPLIER_INST_SECOND |     0.007 |
|     C_CORE[7].C_BLOCK_REST.C_BLOCK_INST_REST                 |     0.053 |
|       ACCUM_INSTANCE                                         |     0.027 |
|       ADDER_INSTANCE                                         |     0.012 |
|       MULTIPLIERS[0].MULTIPLIER_FIRST.MULTIPLIER_INST_FIRST  |     0.006 |
|       MULTIPLIERS[1].MULTIPLIER_OTHER.MULTIPLIER_INST_SECOND |     0.006 |
|   CORES_GEN[4].C_CORE_INST_REST.C_CORE_REST                  |     0.431 |
|     C_CORE[0].C_BLOCK_FIRST.C_BLOCK_INST_FIRST               |     0.052 |
|       ACCUM_INSTANCE                                         |     0.025 |
|       ADDER_INSTANCE                                         |     0.013 |
|       MULTIPLIERS[0].MULTIPLIER_FIRST.MULTIPLIER_INST_FIRST  |     0.007 |
|       MULTIPLIERS[1].MULTIPLIER_OTHER.MULTIPLIER_INST_SECOND |     0.007 |
|     C_CORE[1].C_BLOCK_REST.C_BLOCK_INST_REST                 |     0.052 |
|       ACCUM_INSTANCE                                         |     0.025 |
|       ADDER_INSTANCE                                         |     0.012 |
|       MULTIPLIERS[0].MULTIPLIER_FIRST.MULTIPLIER_INST_FIRST  |     0.007 |
|       MULTIPLIERS[1].MULTIPLIER_OTHER.MULTIPLIER_INST_SECOND |     0.007 |
|     C_CORE[2].C_BLOCK_REST.C_BLOCK_INST_REST                 |     0.053 |
|       ACCUM_INSTANCE                                         |     0.025 |
|       ADDER_INSTANCE                                         |     0.013 |
|       MULTIPLIERS[0].MULTIPLIER_FIRST.MULTIPLIER_INST_FIRST  |     0.007 |
|       MULTIPLIERS[1].MULTIPLIER_OTHER.MULTIPLIER_INST_SECOND |     0.006 |
|     C_CORE[3].C_BLOCK_REST.C_BLOCK_INST_REST                 |     0.053 |
|       ACCUM_INSTANCE                                         |     0.025 |
|       ADDER_INSTANCE                                         |     0.013 |
|       MULTIPLIERS[0].MULTIPLIER_FIRST.MULTIPLIER_INST_FIRST  |     0.007 |
|       MULTIPLIERS[1].MULTIPLIER_OTHER.MULTIPLIER_INST_SECOND |     0.007 |
|     C_CORE[4].C_BLOCK_REST.C_BLOCK_INST_REST                 |     0.052 |
|       ACCUM_INSTANCE                                         |     0.026 |
|       ADDER_INSTANCE                                         |     0.012 |
|       MULTIPLIERS[0].MULTIPLIER_FIRST.MULTIPLIER_INST_FIRST  |     0.006 |
|       MULTIPLIERS[1].MULTIPLIER_OTHER.MULTIPLIER_INST_SECOND |     0.006 |
|     C_CORE[5].C_BLOCK_REST.C_BLOCK_INST_REST                 |     0.055 |
|       ACCUM_INSTANCE                                         |     0.027 |
|       ADDER_INSTANCE                                         |     0.013 |
|       MULTIPLIERS[0].MULTIPLIER_FIRST.MULTIPLIER_INST_FIRST  |     0.007 |
|       MULTIPLIERS[1].MULTIPLIER_OTHER.MULTIPLIER_INST_SECOND |     0.007 |
|     C_CORE[6].C_BLOCK_REST.C_BLOCK_INST_REST                 |     0.052 |
|       ACCUM_INSTANCE                                         |     0.025 |
|       ADDER_INSTANCE                                         |     0.013 |
|       MULTIPLIERS[0].MULTIPLIER_FIRST.MULTIPLIER_INST_FIRST  |     0.007 |
|       MULTIPLIERS[1].MULTIPLIER_OTHER.MULTIPLIER_INST_SECOND |     0.007 |
|     C_CORE[7].C_BLOCK_REST.C_BLOCK_INST_REST                 |     0.055 |
|       ACCUM_INSTANCE                                         |     0.029 |
|       ADDER_INSTANCE                                         |     0.012 |
|       MULTIPLIERS[0].MULTIPLIER_FIRST.MULTIPLIER_INST_FIRST  |     0.007 |
|       MULTIPLIERS[1].MULTIPLIER_OTHER.MULTIPLIER_INST_SECOND |     0.007 |
|   CORES_GEN[5].C_CORE_INST_REST.C_CORE_REST                  |     0.393 |
|     C_CORE[0].C_BLOCK_FIRST.C_BLOCK_INST_FIRST               |     0.049 |
|       ACCUM_INSTANCE                                         |     0.025 |
|       ADDER_INSTANCE                                         |     0.011 |
|       MULTIPLIERS[0].MULTIPLIER_FIRST.MULTIPLIER_INST_FIRST  |     0.005 |
|       MULTIPLIERS[1].MULTIPLIER_OTHER.MULTIPLIER_INST_SECOND |     0.006 |
|     C_CORE[1].C_BLOCK_REST.C_BLOCK_INST_REST                 |     0.049 |
|       ACCUM_INSTANCE                                         |     0.025 |
|       ADDER_INSTANCE                                         |     0.011 |
|       MULTIPLIERS[0].MULTIPLIER_FIRST.MULTIPLIER_INST_FIRST  |     0.006 |
|       MULTIPLIERS[1].MULTIPLIER_OTHER.MULTIPLIER_INST_SECOND |     0.006 |
|     C_CORE[2].C_BLOCK_REST.C_BLOCK_INST_REST                 |     0.049 |
|       ACCUM_INSTANCE                                         |     0.025 |
|       ADDER_INSTANCE                                         |     0.011 |
|       MULTIPLIERS[0].MULTIPLIER_FIRST.MULTIPLIER_INST_FIRST  |     0.005 |
|       MULTIPLIERS[1].MULTIPLIER_OTHER.MULTIPLIER_INST_SECOND |     0.006 |
|     C_CORE[3].C_BLOCK_REST.C_BLOCK_INST_REST                 |     0.048 |
|       ACCUM_INSTANCE                                         |     0.025 |
|       ADDER_INSTANCE                                         |     0.011 |
|       MULTIPLIERS[0].MULTIPLIER_FIRST.MULTIPLIER_INST_FIRST  |     0.005 |
|       MULTIPLIERS[1].MULTIPLIER_OTHER.MULTIPLIER_INST_SECOND |     0.005 |
|     C_CORE[4].C_BLOCK_REST.C_BLOCK_INST_REST                 |     0.048 |
|       ACCUM_INSTANCE                                         |     0.025 |
|       ADDER_INSTANCE                                         |     0.011 |
|       MULTIPLIERS[0].MULTIPLIER_FIRST.MULTIPLIER_INST_FIRST  |     0.006 |
|       MULTIPLIERS[1].MULTIPLIER_OTHER.MULTIPLIER_INST_SECOND |     0.005 |
|     C_CORE[5].C_BLOCK_REST.C_BLOCK_INST_REST                 |     0.049 |
|       ACCUM_INSTANCE                                         |     0.025 |
|       ADDER_INSTANCE                                         |     0.011 |
|       MULTIPLIERS[0].MULTIPLIER_FIRST.MULTIPLIER_INST_FIRST  |     0.006 |
|       MULTIPLIERS[1].MULTIPLIER_OTHER.MULTIPLIER_INST_SECOND |     0.006 |
|     C_CORE[6].C_BLOCK_REST.C_BLOCK_INST_REST                 |     0.048 |
|       ACCUM_INSTANCE                                         |     0.025 |
|       ADDER_INSTANCE                                         |     0.012 |
|       MULTIPLIERS[0].MULTIPLIER_FIRST.MULTIPLIER_INST_FIRST  |     0.005 |
|       MULTIPLIERS[1].MULTIPLIER_OTHER.MULTIPLIER_INST_SECOND |     0.006 |
|     C_CORE[7].C_BLOCK_REST.C_BLOCK_INST_REST                 |     0.049 |
|       ACCUM_INSTANCE                                         |     0.025 |
|       ADDER_INSTANCE                                         |     0.012 |
|       MULTIPLIERS[0].MULTIPLIER_FIRST.MULTIPLIER_INST_FIRST  |     0.006 |
|       MULTIPLIERS[1].MULTIPLIER_OTHER.MULTIPLIER_INST_SECOND |     0.006 |
|   CORES_GEN[6].C_CORE_INST_REST.C_CORE_REST                  |     0.414 |
|     C_CORE[0].C_BLOCK_FIRST.C_BLOCK_INST_FIRST               |     0.048 |
|       ACCUM_INSTANCE                                         |     0.024 |
|       ADDER_INSTANCE                                         |     0.011 |
|       MULTIPLIERS[0].MULTIPLIER_FIRST.MULTIPLIER_INST_FIRST  |     0.006 |
|       MULTIPLIERS[1].MULTIPLIER_OTHER.MULTIPLIER_INST_SECOND |     0.006 |
|     C_CORE[1].C_BLOCK_REST.C_BLOCK_INST_REST                 |     0.048 |
|       ACCUM_INSTANCE                                         |     0.024 |
|       ADDER_INSTANCE                                         |     0.011 |
|       MULTIPLIERS[0].MULTIPLIER_FIRST.MULTIPLIER_INST_FIRST  |     0.006 |
|       MULTIPLIERS[1].MULTIPLIER_OTHER.MULTIPLIER_INST_SECOND |     0.006 |
|     C_CORE[2].C_BLOCK_REST.C_BLOCK_INST_REST                 |     0.048 |
|       ACCUM_INSTANCE                                         |     0.024 |
|       ADDER_INSTANCE                                         |     0.011 |
|       MULTIPLIERS[0].MULTIPLIER_FIRST.MULTIPLIER_INST_FIRST  |     0.006 |
|       MULTIPLIERS[1].MULTIPLIER_OTHER.MULTIPLIER_INST_SECOND |     0.006 |
|     C_CORE[3].C_BLOCK_REST.C_BLOCK_INST_REST                 |     0.053 |
|       ACCUM_INSTANCE                                         |     0.025 |
|       ADDER_INSTANCE                                         |     0.013 |
|       MULTIPLIERS[0].MULTIPLIER_FIRST.MULTIPLIER_INST_FIRST  |     0.007 |
|       MULTIPLIERS[1].MULTIPLIER_OTHER.MULTIPLIER_INST_SECOND |     0.007 |
|     C_CORE[4].C_BLOCK_REST.C_BLOCK_INST_REST                 |     0.053 |
|       ACCUM_INSTANCE                                         |     0.025 |
|       ADDER_INSTANCE                                         |     0.013 |
|       MULTIPLIERS[0].MULTIPLIER_FIRST.MULTIPLIER_INST_FIRST  |     0.007 |
|       MULTIPLIERS[1].MULTIPLIER_OTHER.MULTIPLIER_INST_SECOND |     0.007 |
|     C_CORE[5].C_BLOCK_REST.C_BLOCK_INST_REST                 |     0.053 |
|       ACCUM_INSTANCE                                         |     0.025 |
|       ADDER_INSTANCE                                         |     0.013 |
|       MULTIPLIERS[0].MULTIPLIER_FIRST.MULTIPLIER_INST_FIRST  |     0.007 |
|       MULTIPLIERS[1].MULTIPLIER_OTHER.MULTIPLIER_INST_SECOND |     0.007 |
|     C_CORE[6].C_BLOCK_REST.C_BLOCK_INST_REST                 |     0.053 |
|       ACCUM_INSTANCE                                         |     0.025 |
|       ADDER_INSTANCE                                         |     0.013 |
|       MULTIPLIERS[0].MULTIPLIER_FIRST.MULTIPLIER_INST_FIRST  |     0.007 |
|       MULTIPLIERS[1].MULTIPLIER_OTHER.MULTIPLIER_INST_SECOND |     0.007 |
|     C_CORE[7].C_BLOCK_REST.C_BLOCK_INST_REST                 |     0.053 |
|       ACCUM_INSTANCE                                         |     0.025 |
|       ADDER_INSTANCE                                         |     0.013 |
|       MULTIPLIERS[0].MULTIPLIER_FIRST.MULTIPLIER_INST_FIRST  |     0.007 |
|       MULTIPLIERS[1].MULTIPLIER_OTHER.MULTIPLIER_INST_SECOND |     0.007 |
|   CORES_GEN[7].C_CORE_INST_REST.C_CORE_REST                  |     0.436 |
|     C_CORE[0].C_BLOCK_FIRST.C_BLOCK_INST_FIRST               |     0.053 |
|       ACCUM_INSTANCE                                         |     0.025 |
|       ADDER_INSTANCE                                         |     0.013 |
|       MULTIPLIERS[0].MULTIPLIER_FIRST.MULTIPLIER_INST_FIRST  |     0.007 |
|       MULTIPLIERS[1].MULTIPLIER_OTHER.MULTIPLIER_INST_SECOND |     0.007 |
|     C_CORE[1].C_BLOCK_REST.C_BLOCK_INST_REST                 |     0.054 |
|       ACCUM_INSTANCE                                         |     0.026 |
|       ADDER_INSTANCE                                         |     0.014 |
|       MULTIPLIERS[0].MULTIPLIER_FIRST.MULTIPLIER_INST_FIRST  |     0.007 |
|       MULTIPLIERS[1].MULTIPLIER_OTHER.MULTIPLIER_INST_SECOND |     0.007 |
|     C_CORE[2].C_BLOCK_REST.C_BLOCK_INST_REST                 |     0.053 |
|       ACCUM_INSTANCE                                         |     0.025 |
|       ADDER_INSTANCE                                         |     0.013 |
|       MULTIPLIERS[0].MULTIPLIER_FIRST.MULTIPLIER_INST_FIRST  |     0.007 |
|       MULTIPLIERS[1].MULTIPLIER_OTHER.MULTIPLIER_INST_SECOND |     0.007 |
|     C_CORE[3].C_BLOCK_REST.C_BLOCK_INST_REST                 |     0.054 |
|       ACCUM_INSTANCE                                         |     0.026 |
|       ADDER_INSTANCE                                         |     0.013 |
|       MULTIPLIERS[0].MULTIPLIER_FIRST.MULTIPLIER_INST_FIRST  |     0.007 |
|       MULTIPLIERS[1].MULTIPLIER_OTHER.MULTIPLIER_INST_SECOND |     0.007 |
|     C_CORE[4].C_BLOCK_REST.C_BLOCK_INST_REST                 |     0.054 |
|       ACCUM_INSTANCE                                         |     0.026 |
|       ADDER_INSTANCE                                         |     0.014 |
|       MULTIPLIERS[0].MULTIPLIER_FIRST.MULTIPLIER_INST_FIRST  |     0.007 |
|       MULTIPLIERS[1].MULTIPLIER_OTHER.MULTIPLIER_INST_SECOND |     0.007 |
|     C_CORE[5].C_BLOCK_REST.C_BLOCK_INST_REST                 |     0.054 |
|       ACCUM_INSTANCE                                         |     0.026 |
|       ADDER_INSTANCE                                         |     0.013 |
|       MULTIPLIERS[0].MULTIPLIER_FIRST.MULTIPLIER_INST_FIRST  |     0.007 |
|       MULTIPLIERS[1].MULTIPLIER_OTHER.MULTIPLIER_INST_SECOND |     0.007 |
|     C_CORE[6].C_BLOCK_REST.C_BLOCK_INST_REST                 |     0.054 |
|       ACCUM_INSTANCE                                         |     0.025 |
|       ADDER_INSTANCE                                         |     0.013 |
|       MULTIPLIERS[0].MULTIPLIER_FIRST.MULTIPLIER_INST_FIRST  |     0.007 |
|       MULTIPLIERS[1].MULTIPLIER_OTHER.MULTIPLIER_INST_SECOND |     0.007 |
|     C_CORE[7].C_BLOCK_REST.C_BLOCK_INST_REST                 |     0.054 |
|       ACCUM_INSTANCE                                         |     0.026 |
|       ADDER_INSTANCE                                         |     0.014 |
|       MULTIPLIERS[0].MULTIPLIER_FIRST.MULTIPLIER_INST_FIRST  |     0.007 |
|       MULTIPLIERS[1].MULTIPLIER_OTHER.MULTIPLIER_INST_SECOND |     0.007 |
|   C_FIFO_INST                                                |     0.071 |
|     C_FIFOS[0].C_FIFO_INST                                   |     0.018 |
|       inst                                                   |     0.018 |
|     C_FIFOS[1].C_FIFO_INST                                   |     0.018 |
|       inst                                                   |     0.018 |
|     C_FIFOS[2].C_FIFO_INST                                   |     0.018 |
|       inst                                                   |     0.018 |
|     C_FIFOS[3].C_FIFO_INST                                   |     0.018 |
|       inst                                                   |     0.018 |
|   WEIGHTS_FIFO_INST                                          |     0.324 |
|     IND_FIFOS[0].IND_FIFO_INST                               |     0.032 |
|       inst                                                   |     0.032 |
|     IND_FIFOS[1].IND_FIFO_INST                               |     0.028 |
|       inst                                                   |     0.028 |
|     IND_FIFOS[2].IND_FIFO_INST                               |     0.017 |
|       inst                                                   |     0.017 |
|     W_FIFOS[0].W_FIFO_INST                                   |     0.032 |
|       inst                                                   |     0.032 |
|     W_FIFOS[1].W_FIFO_INST                                   |     0.032 |
|       inst                                                   |     0.032 |
|     W_FIFOS[2].W_FIFO_INST                                   |     0.032 |
|       inst                                                   |     0.032 |
|     W_FIFOS[3].W_FIFO_INST                                   |     0.032 |
|       inst                                                   |     0.032 |
|     W_FIFOS[4].W_FIFO_INST                                   |     0.032 |
|       inst                                                   |     0.032 |
|     W_FIFOS[5].W_FIFO_INST                                   |     0.028 |
|       inst                                                   |     0.028 |
|     W_FIFOS[6].W_FIFO_INST                                   |     0.028 |
|       inst                                                   |     0.028 |
|     W_FIFOS[7].W_FIFO_INST                                   |     0.032 |
|       inst                                                   |     0.032 |
+--------------------------------------------------------------+-----------+


