Copyright 1986-2021 Xilinx, Inc. All Rights Reserved.
--------------------------------------------------------------------------------------------------------
| Tool Version      : Vivado v.2021.1_AR76780 (lin64) Build 3247384 Thu Jun 10 19:36:07 MDT 2021
| Date              : Wed Sep  9 21:20:58 2026
| Host              : coroni running 64-bit Ubuntu 18.04.6 LTS
| Command           : report_timing_summary -file /home/skoulas/GEMV_Sparse/family_sweep/timing_8x8.rpt
| Design            : two2N
| Device            : xcu280-fsvh2892
| Speed File        : -2L  PRODUCTION 1.29 11-17-2020
| Temperature Grade : E
--------------------------------------------------------------------------------------------------------

Timing Summary Report

------------------------------------------------------------------------------------------------
| Timer Settings
| --------------
------------------------------------------------------------------------------------------------

  Enable Multi Corner Analysis               :  Yes
  Enable Pessimism Removal                   :  Yes
  Pessimism Removal Resolution               :  Nearest Common Node
  Enable Input Delay Default Clock           :  No
  Enable Preset / Clear Arcs                 :  No
  Disable Flight Delays                      :  No
  Ignore I/O Paths                           :  No
  Timing Early Launch at Borrowing Latches   :  No
  Borrow Time for Max Delay Exceptions       :  Yes
  Merge Timing Exceptions                    :  Yes

  Corner  Analyze    Analyze    
  Name    Max Paths  Min Paths  
  ------  ---------  ---------  
  Slow    Yes        Yes        
  Fast    Yes        Yes        


------------------------------------------------------------------------------------------------
| Report Methodology
| ------------------
------------------------------------------------------------------------------------------------

No report available as report_methodology has not been run prior. Run report_methodology on the current design for the summary of methodology violations.



check_timing report

Table of Contents
-----------------
1. checking no_clock (0)
2. checking constant_clock (0)
3. checking pulse_width_clock (0)
4. checking unconstrained_internal_endpoints (0)
5. checking no_input_delay (3244)
6. checking no_output_delay (1045)
7. checking multiple_clock (0)
8. checking generated_clocks (0)
9. checking loops (0)
10. checking partial_input_delay (0)
11. checking partial_output_delay (0)
12. checking latch_loops (0)

1. checking no_clock (0)
------------------------
 There are 0 register/latch pins with no clock.


2. checking constant_clock (0)
------------------------------
 There are 0 register/latch pins with constant_clock.


3. checking pulse_width_clock (0)
---------------------------------
 There are 0 register/latch pins which need pulse_width check


4. checking unconstrained_internal_endpoints (0)
------------------------------------------------
 There are 0 pins that are not constrained for maximum delay.

 There are 0 pins that are not constrained for maximum delay due to constant clock.


5. checking no_input_delay (3244)
---------------------------------
 There are 3244 input ports with no input delay specified. (HIGH)

 There are 0 input ports with no input delay but user has a false path constraint.


6. checking no_output_delay (1045)
----------------------------------
 There are 1045 ports with no output delay specified. (HIGH)

 There are 0 ports with no output delay but user has a false path constraint

 There are 0 ports with no output delay but with a timing clock defined on it or propagating through it


7. checking multiple_clock (0)
------------------------------
 There are 0 register/latch pins with multiple clocks.


8. checking generated_clocks (0)
--------------------------------
 There are 0 generated clocks that are not connected to a clock source.


9. checking loops (0)
---------------------
 There are 0 combinational loops in the design.


10. checking partial_input_delay (0)
------------------------------------
 There are 0 input ports with partial input delay specified.


11. checking partial_output_delay (0)
-------------------------------------
 There are 0 ports with partial output delay specified.


12. checking latch_loops (0)
----------------------------
 There are 0 combinational latch loops in the design through latch input



------------------------------------------------------------------------------------------------
| Design Timing Summary
| ---------------------
------------------------------------------------------------------------------------------------

    WNS(ns)      TNS(ns)  TNS Failing Endpoints  TNS Total Endpoints      WHS(ns)      THS(ns)  THS Failing Endpoints  THS Total Endpoints     WPWS(ns)     TPWS(ns)  TPWS Failing Endpoints  TPWS Total Endpoints  
    -------      -------  ---------------------  -------------------      -------      -------  ---------------------  -------------------     --------     --------  ----------------------  --------------------  
     -0.729    -3867.290                  20031               183481        0.023        0.000                      0               183481       -0.069       -9.108                     132                 94679  


Timing constraints are not met.


------------------------------------------------------------------------------------------------
| Clock Summary
| -------------
------------------------------------------------------------------------------------------------

Clock  Waveform(ns)         Period(ns)      Frequency(MHz)
-----  ------------         ----------      --------------
clk    {0.000 0.750}        1.500           666.667         


------------------------------------------------------------------------------------------------
| Intra Clock Table
| -----------------
------------------------------------------------------------------------------------------------

Clock             WNS(ns)      TNS(ns)  TNS Failing Endpoints  TNS Total Endpoints      WHS(ns)      THS(ns)  THS Failing Endpoints  THS Total Endpoints     WPWS(ns)     TPWS(ns)  TPWS Failing Endpoints  TPWS Total Endpoints  
-----             -------      -------  ---------------------  -------------------      -------      -------  ---------------------  -------------------     --------     --------  ----------------------  --------------------  
clk                -0.729    -3867.290                  20031               183481        0.023        0.000                      0               183481       -0.069       -9.108                     132                 94679  


------------------------------------------------------------------------------------------------
| Inter Clock Table
| -----------------
------------------------------------------------------------------------------------------------

From Clock    To Clock          WNS(ns)      TNS(ns)  TNS Failing Endpoints  TNS Total Endpoints      WHS(ns)      THS(ns)  THS Failing Endpoints  THS Total Endpoints  
----------    --------          -------      -------  ---------------------  -------------------      -------      -------  ---------------------  -------------------  


------------------------------------------------------------------------------------------------
| Other Path Groups Table
| -----------------------
------------------------------------------------------------------------------------------------

Path Group    From Clock    To Clock          WNS(ns)      TNS(ns)  TNS Failing Endpoints  TNS Total Endpoints      WHS(ns)      THS(ns)  THS Failing Endpoints  THS Total Endpoints  
----------    ----------    --------          -------      -------  ---------------------  -------------------      -------      -------  ---------------------  -------------------  


------------------------------------------------------------------------------------------------
| Timing Details
| --------------
------------------------------------------------------------------------------------------------


---------------------------------------------------------------------------------------------------
From Clock:  clk
  To Clock:  clk

Setup :        20031  Failing Endpoints,  Worst Slack       -0.729ns,  Total Violation    -3867.290ns
Hold  :            0  Failing Endpoints,  Worst Slack        0.023ns,  Total Violation        0.000ns
PW    :          132  Failing Endpoints,  Worst Slack       -0.069ns,  Total Violation       -9.108ns
---------------------------------------------------------------------------------------------------


Max Delay Paths
--------------------------------------------------------------------------------------
Slack (VIOLATED) :        -0.729ns  (required time - arrival time)
  Source:                 ACTIVATION_CYCLE_INST/A_FIFO_INST/U0/inst_fifo_gen/gconvfifo.rf/gbi.bi/v8_fifo.fblk/rst_val_sym.gextw_sym[5].inst_extd/gonep.inst_prim/gf36e2_inst.sngfifo36e2/RDCLK
                            (rising edge-triggered cell FIFO36E2 clocked by clk  {rise@0.000ns fall@0.750ns period=1.500ns})
  Destination:            CORES_GEN[2].C_CORE_INST_REST.C_CORE_REST/A_internal_reg[311]/D
                            (rising edge-triggered cell FDRE clocked by clk  {rise@0.000ns fall@0.750ns period=1.500ns})
  Path Group:             clk
  Path Type:              Setup (Max at Slow Process Corner)
  Requirement:            1.500ns  (clk rise@1.500ns - clk rise@0.000ns)
  Data Path Delay:        2.155ns  (logic 0.251ns (11.647%)  route 1.904ns (88.353%))
  Logic Levels:           1  (LUT5=1)
  Clock Path Skew:        -0.064ns (DCD - SCD + CPR)
    Destination Clock Delay (DCD):    0.021ns = ( 1.521 - 1.500 ) 
    Source Clock Delay      (SCD):    0.085ns
    Clock Pessimism Removal (CPR):    0.000ns
  Clock Uncertainty:      0.035ns  ((TSJ^2 + TIJ^2)^1/2 + DJ) / 2 + PE
    Total System Jitter     (TSJ):    0.071ns
    Total Input Jitter      (TIJ):    0.000ns
    Discrete Jitter          (DJ):    0.000ns
    Phase Error              (PE):    0.000ns

    Location             Delay type                Incr(ns)  Path(ns)    Netlist Resource(s)
  -------------------------------------------------------------------    -------------------
                         (clock clk rise edge)        0.000     0.000 r  
                                                      0.000     0.000 r  clk (IN)
                         net (fo=97238, unset)        0.085     0.085    ACTIVATION_CYCLE_INST/A_FIFO_INST/U0/inst_fifo_gen/gconvfifo.rf/gbi.bi/v8_fifo.fblk/rst_val_sym.gextw_sym[5].inst_extd/gonep.inst_prim/clk
    RAMB36_X7Y33         FIFO36E2                                     r  ACTIVATION_CYCLE_INST/A_FIFO_INST/U0/inst_fifo_gen/gconvfifo.rf/gbi.bi/v8_fifo.fblk/rst_val_sym.gextw_sym[5].inst_extd/gonep.inst_prim/gf36e2_inst.sngfifo36e2/RDCLK
  -------------------------------------------------------------------    -------------------
    RAMB36_X7Y33         FIFO36E2 (Prop_FIFO36E2_FIFO36_RDCLK_DOUT[24])
                                                      0.216     0.301 r  ACTIVATION_CYCLE_INST/A_FIFO_INST/U0/inst_fifo_gen/gconvfifo.rf/gbi.bi/v8_fifo.fblk/rst_val_sym.gextw_sym[5].inst_extd/gonep.inst_prim/gf36e2_inst.sngfifo36e2/DOUT[24]
                         net (fo=9, routed)           1.001     1.302    ACTIVATION_CYCLE_INST/dout[311]
    SLICE_X93Y132        LUT5 (Prop_C6LUT_SLICEL_I0_O)
                                                      0.035     1.337 r  ACTIVATION_CYCLE_INST/A_internal[311]_i_1__2/O
                         net (fo=2, routed)           0.903     2.240    CORES_GEN[2].C_CORE_INST_REST.C_CORE_REST/D[311]
    SLICE_X72Y98         FDRE                                         r  CORES_GEN[2].C_CORE_INST_REST.C_CORE_REST/A_internal_reg[311]/D
  -------------------------------------------------------------------    -------------------

                         (clock clk rise edge)        1.500     1.500 r  
                                                      0.000     1.500 r  clk (IN)
                         net (fo=97238, unset)        0.021     1.521    CORES_GEN[2].C_CORE_INST_REST.C_CORE_REST/clk
    SLICE_X72Y98         FDRE                                         r  CORES_GEN[2].C_CORE_INST_REST.C_CORE_REST/A_internal_reg[311]/C
                         clock pessimism              0.000     1.521    
                         clock uncertainty           -0.035     1.486    
    SLICE_X72Y98         FDRE (Setup_FFF_SLICEM_C_D)
                                                      0.025     1.511    CORES_GEN[2].C_CORE_INST_REST.C_CORE_REST/A_internal_reg[311]
  -------------------------------------------------------------------
                         required time                          1.511    
                         arrival time                          -2.240    
  -------------------------------------------------------------------
                         slack                                 -0.729    





Min Delay Paths
--------------------------------------------------------------------------------------
Slack (MET) :             0.023ns  (arrival time - required time)
  Source:                 CORES_GEN[5].C_CORE_INST_REST.C_CORE_REST/C_CORE[3].C_BLOCK_REST.C_BLOCK_INST_REST/MULTIPLIERS[1].MULTIPLIER_OTHER.MULTIPLIER_INST_SECOND/MULTIPLIER_INST/inst/i_synth/MULT.OP/i_non_prim.EXP/STATE_UP_DELAY/i_pipe/opt_has_pipe.first_q_reg[1]/C
                            (rising edge-triggered cell FDRE clocked by clk  {rise@0.000ns fall@0.750ns period=1.500ns})
  Destination:            CORES_GEN[5].C_CORE_INST_REST.C_CORE_REST/C_CORE[3].C_BLOCK_REST.C_BLOCK_INST_REST/MULTIPLIERS[1].MULTIPLIER_OTHER.MULTIPLIER_INST_SECOND/MULTIPLIER_INST/inst/i_synth/MULT.OP/i_non_prim.EXP/STATE_DEC_DELAY/i_pipe/opt_has_pipe.first_q_reg[3]/D
                            (rising edge-triggered cell FDRE clocked by clk  {rise@0.000ns fall@0.750ns period=1.500ns})
  Path Group:             clk
  Path Type:              Hold (Min at Fast Process Corner)
  Requirement:            0.000ns  (clk rise@0.000ns - clk rise@0.000ns)
  Data Path Delay:        0.077ns  (logic 0.039ns (50.649%)  route 0.038ns (49.351%))
  Logic Levels:           0  
  Clock Path Skew:        0.007ns (DCD - SCD - CPR)
    Destination Clock Delay (DCD):    0.019ns
    Source Clock Delay      (SCD):    0.012ns
    Clock Pessimism Removal (CPR):    -0.000ns

    Location             Delay type                Incr(ns)  Path(ns)    Netlist Resource(s)
  -------------------------------------------------------------------    -------------------
                         (clock clk rise edge)        0.000     0.000 r  
                                                      0.000     0.000 r  clk (IN)
                         net (fo=97238, unset)        0.012     0.012    CORES_GEN[5].C_CORE_INST_REST.C_CORE_REST/C_CORE[3].C_BLOCK_REST.C_BLOCK_INST_REST/MULTIPLIERS[1].MULTIPLIER_OTHER.MULTIPLIER_INST_SECOND/MULTIPLIER_INST/inst/i_synth/MULT.OP/i_non_prim.EXP/STATE_UP_DELAY/i_pipe/aclk
    SLICE_X105Y43        FDRE                                         r  CORES_GEN[5].C_CORE_INST_REST.C_CORE_REST/C_CORE[3].C_BLOCK_REST.C_BLOCK_INST_REST/MULTIPLIERS[1].MULTIPLIER_OTHER.MULTIPLIER_INST_SECOND/MULTIPLIER_INST/inst/i_synth/MULT.OP/i_non_prim.EXP/STATE_UP_DELAY/i_pipe/opt_has_pipe.first_q_reg[1]/C
  -------------------------------------------------------------------    -------------------
    SLICE_X105Y43        FDRE (Prop_CFF_SLICEL_C_Q)
                                                      0.039     0.051 r  CORES_GEN[5].C_CORE_INST_REST.C_CORE_REST/C_CORE[3].C_BLOCK_REST.C_BLOCK_INST_REST/MULTIPLIERS[1].MULTIPLIER_OTHER.MULTIPLIER_INST_SECOND/MULTIPLIER_INST/inst/i_synth/MULT.OP/i_non_prim.EXP/STATE_UP_DELAY/i_pipe/opt_has_pipe.first_q_reg[1]/Q
                         net (fo=5, routed)           0.038     0.089    CORES_GEN[5].C_CORE_INST_REST.C_CORE_REST/C_CORE[3].C_BLOCK_REST.C_BLOCK_INST_REST/MULTIPLIERS[1].MULTIPLIER_OTHER.MULTIPLIER_INST_SECOND/MULTIPLIER_INST/inst/i_synth/MULT.OP/i_non_prim.EXP/STATE_DEC_DELAY/i_pipe/D[3]
    SLICE_X105Y42        FDRE                                         r  CORES_GEN[5].C_CORE_INST_REST.C_CORE_REST/C_CORE[3].C_BLOCK_REST.C_BLOCK_INST_REST/MULTIPLIERS[1].MULTIPLIER_OTHER.MULTIPLIER_INST_SECOND/MULTIPLIER_INST/inst/i_synth/MULT.OP/i_non_prim.EXP/STATE_DEC_DELAY/i_pipe/opt_has_pipe.first_q_reg[3]/D
  -------------------------------------------------------------------    -------------------

                         (clock clk rise edge)        0.000     0.000 r  
                                                      0.000     0.000 r  clk (IN)
                         net (fo=97238, unset)        0.019     0.019    CORES_GEN[5].C_CORE_INST_REST.C_CORE_REST/C_CORE[3].C_BLOCK_REST.C_BLOCK_INST_REST/MULTIPLIERS[1].MULTIPLIER_OTHER.MULTIPLIER_INST_SECOND/MULTIPLIER_INST/inst/i_synth/MULT.OP/i_non_prim.EXP/STATE_DEC_DELAY/i_pipe/aclk
    SLICE_X105Y42        FDRE                                         r  CORES_GEN[5].C_CORE_INST_REST.C_CORE_REST/C_CORE[3].C_BLOCK_REST.C_BLOCK_INST_REST/MULTIPLIERS[1].MULTIPLIER_OTHER.MULTIPLIER_INST_SECOND/MULTIPLIER_INST/inst/i_synth/MULT.OP/i_non_prim.EXP/STATE_DEC_DELAY/i_pipe/opt_has_pipe.first_q_reg[3]/C
                         clock pessimism              0.000     0.019    
    SLICE_X105Y42        FDRE (Hold_HFF2_SLICEL_C_D)
                                                      0.047     0.066    CORES_GEN[5].C_CORE_INST_REST.C_CORE_REST/C_CORE[3].C_BLOCK_REST.C_BLOCK_INST_REST/MULTIPLIERS[1].MULTIPLIER_OTHER.MULTIPLIER_INST_SECOND/MULTIPLIER_INST/inst/i_synth/MULT.OP/i_non_prim.EXP/STATE_DEC_DELAY/i_pipe/opt_has_pipe.first_q_reg[3]
  -------------------------------------------------------------------
                         required time                         -0.066    
                         arrival time                           0.089    
  -------------------------------------------------------------------
                         slack                                  0.023    





Pulse Width Checks
--------------------------------------------------------------------------------------
Clock Name:         clk
Waveform(ns):       { 0.000 0.750 }
Period(ns):         1.500
Sources:            { clk }

Check Type        Corner  Lib Pin             Reference Pin  Required(ns)  Actual(ns)  Slack(ns)  Location      Pin
Min Period        n/a     RAMB36E2/CLKARDCLK  n/a            1.569         1.500       -0.069     RAMB36_X8Y20  ACTIVATION_FIFO_INST/A_FIFOS[0].A_FIFO_INST/inst/gen_fifo.xpm_fifo_axis_inst/xpm_fifo_base_inst/gen_sdpram.xpm_memory_base_inst/gen_wr_a.gen_word_narrow.mem_reg_0/CLKARDCLK
Low Pulse Width   Slow    FIFO36E2/RDCLK      n/a            0.542         0.750       0.208      RAMB36_X7Y28  ACTIVATION_CYCLE_INST/A_FIFO_INST/U0/inst_fifo_gen/gconvfifo.rf/gbi.bi/v8_fifo.fblk/rst_val_sym.gextw_sym[1].inst_extd/gonep.inst_prim/gf36e2_inst.sngfifo36e2/RDCLK
High Pulse Width  Slow    FIFO36E2/RDCLK      n/a            0.542         0.750       0.208      RAMB36_X7Y28  ACTIVATION_CYCLE_INST/A_FIFO_INST/U0/inst_fifo_gen/gconvfifo.rf/gbi.bi/v8_fifo.fblk/rst_val_sym.gextw_sym[1].inst_extd/gonep.inst_prim/gf36e2_inst.sngfifo36e2/RDCLK



