Copyright 1986-2021 Xilinx, Inc. All Rights Reserved.
--------------------------------------------------------------------------------------------------------
| Tool Version      : Vivado v.2021.1_AR76780 (lin64) Build 3247384 Thu Jun 10 19:36:07 MDT 2021
| Date              : Wed Sep  9 17:47:20 2026
| Host              : coroni running 64-bit Ubuntu 18.04.6 LTS
| Command           : report_timing_summary -file /home/skoulas/GEMV_Sparse/family_sweep/timing_8x4.rpt
| Design            : two2N
| Device            : xcu280-fsvh2892
| Speed File        : -2L  PRODUCTION 1.29 11-17-2020
| Temperature Grade : E
--------------------------------------------------------------------------------------------------------

Timing Summary Report

------------------------------------------------------------------------------------------------
| Timer Settings
| --------------
------------------------------------------------------------------------------------------------

  Enable Multi Corner Analysis               :  Yes
  Enable Pessimism Removal                   :  Yes
  Pessimism Removal Resolution               :  Nearest Common Node
  Enable Input Delay Default Clock           :  No
  Enable Preset / Clear Arcs                 :  No
  Disable Flight Delays                      :  No
  Ignore I/O Paths                           :  No
  Timing Early Launch at Borrowing Latches   :  No
  Borrow Time for Max Delay Exceptions       :  Yes
  Merge Timing Exceptions                    :  Yes

  Corner  Analyze    Analyze    
  Name    Max Paths  Min Paths  
  ------  ---------  ---------  
  Slow    Yes        Yes        
  Fast    Yes        Yes        


------------------------------------------------------------------------------------------------
| Report Methodology
| ------------------
------------------------------------------------------------------------------------------------

No report available as report_methodology has not been run prior. Run report_methodology on the current design for the summary of methodology violations.



check_timing report

Table of Contents
-----------------
1. checking no_clock (0)
2. checking constant_clock (0)
3. checking pulse_width_clock (0)
4. checking unconstrained_internal_endpoints (0)
5. checking no_input_delay (1881)
6. checking no_output_delay (524)
7. checking multiple_clock (0)
8. checking generated_clocks (0)
9. checking loops (0)
10. checking partial_input_delay (0)
11. checking partial_output_delay (0)
12. checking latch_loops (0)

1. checking no_clock (0)
------------------------
 There are 0 register/latch pins with no clock.


2. checking constant_clock (0)
------------------------------
 There are 0 register/latch pins with constant_clock.


3. checking pulse_width_clock (0)
---------------------------------
 There are 0 register/latch pins which need pulse_width check


4. checking unconstrained_internal_endpoints (0)
------------------------------------------------
 There are 0 pins that are not constrained for maximum delay.

 There are 0 pins that are not constrained for maximum delay due to constant clock.


5. checking no_input_delay (1881)
---------------------------------
 There are 1881 input ports with no input delay specified. (HIGH)

 There are 0 input ports with no input delay but user has a false path constraint.


6. checking no_output_delay (524)
---------------------------------
 There are 524 ports with no output delay specified. (HIGH)

 There are 0 ports with no output delay but user has a false path constraint

 There are 0 ports with no output delay but with a timing clock defined on it or propagating through it


7. checking multiple_clock (0)
------------------------------
 There are 0 register/latch pins with multiple clocks.


8. checking generated_clocks (0)
--------------------------------
 There are 0 generated clocks that are not connected to a clock source.


9. checking loops (0)
---------------------
 There are 0 combinational loops in the design.


10. checking partial_input_delay (0)
------------------------------------
 There are 0 input ports with partial input delay specified.


11. checking partial_output_delay (0)
-------------------------------------
 There are 0 ports with partial output delay specified.


12. checking latch_loops (0)
----------------------------
 There are 0 combinational latch loops in the design through latch input



------------------------------------------------------------------------------------------------
| Design Timing Summary
| ---------------------
------------------------------------------------------------------------------------------------

    WNS(ns)      TNS(ns)  TNS Failing Endpoints  TNS Total Endpoints      WHS(ns)      THS(ns)  THS Failing Endpoints  THS Total Endpoints     WPWS(ns)     TPWS(ns)  TPWS Failing Endpoints  TPWS Total Endpoints  
    -------      -------  ---------------------  -------------------      -------      -------  ---------------------  -------------------     --------     --------  ----------------------  --------------------  
     -0.286      -91.280                   1583                92914        0.038        0.000                      0                92914       -0.069       -5.106                      74                 47743  


Timing constraints are not met.


------------------------------------------------------------------------------------------------
| Clock Summary
| -------------
------------------------------------------------------------------------------------------------

Clock  Waveform(ns)         Period(ns)      Frequency(MHz)
-----  ------------         ----------      --------------
clk    {0.000 0.750}        1.500           666.667         


------------------------------------------------------------------------------------------------
| Intra Clock Table
| -----------------
------------------------------------------------------------------------------------------------

Clock             WNS(ns)      TNS(ns)  TNS Failing Endpoints  TNS Total Endpoints      WHS(ns)      THS(ns)  THS Failing Endpoints  THS Total Endpoints     WPWS(ns)     TPWS(ns)  TPWS Failing Endpoints  TPWS Total Endpoints  
-----             -------      -------  ---------------------  -------------------      -------      -------  ---------------------  -------------------     --------     --------  ----------------------  --------------------  
clk                -0.286      -91.280                   1583                92914        0.038        0.000                      0                92914       -0.069       -5.106                      74                 47743  


------------------------------------------------------------------------------------------------
| Inter Clock Table
| -----------------
------------------------------------------------------------------------------------------------

From Clock    To Clock          WNS(ns)      TNS(ns)  TNS Failing Endpoints  TNS Total Endpoints      WHS(ns)      THS(ns)  THS Failing Endpoints  THS Total Endpoints  
----------    --------          -------      -------  ---------------------  -------------------      -------      -------  ---------------------  -------------------  


------------------------------------------------------------------------------------------------
| Other Path Groups Table
| -----------------------
------------------------------------------------------------------------------------------------

Path Group    From Clock    To Clock          WNS(ns)      TNS(ns)  TNS Failing Endpoints  TNS Total Endpoints      WHS(ns)      THS(ns)  THS Failing Endpoints  THS Total Endpoints  
----------    ----------    --------          -------      -------  ---------------------  -------------------      -------      -------  ---------------------  -------------------  


------------------------------------------------------------------------------------------------
| Timing Details
| --------------
------------------------------------------------------------------------------------------------


---------------------------------------------------------------------------------------------------
From Clock:  clk
  To Clock:  clk

Setup :         1583  Failing Endpoints,  Worst Slack       -0.286ns,  Total Violation      -91.280ns
Hold  :            0  Failing Endpoints,  Worst Slack        0.038ns,  Total Violation        0.000ns
PW    :           74  Failing Endpoints,  Worst Slack       -0.069ns,  Total Violation       -5.106ns
---------------------------------------------------------------------------------------------------


Max Delay Paths
--------------------------------------------------------------------------------------
Slack (VIOLATED) :        -0.286ns  (required time - arrival time)
  Source:                 rd_en_int_a_reg/C
                            (rising edge-triggered cell FDRE clocked by clk  {rise@0.000ns fall@0.750ns period=1.500ns})
  Destination:            ACTIVATION_CYCLE_INST/A_FIFO_INST/U0/inst_fifo_gen/gconvfifo.rf/gbi.bi/v8_fifo.fblk/rst_val_sym.gextw_sym[3].inst_extd/gonep.inst_prim/gf36e2_inst.sngfifo36e2/WREN
                            (rising edge-triggered cell FIFO36E2 clocked by clk  {rise@0.000ns fall@0.750ns period=1.500ns})
  Path Group:             clk
  Path Type:              Setup (Max at Slow Process Corner)
  Requirement:            1.500ns  (clk rise@1.500ns - clk rise@0.000ns)
  Data Path Delay:        1.316ns  (logic 0.114ns (8.663%)  route 1.202ns (91.337%))
  Logic Levels:           1  (LUT4=1)
  Clock Path Skew:        0.010ns (DCD - SCD + CPR)
    Destination Clock Delay (DCD):    0.039ns = ( 1.539 - 1.500 ) 
    Source Clock Delay      (SCD):    0.029ns
    Clock Pessimism Removal (CPR):    0.000ns
  Clock Uncertainty:      0.035ns  ((TSJ^2 + TIJ^2)^1/2 + DJ) / 2 + PE
    Total System Jitter     (TSJ):    0.071ns
    Total Input Jitter      (TIJ):    0.000ns
    Discrete Jitter          (DJ):    0.000ns
    Phase Error              (PE):    0.000ns

    Location             Delay type                Incr(ns)  Path(ns)    Netlist Resource(s)
  -------------------------------------------------------------------    -------------------
                         (clock clk rise edge)        0.000     0.000 r  
                                                      0.000     0.000 r  clk (IN)
                         net (fo=49022, unset)        0.029     0.029    clk
    SLICE_X143Y63        FDRE                                         r  rd_en_int_a_reg/C
  -------------------------------------------------------------------    -------------------
    SLICE_X143Y63        FDRE (Prop_HFF_SLICEL_C_Q)
                                                      0.079     0.108 r  rd_en_int_a_reg/Q
                         net (fo=10, routed)          0.346     0.454    ACTIVATION_CYCLE_INST/last_win_reg_0
    SLICE_X144Y46        LUT4 (Prop_F6LUT_SLICEL_I2_O)
                                                      0.035     0.489 r  ACTIVATION_CYCLE_INST/A_FIFO_INST_i_515/O
                         net (fo=8, routed)           0.856     1.345    ACTIVATION_CYCLE_INST/A_FIFO_INST/U0/inst_fifo_gen/gconvfifo.rf/gbi.bi/v8_fifo.fblk/rst_val_sym.gextw_sym[3].inst_extd/gonep.inst_prim/wr_en
    RAMB36_X10Y17        FIFO36E2                                     r  ACTIVATION_CYCLE_INST/A_FIFO_INST/U0/inst_fifo_gen/gconvfifo.rf/gbi.bi/v8_fifo.fblk/rst_val_sym.gextw_sym[3].inst_extd/gonep.inst_prim/gf36e2_inst.sngfifo36e2/WREN
  -------------------------------------------------------------------    -------------------

                         (clock clk rise edge)        1.500     1.500 r  
                                                      0.000     1.500 r  clk (IN)
                         net (fo=49022, unset)        0.039     1.539    ACTIVATION_CYCLE_INST/A_FIFO_INST/U0/inst_fifo_gen/gconvfifo.rf/gbi.bi/v8_fifo.fblk/rst_val_sym.gextw_sym[3].inst_extd/gonep.inst_prim/clk
    RAMB36_X10Y17        FIFO36E2                                     r  ACTIVATION_CYCLE_INST/A_FIFO_INST/U0/inst_fifo_gen/gconvfifo.rf/gbi.bi/v8_fifo.fblk/rst_val_sym.gextw_sym[3].inst_extd/gonep.inst_prim/gf36e2_inst.sngfifo36e2/RDCLK
                         clock pessimism              0.000     1.539    
                         clock uncertainty           -0.035     1.504    
    RAMB36_X10Y17        FIFO36E2 (Setup_FIFO36E2_FIFO36_RDCLK_WREN)
                                                     -0.445     1.059    ACTIVATION_CYCLE_INST/A_FIFO_INST/U0/inst_fifo_gen/gconvfifo.rf/gbi.bi/v8_fifo.fblk/rst_val_sym.gextw_sym[3].inst_extd/gonep.inst_prim/gf36e2_inst.sngfifo36e2
  -------------------------------------------------------------------
                         required time                          1.059    
                         arrival time                          -1.345    
  -------------------------------------------------------------------
                         slack                                 -0.286    





Min Delay Paths
--------------------------------------------------------------------------------------
Slack (MET) :             0.038ns  (arrival time - required time)
  Source:                 CORES_GEN[2].C_CORE_INST_REST.C_CORE_REST/C_CORE[2].C_BLOCK_REST.C_BLOCK_INST_REST/MULTIPLIERS[0].MULTIPLIER_FIRST.MULTIPLIER_INST_FIRST/MULTIPLIER_INST/inst/i_synth/MULT.OP/i_non_prim.OP/RESULT_REG.NORMAL.mant_op_reg[6]/C
                            (rising edge-triggered cell FDRE clocked by clk  {rise@0.000ns fall@0.750ns period=1.500ns})
  Destination:            CORES_GEN[2].C_CORE_INST_REST.C_CORE_REST/C_CORE[2].C_BLOCK_REST.C_BLOCK_INST_REST/ADDER_INSTANCE/ADDER_INST/inst/i_synth/need_combiner.use_2to1.skid_buffer_combiner/gen_has_z_tready.reg2_a_tdata_reg[6]/D
                            (rising edge-triggered cell FDRE clocked by clk  {rise@0.000ns fall@0.750ns period=1.500ns})
  Path Group:             clk
  Path Type:              Hold (Min at Fast Process Corner)
  Requirement:            0.000ns  (clk rise@0.000ns - clk rise@0.000ns)
  Data Path Delay:        0.090ns  (logic 0.059ns (65.556%)  route 0.031ns (34.444%))
  Logic Levels:           1  (LUT3=1)
  Clock Path Skew:        0.005ns (DCD - SCD - CPR)
    Destination Clock Delay (DCD):    0.018ns
    Source Clock Delay      (SCD):    0.013ns
    Clock Pessimism Removal (CPR):    -0.000ns

    Location             Delay type                Incr(ns)  Path(ns)    Netlist Resource(s)
  -------------------------------------------------------------------    -------------------
                         (clock clk rise edge)        0.000     0.000 r  
                                                      0.000     0.000 r  clk (IN)
                         net (fo=49022, unset)        0.013     0.013    CORES_GEN[2].C_CORE_INST_REST.C_CORE_REST/C_CORE[2].C_BLOCK_REST.C_BLOCK_INST_REST/MULTIPLIERS[0].MULTIPLIER_FIRST.MULTIPLIER_INST_FIRST/MULTIPLIER_INST/inst/i_synth/MULT.OP/i_non_prim.OP/aclk
    SLICE_X199Y69        FDRE                                         r  CORES_GEN[2].C_CORE_INST_REST.C_CORE_REST/C_CORE[2].C_BLOCK_REST.C_BLOCK_INST_REST/MULTIPLIERS[0].MULTIPLIER_FIRST.MULTIPLIER_INST_FIRST/MULTIPLIER_INST/inst/i_synth/MULT.OP/i_non_prim.OP/RESULT_REG.NORMAL.mant_op_reg[6]/C
  -------------------------------------------------------------------    -------------------
    SLICE_X199Y69        FDRE (Prop_GFF_SLICEL_C_Q)
                                                      0.039     0.052 r  CORES_GEN[2].C_CORE_INST_REST.C_CORE_REST/C_CORE[2].C_BLOCK_REST.C_BLOCK_INST_REST/MULTIPLIERS[0].MULTIPLIER_FIRST.MULTIPLIER_INST_FIRST/MULTIPLIER_INST/inst/i_synth/MULT.OP/i_non_prim.OP/RESULT_REG.NORMAL.mant_op_reg[6]/Q
                         net (fo=2, routed)           0.025     0.077    CORES_GEN[2].C_CORE_INST_REST.C_CORE_REST/C_CORE[2].C_BLOCK_REST.C_BLOCK_INST_REST/ADDER_INSTANCE/ADDER_INST/inst/i_synth/need_combiner.use_2to1.skid_buffer_combiner/s_axis_a_tdata[6]
    SLICE_X199Y69        LUT3 (Prop_D5LUT_SLICEL_I2_O)
                                                      0.020     0.097 r  CORES_GEN[2].C_CORE_INST_REST.C_CORE_REST/C_CORE[2].C_BLOCK_REST.C_BLOCK_INST_REST/ADDER_INSTANCE/ADDER_INST/inst/i_synth/need_combiner.use_2to1.skid_buffer_combiner/gen_has_z_tready.reg2_a_tdata[6]_i_1/O
                         net (fo=1, routed)           0.006     0.103    CORES_GEN[2].C_CORE_INST_REST.C_CORE_REST/C_CORE[2].C_BLOCK_REST.C_BLOCK_INST_REST/ADDER_INSTANCE/ADDER_INST/inst/i_synth/need_combiner.use_2to1.skid_buffer_combiner/gen_has_z_tready.reg2_a_tdata[6]_i_1_n_0
    SLICE_X199Y69        FDRE                                         r  CORES_GEN[2].C_CORE_INST_REST.C_CORE_REST/C_CORE[2].C_BLOCK_REST.C_BLOCK_INST_REST/ADDER_INSTANCE/ADDER_INST/inst/i_synth/need_combiner.use_2to1.skid_buffer_combiner/gen_has_z_tready.reg2_a_tdata_reg[6]/D
  -------------------------------------------------------------------    -------------------

                         (clock clk rise edge)        0.000     0.000 r  
                                                      0.000     0.000 r  clk (IN)
                         net (fo=49022, unset)        0.018     0.018    CORES_GEN[2].C_CORE_INST_REST.C_CORE_REST/C_CORE[2].C_BLOCK_REST.C_BLOCK_INST_REST/ADDER_INSTANCE/ADDER_INST/inst/i_synth/need_combiner.use_2to1.skid_buffer_combiner/aclk
    SLICE_X199Y69        FDRE                                         r  CORES_GEN[2].C_CORE_INST_REST.C_CORE_REST/C_CORE[2].C_BLOCK_REST.C_BLOCK_INST_REST/ADDER_INSTANCE/ADDER_INST/inst/i_synth/need_combiner.use_2to1.skid_buffer_combiner/gen_has_z_tready.reg2_a_tdata_reg[6]/C
                         clock pessimism              0.000     0.018    
    SLICE_X199Y69        FDRE (Hold_DFF2_SLICEL_C_D)
                                                      0.047     0.065    CORES_GEN[2].C_CORE_INST_REST.C_CORE_REST/C_CORE[2].C_BLOCK_REST.C_BLOCK_INST_REST/ADDER_INSTANCE/ADDER_INST/inst/i_synth/need_combiner.use_2to1.skid_buffer_combiner/gen_has_z_tready.reg2_a_tdata_reg[6]
  -------------------------------------------------------------------
                         required time                         -0.065    
                         arrival time                           0.103    
  -------------------------------------------------------------------
                         slack                                  0.038    





Pulse Width Checks
--------------------------------------------------------------------------------------
Clock Name:         clk
Waveform(ns):       { 0.000 0.750 }
Period(ns):         1.500
Sources:            { clk }

Check Type        Corner  Lib Pin             Reference Pin  Required(ns)  Actual(ns)  Slack(ns)  Location       Pin
Min Period        n/a     RAMB36E2/CLKARDCLK  n/a            1.569         1.500       -0.069     RAMB36_X9Y12   ACTIVATION_FIFO_INST/A_FIFOS[0].A_FIFO_INST/inst/gen_fifo.xpm_fifo_axis_inst/xpm_fifo_base_inst/gen_sdpram.xpm_memory_base_inst/gen_wr_a.gen_word_narrow.mem_reg_0/CLKARDCLK
Low Pulse Width   Slow    FIFO36E2/RDCLK      n/a            0.542         0.750       0.208      RAMB36_X10Y13  ACTIVATION_CYCLE_INST/A_FIFO_INST/U0/inst_fifo_gen/gconvfifo.rf/gbi.bi/v8_fifo.fblk/rst_val_sym.gextw_sym[1].inst_extd/gonep.inst_prim/gf36e2_inst.sngfifo36e2/RDCLK
High Pulse Width  Slow    FIFO36E2/RDCLK      n/a            0.542         0.750       0.208      RAMB36_X10Y13  ACTIVATION_CYCLE_INST/A_FIFO_INST/U0/inst_fifo_gen/gconvfifo.rf/gbi.bi/v8_fifo.fblk/rst_val_sym.gextw_sym[1].inst_extd/gonep.inst_prim/gf36e2_inst.sngfifo36e2/RDCLK



