Copyright 1986-2021 Xilinx, Inc. All Rights Reserved.
--------------------------------------------------------------------------------------------------------
| Tool Version      : Vivado v.2021.1_AR76780 (lin64) Build 3247384 Thu Jun 10 19:36:07 MDT 2021
| Date              : Wed Sep  9 16:43:55 2026
| Host              : coroni running 64-bit Ubuntu 18.04.6 LTS
| Command           : report_timing_summary -file /home/skoulas/GEMV_Sparse/family_sweep/timing_8x2.rpt
| Design            : two2N
| Device            : xcu280-fsvh2892
| Speed File        : -2L  PRODUCTION 1.29 11-17-2020
| Temperature Grade : E
--------------------------------------------------------------------------------------------------------

Timing Summary Report

------------------------------------------------------------------------------------------------
| Timer Settings
| --------------
------------------------------------------------------------------------------------------------

  Enable Multi Corner Analysis               :  Yes
  Enable Pessimism Removal                   :  Yes
  Pessimism Removal Resolution               :  Nearest Common Node
  Enable Input Delay Default Clock           :  No
  Enable Preset / Clear Arcs                 :  No
  Disable Flight Delays                      :  No
  Ignore I/O Paths                           :  No
  Timing Early Launch at Borrowing Latches   :  No
  Borrow Time for Max Delay Exceptions       :  Yes
  Merge Timing Exceptions                    :  Yes

  Corner  Analyze    Analyze    
  Name    Max Paths  Min Paths  
  ------  ---------  ---------  
  Slow    Yes        Yes        
  Fast    Yes        Yes        


------------------------------------------------------------------------------------------------
| Report Methodology
| ------------------
------------------------------------------------------------------------------------------------

No report available as report_methodology has not been run prior. Run report_methodology on the current design for the summary of methodology violations.



check_timing report

Table of Contents
-----------------
1. checking no_clock (0)
2. checking constant_clock (0)
3. checking pulse_width_clock (0)
4. checking unconstrained_internal_endpoints (0)
5. checking no_input_delay (1251)
6. checking no_output_delay (263)
7. checking multiple_clock (0)
8. checking generated_clocks (0)
9. checking loops (0)
10. checking partial_input_delay (0)
11. checking partial_output_delay (0)
12. checking latch_loops (0)

1. checking no_clock (0)
------------------------
 There are 0 register/latch pins with no clock.


2. checking constant_clock (0)
------------------------------
 There are 0 register/latch pins with constant_clock.


3. checking pulse_width_clock (0)
---------------------------------
 There are 0 register/latch pins which need pulse_width check


4. checking unconstrained_internal_endpoints (0)
------------------------------------------------
 There are 0 pins that are not constrained for maximum delay.

 There are 0 pins that are not constrained for maximum delay due to constant clock.


5. checking no_input_delay (1251)
---------------------------------
 There are 1251 input ports with no input delay specified. (HIGH)

 There are 0 input ports with no input delay but user has a false path constraint.


6. checking no_output_delay (263)
---------------------------------
 There are 263 ports with no output delay specified. (HIGH)

 There are 0 ports with no output delay but user has a false path constraint

 There are 0 ports with no output delay but with a timing clock defined on it or propagating through it


7. checking multiple_clock (0)
------------------------------
 There are 0 register/latch pins with multiple clocks.


8. checking generated_clocks (0)
--------------------------------
 There are 0 generated clocks that are not connected to a clock source.


9. checking loops (0)
---------------------
 There are 0 combinational loops in the design.


10. checking partial_input_delay (0)
------------------------------------
 There are 0 input ports with partial input delay specified.


11. checking partial_output_delay (0)
-------------------------------------
 There are 0 ports with partial output delay specified.


12. checking latch_loops (0)
----------------------------
 There are 0 combinational latch loops in the design through latch input



------------------------------------------------------------------------------------------------
| Design Timing Summary
| ---------------------
------------------------------------------------------------------------------------------------

    WNS(ns)      TNS(ns)  TNS Failing Endpoints  TNS Total Endpoints      WHS(ns)      THS(ns)  THS Failing Endpoints  THS Total Endpoints     WPWS(ns)     TPWS(ns)  TPWS Failing Endpoints  TPWS Total Endpoints  
    -------      -------  ---------------------  -------------------      -------      -------  ---------------------  -------------------     --------     --------  ----------------------  --------------------  
     -0.204      -11.342                    285                51764        0.036        0.000                      0                51764       -0.069       -3.174                      46                 26346  


Timing constraints are not met.


------------------------------------------------------------------------------------------------
| Clock Summary
| -------------
------------------------------------------------------------------------------------------------

Clock  Waveform(ns)         Period(ns)      Frequency(MHz)
-----  ------------         ----------      --------------
clk    {0.000 0.750}        1.500           666.667         


------------------------------------------------------------------------------------------------
| Intra Clock Table
| -----------------
------------------------------------------------------------------------------------------------

Clock             WNS(ns)      TNS(ns)  TNS Failing Endpoints  TNS Total Endpoints      WHS(ns)      THS(ns)  THS Failing Endpoints  THS Total Endpoints     WPWS(ns)     TPWS(ns)  TPWS Failing Endpoints  TPWS Total Endpoints  
-----             -------      -------  ---------------------  -------------------      -------      -------  ---------------------  -------------------     --------     --------  ----------------------  --------------------  
clk                -0.204      -11.342                    285                51764        0.036        0.000                      0                51764       -0.069       -3.174                      46                 26346  


------------------------------------------------------------------------------------------------
| Inter Clock Table
| -----------------
------------------------------------------------------------------------------------------------

From Clock    To Clock          WNS(ns)      TNS(ns)  TNS Failing Endpoints  TNS Total Endpoints      WHS(ns)      THS(ns)  THS Failing Endpoints  THS Total Endpoints  
----------    --------          -------      -------  ---------------------  -------------------      -------      -------  ---------------------  -------------------  


------------------------------------------------------------------------------------------------
| Other Path Groups Table
| -----------------------
------------------------------------------------------------------------------------------------

Path Group    From Clock    To Clock          WNS(ns)      TNS(ns)  TNS Failing Endpoints  TNS Total Endpoints      WHS(ns)      THS(ns)  THS Failing Endpoints  THS Total Endpoints  
----------    ----------    --------          -------      -------  ---------------------  -------------------      -------      -------  ---------------------  -------------------  


------------------------------------------------------------------------------------------------
| Timing Details
| --------------
------------------------------------------------------------------------------------------------


---------------------------------------------------------------------------------------------------
From Clock:  clk
  To Clock:  clk

Setup :          285  Failing Endpoints,  Worst Slack       -0.204ns,  Total Violation      -11.342ns
Hold  :            0  Failing Endpoints,  Worst Slack        0.036ns,  Total Violation        0.000ns
PW    :           46  Failing Endpoints,  Worst Slack       -0.069ns,  Total Violation       -3.174ns
---------------------------------------------------------------------------------------------------


Max Delay Paths
--------------------------------------------------------------------------------------
Slack (VIOLATED) :        -0.204ns  (required time - arrival time)
  Source:                 rd_en_int_a_reg_replica/C
                            (rising edge-triggered cell FDRE clocked by clk  {rise@0.000ns fall@0.750ns period=1.500ns})
  Destination:            ACTIVATION_FIFO_INST/A_FIFOS[0].A_FIFO_INST/inst/gen_fifo.xpm_fifo_axis_inst/xpm_fifo_base_inst/gen_sdpram.xpm_memory_base_inst/gen_wr_a.gen_word_narrow.mem_reg_1/REGCEAREGCE
                            (rising edge-triggered cell RAMB36E2 clocked by clk  {rise@0.000ns fall@0.750ns period=1.500ns})
  Path Group:             clk
  Path Type:              Setup (Max at Slow Process Corner)
  Requirement:            1.500ns  (clk rise@1.500ns - clk rise@0.000ns)
  Data Path Delay:        1.447ns  (logic 0.228ns (15.757%)  route 1.219ns (84.243%))
  Logic Levels:           2  (LUT4=2)
  Clock Path Skew:        0.011ns (DCD - SCD + CPR)
    Destination Clock Delay (DCD):    0.039ns = ( 1.539 - 1.500 ) 
    Source Clock Delay      (SCD):    0.028ns
    Clock Pessimism Removal (CPR):    0.000ns
  Clock Uncertainty:      0.035ns  ((TSJ^2 + TIJ^2)^1/2 + DJ) / 2 + PE
    Total System Jitter     (TSJ):    0.071ns
    Total Input Jitter      (TIJ):    0.000ns
    Discrete Jitter          (DJ):    0.000ns
    Phase Error              (PE):    0.000ns

    Location             Delay type                Incr(ns)  Path(ns)    Netlist Resource(s)
  -------------------------------------------------------------------    -------------------
                         (clock clk rise edge)        0.000     0.000 r  
                                                      0.000     0.000 r  clk (IN)
                         net (fo=26985, unset)        0.028     0.028    clk
    SLICE_X105Y201       FDRE                                         r  rd_en_int_a_reg_replica/C
  -------------------------------------------------------------------    -------------------
    SLICE_X105Y201       FDRE (Prop_AFF_SLICEL_C_Q)
                                                      0.079     0.107 r  rd_en_int_a_reg_replica/Q
                         net (fo=1, routed)           0.090     0.197    ACTIVATION_FIFO_INST/rd_en_int_a_reg_n_0_repN_alias
    SLICE_X105Y200       LUT4 (Prop_A6LUT_SLICEL_I3_O)
                                                      0.098     0.295 r  ACTIVATION_FIFO_INST/A_FIFOS[1].A_FIFO_INST_i_1/O
                         net (fo=6, routed)           0.600     0.895    ACTIVATION_FIFO_INST/A_FIFOS[0].A_FIFO_INST/inst/gen_fifo.xpm_fifo_axis_inst/xpm_fifo_base_inst/m_axis_tready_alias
    SLICE_X93Y199        LUT4 (Prop_E6LUT_SLICEL_I3_O)
                                                      0.051     0.946 r  ACTIVATION_FIFO_INST/A_FIFOS[0].A_FIFO_INST/inst/gen_fifo.xpm_fifo_axis_inst/xpm_fifo_base_inst/gen_sdpram.xpm_memory_base_inst_i_3_comp/O
                         net (fo=4, routed)           0.529     1.475    ACTIVATION_FIFO_INST/A_FIFOS[0].A_FIFO_INST/inst/gen_fifo.xpm_fifo_axis_inst/xpm_fifo_base_inst/gen_sdpram.xpm_memory_base_inst/regceb
    RAMB36_X6Y42         RAMB36E2                                     r  ACTIVATION_FIFO_INST/A_FIFOS[0].A_FIFO_INST/inst/gen_fifo.xpm_fifo_axis_inst/xpm_fifo_base_inst/gen_sdpram.xpm_memory_base_inst/gen_wr_a.gen_word_narrow.mem_reg_1/REGCEAREGCE
  -------------------------------------------------------------------    -------------------

                         (clock clk rise edge)        1.500     1.500 r  
                                                      0.000     1.500 r  clk (IN)
                         net (fo=26985, unset)        0.039     1.539    ACTIVATION_FIFO_INST/A_FIFOS[0].A_FIFO_INST/inst/gen_fifo.xpm_fifo_axis_inst/xpm_fifo_base_inst/gen_sdpram.xpm_memory_base_inst/clka
    RAMB36_X6Y42         RAMB36E2                                     r  ACTIVATION_FIFO_INST/A_FIFOS[0].A_FIFO_INST/inst/gen_fifo.xpm_fifo_axis_inst/xpm_fifo_base_inst/gen_sdpram.xpm_memory_base_inst/gen_wr_a.gen_word_narrow.mem_reg_1/CLKARDCLK
                         clock pessimism              0.000     1.539    
                         clock uncertainty           -0.035     1.504    
    RAMB36_X6Y42         RAMB36E2 (Setup_RAMB36E2_RAMB36_CLKARDCLK_REGCEAREGCE)
                                                     -0.233     1.271    ACTIVATION_FIFO_INST/A_FIFOS[0].A_FIFO_INST/inst/gen_fifo.xpm_fifo_axis_inst/xpm_fifo_base_inst/gen_sdpram.xpm_memory_base_inst/gen_wr_a.gen_word_narrow.mem_reg_1
  -------------------------------------------------------------------
                         required time                          1.271    
                         arrival time                          -1.475    
  -------------------------------------------------------------------
                         slack                                 -0.204    





Min Delay Paths
--------------------------------------------------------------------------------------
Slack (MET) :             0.036ns  (arrival time - required time)
  Source:                 CORES_GEN[1].C_CORE_INST_REST.C_CORE_REST/C_CORE[0].C_BLOCK_FIRST.C_BLOCK_INST_FIRST/MULTIPLIERS[1].MULTIPLIER_OTHER.MULTIPLIER_INST_SECOND/MULTIPLIER_INST/inst/i_synth/MULT.OP/i_non_prim.EXP/STATE_UP_DELAY/i_pipe/opt_has_pipe.first_q_reg[0]/C
                            (rising edge-triggered cell FDRE clocked by clk  {rise@0.000ns fall@0.750ns period=1.500ns})
  Destination:            CORES_GEN[1].C_CORE_INST_REST.C_CORE_REST/C_CORE[0].C_BLOCK_FIRST.C_BLOCK_INST_FIRST/MULTIPLIERS[1].MULTIPLIER_OTHER.MULTIPLIER_INST_SECOND/MULTIPLIER_INST/inst/i_synth/MULT.OP/i_non_prim.EXP/STATE_DEC_DELAY/i_pipe/opt_has_pipe.first_q_reg[12]/D
                            (rising edge-triggered cell FDRE clocked by clk  {rise@0.000ns fall@0.750ns period=1.500ns})
  Path Group:             clk
  Path Type:              Hold (Min at Fast Process Corner)
  Requirement:            0.000ns  (clk rise@0.000ns - clk rise@0.000ns)
  Data Path Delay:        0.089ns  (logic 0.039ns (43.820%)  route 0.050ns (56.180%))
  Logic Levels:           0  
  Clock Path Skew:        0.006ns (DCD - SCD - CPR)
    Destination Clock Delay (DCD):    0.019ns
    Source Clock Delay      (SCD):    0.013ns
    Clock Pessimism Removal (CPR):    -0.000ns

    Location             Delay type                Incr(ns)  Path(ns)    Netlist Resource(s)
  -------------------------------------------------------------------    -------------------
                         (clock clk rise edge)        0.000     0.000 r  
                                                      0.000     0.000 r  clk (IN)
                         net (fo=26985, unset)        0.013     0.013    CORES_GEN[1].C_CORE_INST_REST.C_CORE_REST/C_CORE[0].C_BLOCK_FIRST.C_BLOCK_INST_FIRST/MULTIPLIERS[1].MULTIPLIER_OTHER.MULTIPLIER_INST_SECOND/MULTIPLIER_INST/inst/i_synth/MULT.OP/i_non_prim.EXP/STATE_UP_DELAY/i_pipe/aclk
    SLICE_X74Y215        FDRE                                         r  CORES_GEN[1].C_CORE_INST_REST.C_CORE_REST/C_CORE[0].C_BLOCK_FIRST.C_BLOCK_INST_FIRST/MULTIPLIERS[1].MULTIPLIER_OTHER.MULTIPLIER_INST_SECOND/MULTIPLIER_INST/inst/i_synth/MULT.OP/i_non_prim.EXP/STATE_UP_DELAY/i_pipe/opt_has_pipe.first_q_reg[0]/C
  -------------------------------------------------------------------    -------------------
    SLICE_X74Y215        FDRE (Prop_DFF_SLICEM_C_Q)
                                                      0.039     0.052 r  CORES_GEN[1].C_CORE_INST_REST.C_CORE_REST/C_CORE[0].C_BLOCK_FIRST.C_BLOCK_INST_FIRST/MULTIPLIERS[1].MULTIPLIER_OTHER.MULTIPLIER_INST_SECOND/MULTIPLIER_INST/inst/i_synth/MULT.OP/i_non_prim.EXP/STATE_UP_DELAY/i_pipe/opt_has_pipe.first_q_reg[0]/Q
                         net (fo=6, routed)           0.050     0.102    CORES_GEN[1].C_CORE_INST_REST.C_CORE_REST/C_CORE[0].C_BLOCK_FIRST.C_BLOCK_INST_FIRST/MULTIPLIERS[1].MULTIPLIER_OTHER.MULTIPLIER_INST_SECOND/MULTIPLIER_INST/inst/i_synth/MULT.OP/i_non_prim.EXP/STATE_DEC_DELAY/i_pipe/D[6]
    SLICE_X74Y215        FDRE                                         r  CORES_GEN[1].C_CORE_INST_REST.C_CORE_REST/C_CORE[0].C_BLOCK_FIRST.C_BLOCK_INST_FIRST/MULTIPLIERS[1].MULTIPLIER_OTHER.MULTIPLIER_INST_SECOND/MULTIPLIER_INST/inst/i_synth/MULT.OP/i_non_prim.EXP/STATE_DEC_DELAY/i_pipe/opt_has_pipe.first_q_reg[12]/D
  -------------------------------------------------------------------    -------------------

                         (clock clk rise edge)        0.000     0.000 r  
                                                      0.000     0.000 r  clk (IN)
                         net (fo=26985, unset)        0.019     0.019    CORES_GEN[1].C_CORE_INST_REST.C_CORE_REST/C_CORE[0].C_BLOCK_FIRST.C_BLOCK_INST_FIRST/MULTIPLIERS[1].MULTIPLIER_OTHER.MULTIPLIER_INST_SECOND/MULTIPLIER_INST/inst/i_synth/MULT.OP/i_non_prim.EXP/STATE_DEC_DELAY/i_pipe/aclk
    SLICE_X74Y215        FDRE                                         r  CORES_GEN[1].C_CORE_INST_REST.C_CORE_REST/C_CORE[0].C_BLOCK_FIRST.C_BLOCK_INST_FIRST/MULTIPLIERS[1].MULTIPLIER_OTHER.MULTIPLIER_INST_SECOND/MULTIPLIER_INST/inst/i_synth/MULT.OP/i_non_prim.EXP/STATE_DEC_DELAY/i_pipe/opt_has_pipe.first_q_reg[12]/C
                         clock pessimism              0.000     0.019    
    SLICE_X74Y215        FDRE (Hold_CFF2_SLICEM_C_D)
                                                      0.047     0.066    CORES_GEN[1].C_CORE_INST_REST.C_CORE_REST/C_CORE[0].C_BLOCK_FIRST.C_BLOCK_INST_FIRST/MULTIPLIERS[1].MULTIPLIER_OTHER.MULTIPLIER_INST_SECOND/MULTIPLIER_INST/inst/i_synth/MULT.OP/i_non_prim.EXP/STATE_DEC_DELAY/i_pipe/opt_has_pipe.first_q_reg[12]
  -------------------------------------------------------------------
                         required time                         -0.066    
                         arrival time                           0.102    
  -------------------------------------------------------------------
                         slack                                  0.036    





Pulse Width Checks
--------------------------------------------------------------------------------------
Clock Name:         clk
Waveform(ns):       { 0.000 0.750 }
Period(ns):         1.500
Sources:            { clk }

Check Type        Corner  Lib Pin             Reference Pin  Required(ns)  Actual(ns)  Slack(ns)  Location      Pin
Min Period        n/a     RAMB36E2/CLKARDCLK  n/a            1.569         1.500       -0.069     RAMB36_X6Y40  ACTIVATION_FIFO_INST/A_FIFOS[0].A_FIFO_INST/inst/gen_fifo.xpm_fifo_axis_inst/xpm_fifo_base_inst/gen_sdpram.xpm_memory_base_inst/gen_wr_a.gen_word_narrow.mem_reg_0/CLKARDCLK
Low Pulse Width   Slow    FIFO36E2/RDCLK      n/a            0.542         0.750       0.208      RAMB36_X7Y38  ACTIVATION_CYCLE_INST/A_FIFO_INST/U0/inst_fifo_gen/gconvfifo.rf/gbi.bi/v8_fifo.fblk/rst_val_sym.gextw_sym[1].inst_extd/gonep.inst_prim/gf36e2_inst.sngfifo36e2/RDCLK
High Pulse Width  Slow    FIFO36E2/RDCLK      n/a            0.542         0.750       0.208      RAMB36_X7Y38  ACTIVATION_CYCLE_INST/A_FIFO_INST/U0/inst_fifo_gen/gconvfifo.rf/gbi.bi/v8_fifo.fblk/rst_val_sym.gextw_sym[1].inst_extd/gonep.inst_prim/gf36e2_inst.sngfifo36e2/RDCLK



