Copyright 1986-2021 Xilinx, Inc. All Rights Reserved.
---------------------------------------------------------------------------------------------------------
| Tool Version      : Vivado v.2021.1_AR76780 (lin64) Build 3247384 Thu Jun 10 19:36:07 MDT 2021
| Date              : Wed Sep  9 22:46:45 2026
| Host              : coroni running 64-bit Ubuntu 18.04.6 LTS
| Command           : report_timing_summary -file /home/skoulas/GEMV_Sparse/family_sweep/timing_4x24.rpt
| Design            : two2N
| Device            : xcu280-fsvh2892
| Speed File        : -2L  PRODUCTION 1.29 11-17-2020
| Temperature Grade : E
---------------------------------------------------------------------------------------------------------

Timing Summary Report

------------------------------------------------------------------------------------------------
| Timer Settings
| --------------
------------------------------------------------------------------------------------------------

  Enable Multi Corner Analysis               :  Yes
  Enable Pessimism Removal                   :  Yes
  Pessimism Removal Resolution               :  Nearest Common Node
  Enable Input Delay Default Clock           :  No
  Enable Preset / Clear Arcs                 :  No
  Disable Flight Delays                      :  No
  Ignore I/O Paths                           :  No
  Timing Early Launch at Borrowing Latches   :  No
  Borrow Time for Max Delay Exceptions       :  Yes
  Merge Timing Exceptions                    :  Yes

  Corner  Analyze    Analyze    
  Name    Max Paths  Min Paths  
  ------  ---------  ---------  
  Slow    Yes        Yes        
  Fast    Yes        Yes        


------------------------------------------------------------------------------------------------
| Report Methodology
| ------------------
------------------------------------------------------------------------------------------------

No report available as report_methodology has not been run prior. Run report_methodology on the current design for the summary of methodology violations.



check_timing report

Table of Contents
-----------------
1. checking no_clock (0)
2. checking constant_clock (0)
3. checking pulse_width_clock (0)
4. checking unconstrained_internal_endpoints (0)
5. checking no_input_delay (4607)
6. checking no_output_delay (1566)
7. checking multiple_clock (0)
8. checking generated_clocks (0)
9. checking loops (0)
10. checking partial_input_delay (0)
11. checking partial_output_delay (0)
12. checking latch_loops (0)

1. checking no_clock (0)
------------------------
 There are 0 register/latch pins with no clock.


2. checking constant_clock (0)
------------------------------
 There are 0 register/latch pins with constant_clock.


3. checking pulse_width_clock (0)
---------------------------------
 There are 0 register/latch pins which need pulse_width check


4. checking unconstrained_internal_endpoints (0)
------------------------------------------------
 There are 0 pins that are not constrained for maximum delay.

 There are 0 pins that are not constrained for maximum delay due to constant clock.


5. checking no_input_delay (4607)
---------------------------------
 There are 4607 input ports with no input delay specified. (HIGH)

 There are 0 input ports with no input delay but user has a false path constraint.


6. checking no_output_delay (1566)
----------------------------------
 There are 1566 ports with no output delay specified. (HIGH)

 There are 0 ports with no output delay but user has a false path constraint

 There are 0 ports with no output delay but with a timing clock defined on it or propagating through it


7. checking multiple_clock (0)
------------------------------
 There are 0 register/latch pins with multiple clocks.


8. checking generated_clocks (0)
--------------------------------
 There are 0 generated clocks that are not connected to a clock source.


9. checking loops (0)
---------------------
 There are 0 combinational loops in the design.


10. checking partial_input_delay (0)
------------------------------------
 There are 0 input ports with partial input delay specified.


11. checking partial_output_delay (0)
-------------------------------------
 There are 0 ports with partial output delay specified.


12. checking latch_loops (0)
----------------------------
 There are 0 combinational latch loops in the design through latch input



------------------------------------------------------------------------------------------------
| Design Timing Summary
| ---------------------
------------------------------------------------------------------------------------------------

    WNS(ns)      TNS(ns)  TNS Failing Endpoints  TNS Total Endpoints      WHS(ns)      THS(ns)  THS Failing Endpoints  THS Total Endpoints     WPWS(ns)     TPWS(ns)  TPWS Failing Endpoints  TPWS Total Endpoints  
    -------      -------  ---------------------  -------------------      -------      -------  ---------------------  -------------------     --------     --------  ----------------------  --------------------  
     -0.955    -6811.946                  28342               265871        0.025        0.000                      0               265871       -0.069      -13.110                     190                137528  


Timing constraints are not met.


------------------------------------------------------------------------------------------------
| Clock Summary
| -------------
------------------------------------------------------------------------------------------------

Clock  Waveform(ns)         Period(ns)      Frequency(MHz)
-----  ------------         ----------      --------------
clk    {0.000 0.750}        1.500           666.667         


------------------------------------------------------------------------------------------------
| Intra Clock Table
| -----------------
------------------------------------------------------------------------------------------------

Clock             WNS(ns)      TNS(ns)  TNS Failing Endpoints  TNS Total Endpoints      WHS(ns)      THS(ns)  THS Failing Endpoints  THS Total Endpoints     WPWS(ns)     TPWS(ns)  TPWS Failing Endpoints  TPWS Total Endpoints  
-----             -------      -------  ---------------------  -------------------      -------      -------  ---------------------  -------------------     --------     --------  ----------------------  --------------------  
clk                -0.955    -6811.946                  28342               265871        0.025        0.000                      0               265871       -0.069      -13.110                     190                137528  


------------------------------------------------------------------------------------------------
| Inter Clock Table
| -----------------
------------------------------------------------------------------------------------------------

From Clock    To Clock          WNS(ns)      TNS(ns)  TNS Failing Endpoints  TNS Total Endpoints      WHS(ns)      THS(ns)  THS Failing Endpoints  THS Total Endpoints  
----------    --------          -------      -------  ---------------------  -------------------      -------      -------  ---------------------  -------------------  


------------------------------------------------------------------------------------------------
| Other Path Groups Table
| -----------------------
------------------------------------------------------------------------------------------------

Path Group    From Clock    To Clock          WNS(ns)      TNS(ns)  TNS Failing Endpoints  TNS Total Endpoints      WHS(ns)      THS(ns)  THS Failing Endpoints  THS Total Endpoints  
----------    ----------    --------          -------      -------  ---------------------  -------------------      -------      -------  ---------------------  -------------------  


------------------------------------------------------------------------------------------------
| Timing Details
| --------------
------------------------------------------------------------------------------------------------


---------------------------------------------------------------------------------------------------
From Clock:  clk
  To Clock:  clk

Setup :        28342  Failing Endpoints,  Worst Slack       -0.955ns,  Total Violation    -6811.946ns
Hold  :            0  Failing Endpoints,  Worst Slack        0.025ns,  Total Violation        0.000ns
PW    :          190  Failing Endpoints,  Worst Slack       -0.069ns,  Total Violation      -13.110ns
---------------------------------------------------------------------------------------------------


Max Delay Paths
--------------------------------------------------------------------------------------
Slack (VIOLATED) :        -0.955ns  (required time - arrival time)
  Source:                 CORES_GEN[3].C_CORE_INST_REST.C_CORE_REST/C_CORE[23].C_BLOCK_REST.C_BLOCK_INST_REST/MULTIPLIERS[0].MULTIPLIER_FIRST.MULTIPLIER_INST_FIRST/MULTIPLIER_INST/inst/i_synth/MULT.OP/i_non_prim.R_AND_R/LOGIC.R_AND_R/DSP48_E1.DSP48E1_ADD.DSP48E1_ADD/i_no_versal_es1_workaround.DSP/DSP_OUTPUT_INST/CLK
                            (rising edge-triggered cell DSP_OUTPUT clocked by clk  {rise@0.000ns fall@0.750ns period=1.500ns})
  Destination:            CORES_GEN[3].C_CORE_INST_REST.C_CORE_REST/C_CORE[23].C_BLOCK_REST.C_BLOCK_INST_REST/MULTIPLIERS[0].MULTIPLIER_FIRST.MULTIPLIER_INST_FIRST/MULTIPLIER_INST/inst/i_synth/MULT.OP/i_non_prim.OP/RESULT_REG.NORMAL.exp_op_reg[6]/D
                            (rising edge-triggered cell FDRE clocked by clk  {rise@0.000ns fall@0.750ns period=1.500ns})
  Path Group:             clk
  Path Type:              Setup (Max at Slow Process Corner)
  Requirement:            1.500ns  (clk rise@1.500ns - clk rise@0.000ns)
  Data Path Delay:        2.405ns  (logic 0.549ns (22.827%)  route 1.856ns (77.173%))
  Logic Levels:           2  (CARRY8=1 LUT2=1)
  Clock Path Skew:        -0.040ns (DCD - SCD + CPR)
    Destination Clock Delay (DCD):    0.020ns = ( 1.520 - 1.500 ) 
    Source Clock Delay      (SCD):    0.060ns
    Clock Pessimism Removal (CPR):    0.000ns
  Clock Uncertainty:      0.035ns  ((TSJ^2 + TIJ^2)^1/2 + DJ) / 2 + PE
    Total System Jitter     (TSJ):    0.071ns
    Total Input Jitter      (TIJ):    0.000ns
    Discrete Jitter          (DJ):    0.000ns
    Phase Error              (PE):    0.000ns

    Location             Delay type                Incr(ns)  Path(ns)    Netlist Resource(s)
  -------------------------------------------------------------------    -------------------
                         (clock clk rise edge)        0.000     0.000 r  
                                                      0.000     0.000 r  clk (IN)
                         net (fo=141367, unset)       0.060     0.060    CORES_GEN[3].C_CORE_INST_REST.C_CORE_REST/C_CORE[23].C_BLOCK_REST.C_BLOCK_INST_REST/MULTIPLIERS[0].MULTIPLIER_FIRST.MULTIPLIER_INST_FIRST/MULTIPLIER_INST/inst/i_synth/MULT.OP/i_non_prim.R_AND_R/LOGIC.R_AND_R/DSP48_E1.DSP48E1_ADD.DSP48E1_ADD/i_no_versal_es1_workaround.DSP/CLK
    DSP48E2_X15Y209      DSP_OUTPUT                                   r  CORES_GEN[3].C_CORE_INST_REST.C_CORE_REST/C_CORE[23].C_BLOCK_REST.C_BLOCK_INST_REST/MULTIPLIERS[0].MULTIPLIER_FIRST.MULTIPLIER_INST_FIRST/MULTIPLIER_INST/inst/i_synth/MULT.OP/i_non_prim.R_AND_R/LOGIC.R_AND_R/DSP48_E1.DSP48E1_ADD.DSP48E1_ADD/i_no_versal_es1_workaround.DSP/DSP_OUTPUT_INST/CLK
  -------------------------------------------------------------------    -------------------
    DSP48E2_X15Y209      DSP_OUTPUT (Prop_DSP_OUTPUT_DSP48E2_CLK_P[9])
                                                      0.209     0.269 r  CORES_GEN[3].C_CORE_INST_REST.C_CORE_REST/C_CORE[23].C_BLOCK_REST.C_BLOCK_INST_REST/MULTIPLIERS[0].MULTIPLIER_FIRST.MULTIPLIER_INST_FIRST/MULTIPLIER_INST/inst/i_synth/MULT.OP/i_non_prim.R_AND_R/LOGIC.R_AND_R/DSP48_E1.DSP48E1_ADD.DSP48E1_ADD/i_no_versal_es1_workaround.DSP/DSP_OUTPUT_INST/P[9]
                         net (fo=1, routed)           1.672     1.941    CORES_GEN[3].C_CORE_INST_REST.C_CORE_REST/C_CORE[23].C_BLOCK_REST.C_BLOCK_INST_REST/MULTIPLIERS[0].MULTIPLIER_FIRST.MULTIPLIER_INST_FIRST/MULTIPLIER_INST/inst/i_synth/MULT.OP/i_non_prim.R_AND_R/LOGIC.R_AND_R/EXP_ADD.ADD/CARRY_IN
    SLICE_X156Y547       CARRY8 (Prop_CARRY8_SLICEM_CI_O[6])
                                                      0.216     2.157 r  CORES_GEN[3].C_CORE_INST_REST.C_CORE_REST/C_CORE[23].C_BLOCK_REST.C_BLOCK_INST_REST/MULTIPLIERS[0].MULTIPLIER_FIRST.MULTIPLIER_INST_FIRST/MULTIPLIER_INST/inst/i_synth/MULT.OP/i_non_prim.R_AND_R/LOGIC.R_AND_R/EXP_ADD.ADD/CHAIN_GEN[0].C_MUX.CARRY_MUX_CARRY4_CARRY8/O[6]
                         net (fo=1, routed)           0.135     2.292    CORES_GEN[3].C_CORE_INST_REST.C_CORE_REST/C_CORE[23].C_BLOCK_REST.C_BLOCK_INST_REST/MULTIPLIERS[0].MULTIPLIER_FIRST.MULTIPLIER_INST_FIRST/MULTIPLIER_INST/inst/i_synth/MULT.OP/i_non_prim.R_AND_R/LOGIC.R_AND_R/EXP_ADD.ADD/exp_rnd[6]
    SLICE_X155Y547       LUT2 (Prop_B6LUT_SLICEL_I0_O)
                                                      0.124     2.416 r  CORES_GEN[3].C_CORE_INST_REST.C_CORE_REST/C_CORE[23].C_BLOCK_REST.C_BLOCK_INST_REST/MULTIPLIERS[0].MULTIPLIER_FIRST.MULTIPLIER_INST_FIRST/MULTIPLIER_INST/inst/i_synth/MULT.OP/i_non_prim.R_AND_R/LOGIC.R_AND_R/EXP_ADD.ADD/RESULT_REG.NORMAL.exp_op[6]_i_1/O
                         net (fo=1, routed)           0.049     2.465    CORES_GEN[3].C_CORE_INST_REST.C_CORE_REST/C_CORE[23].C_BLOCK_REST.C_BLOCK_INST_REST/MULTIPLIERS[0].MULTIPLIER_FIRST.MULTIPLIER_INST_FIRST/MULTIPLIER_INST/inst/i_synth/MULT.OP/i_non_prim.OP/RESULT_REG.NORMAL.exp_op_reg[6]_0
    SLICE_X155Y547       FDRE                                         r  CORES_GEN[3].C_CORE_INST_REST.C_CORE_REST/C_CORE[23].C_BLOCK_REST.C_BLOCK_INST_REST/MULTIPLIERS[0].MULTIPLIER_FIRST.MULTIPLIER_INST_FIRST/MULTIPLIER_INST/inst/i_synth/MULT.OP/i_non_prim.OP/RESULT_REG.NORMAL.exp_op_reg[6]/D
  -------------------------------------------------------------------    -------------------

                         (clock clk rise edge)        1.500     1.500 r  
                                                      0.000     1.500 r  clk (IN)
                         net (fo=141367, unset)       0.020     1.520    CORES_GEN[3].C_CORE_INST_REST.C_CORE_REST/C_CORE[23].C_BLOCK_REST.C_BLOCK_INST_REST/MULTIPLIERS[0].MULTIPLIER_FIRST.MULTIPLIER_INST_FIRST/MULTIPLIER_INST/inst/i_synth/MULT.OP/i_non_prim.OP/aclk
    SLICE_X155Y547       FDRE                                         r  CORES_GEN[3].C_CORE_INST_REST.C_CORE_REST/C_CORE[23].C_BLOCK_REST.C_BLOCK_INST_REST/MULTIPLIERS[0].MULTIPLIER_FIRST.MULTIPLIER_INST_FIRST/MULTIPLIER_INST/inst/i_synth/MULT.OP/i_non_prim.OP/RESULT_REG.NORMAL.exp_op_reg[6]/C
                         clock pessimism              0.000     1.520    
                         clock uncertainty           -0.035     1.485    
    SLICE_X155Y547       FDRE (Setup_BFF_SLICEL_C_D)
                                                      0.025     1.510    CORES_GEN[3].C_CORE_INST_REST.C_CORE_REST/C_CORE[23].C_BLOCK_REST.C_BLOCK_INST_REST/MULTIPLIERS[0].MULTIPLIER_FIRST.MULTIPLIER_INST_FIRST/MULTIPLIER_INST/inst/i_synth/MULT.OP/i_non_prim.OP/RESULT_REG.NORMAL.exp_op_reg[6]
  -------------------------------------------------------------------
                         required time                          1.510    
                         arrival time                          -2.465    
  -------------------------------------------------------------------
                         slack                                 -0.955    





Min Delay Paths
--------------------------------------------------------------------------------------
Slack (MET) :             0.025ns  (arrival time - required time)
  Source:                 CORES_GEN[2].C_CORE_INST_REST.C_CORE_REST/C_CORE[23].C_BLOCK_REST.C_BLOCK_INST_REST/ACCUM_INSTANCE/ACCUMULATOR_INST/inst/i_synth/HAS_ARESETN.sclr_i_reg/C
                            (rising edge-triggered cell FDRE clocked by clk  {rise@0.000ns fall@0.750ns period=1.500ns})
  Destination:            CORES_GEN[2].C_CORE_INST_REST.C_CORE_REST/C_CORE[23].C_BLOCK_REST.C_BLOCK_INST_REST/ACCUM_INSTANCE/ACCUMULATOR_INST/inst/i_synth/ACCUM_OP.OP/i_rst_at_recomb/i_pipe/opt_has_pipe.first_q_reg[0]/D
                            (rising edge-triggered cell FDRE clocked by clk  {rise@0.000ns fall@0.750ns period=1.500ns})
  Path Group:             clk
  Path Type:              Hold (Min at Fast Process Corner)
  Requirement:            0.000ns  (clk rise@0.000ns - clk rise@0.000ns)
  Data Path Delay:        0.078ns  (logic 0.039ns (50.000%)  route 0.039ns (50.000%))
  Logic Levels:           0  
  Clock Path Skew:        0.006ns (DCD - SCD - CPR)
    Destination Clock Delay (DCD):    0.019ns
    Source Clock Delay      (SCD):    0.013ns
    Clock Pessimism Removal (CPR):    -0.000ns

    Location             Delay type                Incr(ns)  Path(ns)    Netlist Resource(s)
  -------------------------------------------------------------------    -------------------
                         (clock clk rise edge)        0.000     0.000 r  
                                                      0.000     0.000 r  clk (IN)
                         net (fo=141367, unset)       0.013     0.013    CORES_GEN[2].C_CORE_INST_REST.C_CORE_REST/C_CORE[23].C_BLOCK_REST.C_BLOCK_INST_REST/ACCUM_INSTANCE/ACCUMULATOR_INST/inst/i_synth/aclk
    SLICE_X203Y517       FDRE                                         r  CORES_GEN[2].C_CORE_INST_REST.C_CORE_REST/C_CORE[23].C_BLOCK_REST.C_BLOCK_INST_REST/ACCUM_INSTANCE/ACCUMULATOR_INST/inst/i_synth/HAS_ARESETN.sclr_i_reg/C
  -------------------------------------------------------------------    -------------------
    SLICE_X203Y517       FDRE (Prop_GFF_SLICEL_C_Q)
                                                      0.039     0.052 r  CORES_GEN[2].C_CORE_INST_REST.C_CORE_REST/C_CORE[23].C_BLOCK_REST.C_BLOCK_INST_REST/ACCUM_INSTANCE/ACCUMULATOR_INST/inst/i_synth/HAS_ARESETN.sclr_i_reg/Q
                         net (fo=9, routed)           0.039     0.091    CORES_GEN[2].C_CORE_INST_REST.C_CORE_REST/C_CORE[23].C_BLOCK_REST.C_BLOCK_INST_REST/ACCUM_INSTANCE/ACCUMULATOR_INST/inst/i_synth/ACCUM_OP.OP/i_rst_at_recomb/i_pipe/sclr_i
    SLICE_X203Y517       FDRE                                         r  CORES_GEN[2].C_CORE_INST_REST.C_CORE_REST/C_CORE[23].C_BLOCK_REST.C_BLOCK_INST_REST/ACCUM_INSTANCE/ACCUMULATOR_INST/inst/i_synth/ACCUM_OP.OP/i_rst_at_recomb/i_pipe/opt_has_pipe.first_q_reg[0]/D
  -------------------------------------------------------------------    -------------------

                         (clock clk rise edge)        0.000     0.000 r  
                                                      0.000     0.000 r  clk (IN)
                         net (fo=141367, unset)       0.019     0.019    CORES_GEN[2].C_CORE_INST_REST.C_CORE_REST/C_CORE[23].C_BLOCK_REST.C_BLOCK_INST_REST/ACCUM_INSTANCE/ACCUMULATOR_INST/inst/i_synth/ACCUM_OP.OP/i_rst_at_recomb/i_pipe/aclk
    SLICE_X203Y517       FDRE                                         r  CORES_GEN[2].C_CORE_INST_REST.C_CORE_REST/C_CORE[23].C_BLOCK_REST.C_BLOCK_INST_REST/ACCUM_INSTANCE/ACCUMULATOR_INST/inst/i_synth/ACCUM_OP.OP/i_rst_at_recomb/i_pipe/opt_has_pipe.first_q_reg[0]/C
                         clock pessimism              0.000     0.019    
    SLICE_X203Y517       FDRE (Hold_EFF2_SLICEL_C_D)
                                                      0.047     0.066    CORES_GEN[2].C_CORE_INST_REST.C_CORE_REST/C_CORE[23].C_BLOCK_REST.C_BLOCK_INST_REST/ACCUM_INSTANCE/ACCUMULATOR_INST/inst/i_synth/ACCUM_OP.OP/i_rst_at_recomb/i_pipe/opt_has_pipe.first_q_reg[0]
  -------------------------------------------------------------------
                         required time                         -0.066    
                         arrival time                           0.091    
  -------------------------------------------------------------------
                         slack                                  0.025    





Pulse Width Checks
--------------------------------------------------------------------------------------
Clock Name:         clk
Waveform(ns):       { 0.000 0.750 }
Period(ns):         1.500
Sources:            { clk }

Check Type        Corner  Lib Pin             Reference Pin  Required(ns)  Actual(ns)  Slack(ns)  Location        Pin
Min Period        n/a     RAMB36E2/CLKARDCLK  n/a            1.569         1.500       -0.069     RAMB36_X11Y129  ACTIVATION_FIFO_INST/A_FIFOS[0].A_FIFO_INST/inst/gen_fifo.xpm_fifo_axis_inst/xpm_fifo_base_inst/gen_sdpram.xpm_memory_base_inst/gen_wr_a.gen_word_narrow.mem_reg_0/CLKARDCLK
Low Pulse Width   Slow    FIFO36E2/RDCLK      n/a            0.542         0.750       0.208      RAMB36_X11Y124  ACTIVATION_CYCLE_INST/A_FIFO_INST/U0/inst_fifo_gen/gconvfifo.rf/gbi.bi/v8_fifo.fblk/rst_val_sym.gextw_sym[1].inst_extd/gonep.inst_prim/gf36e2_inst.sngfifo36e2/RDCLK
High Pulse Width  Slow    FIFO36E2/RDCLK      n/a            0.542         0.750       0.208      RAMB36_X11Y124  ACTIVATION_CYCLE_INST/A_FIFO_INST/U0/inst_fifo_gen/gconvfifo.rf/gbi.bi/v8_fifo.fblk/rst_val_sym.gextw_sym[1].inst_extd/gonep.inst_prim/gf36e2_inst.sngfifo36e2/RDCLK



