Copyright 1986-2021 Xilinx, Inc. All Rights Reserved.
-------------------------------------------------------------------------------------------------------------------------------------------------------------------------------------------------------------------------------------------------------------------------------------------------------------------------------------------------------------------------------------------------------------------------------------------------------------------------------------------------------------------------------------------------------------------------------------------------------------------------------------------------------------------------------------------------------------------------------------------------------------------------------------------------------------------------------------------------------------------------------------------------------------------------------------------------------------------------------------------------------------------------------------------------------------------------------------------------------------------------------------------------------------------------
| Tool Version : Vivado v.2021.1_AR76780 (lin64) Build 3247384 Thu Jun 10 19:36:07 MDT 2021
| Date         : Sat Sep 12 15:51:56 2026
| Host         : coroni running 64-bit Ubuntu 18.04.6 LTS
| Command      : report_accelerator_utilization -kernels { krnl_gemv_sparse:pfm_top_i/dynamic_region/gemv/inst:gemv krnl_mm2s:pfm_top_i/dynamic_region/mm2s_a0/inst:mm2s_a0 krnl_mm2s:pfm_top_i/dynamic_region/mm2s_a1/inst:mm2s_a1 krnl_mm2s:pfm_top_i/dynamic_region/mm2s_i0/inst:mm2s_i0 krnl_mm2s:pfm_top_i/dynamic_region/mm2s_i1/inst:mm2s_i1 krnl_mm2s:pfm_top_i/dynamic_region/mm2s_i2/inst:mm2s_i2 krnl_mm2s:pfm_top_i/dynamic_region/mm2s_w0/inst:mm2s_w0 krnl_mm2s:pfm_top_i/dynamic_region/mm2s_w1/inst:mm2s_w1 krnl_mm2s:pfm_top_i/dynamic_region/mm2s_w2/inst:mm2s_w2 krnl_mm2s:pfm_top_i/dynamic_region/mm2s_w3/inst:mm2s_w3 krnl_mm2s:pfm_top_i/dynamic_region/mm2s_w4/inst:mm2s_w4 krnl_mm2s:pfm_top_i/dynamic_region/mm2s_w5/inst:mm2s_w5 krnl_mm2s:pfm_top_i/dynamic_region/mm2s_w6/inst:mm2s_w6 krnl_mm2s:pfm_top_i/dynamic_region/mm2s_w7/inst:mm2s_w7 krnl_s2mm:pfm_top_i/dynamic_region/s2mm_c0/inst:s2mm_c0 krnl_s2mm:pfm_top_i/dynamic_region/s2mm_c1/inst:s2mm_c1 krnl_s2mm:pfm_top_i/dynamic_region/s2mm_c2/inst:s2mm_c2 krnl_s2mm:pfm_top_i/dynamic_region/s2mm_c3/inst:s2mm_c3} -file kernel_util_placed.rpt -name kernel_util_placed -json
| Design       : pfm_top_wrapper
| Device       : xcu280
| Design State : Fully Placed
-------------------------------------------------------------------------------------------------------------------------------------------------------------------------------------------------------------------------------------------------------------------------------------------------------------------------------------------------------------------------------------------------------------------------------------------------------------------------------------------------------------------------------------------------------------------------------------------------------------------------------------------------------------------------------------------------------------------------------------------------------------------------------------------------------------------------------------------------------------------------------------------------------------------------------------------------------------------------------------------------------------------------------------------------------------------------------------------------------------------------------------------------------------------------

Accelerator Utilization Design Information

Table of Contents
-----------------
1. System Utilization

1. System Utilization
---------------------

+---------------------+-------------------+------------------+-------------------+----------------+---------------+----------------+
| Name                | LUT               | LUTAsMem         | REG               | BRAM           | URAM          | DSP            |
+---------------------+-------------------+------------------+-------------------+----------------+---------------+----------------+
| Platform            |  123838 [  9.51%] |  15702 [  2.61%] |  191797 [  7.36%] |  204 [ 10.12%] |   0 [  0.00%] |    4 [  0.04%] |
| User Budget         | 1178882 [100.00%] | 584778 [100.00%] | 2415563 [100.00%] | 1812 [100.00%] | 960 [100.00%] | 9020 [100.00%] |
|    Used Resources   |   94151 [  7.99%] |  12981 [  2.22%] |  136649 [  5.66%] |  314 [ 17.33%] |   0 [  0.00%] |  512 [  5.68%] |
|    Unused Resources | 1084731 [ 92.01%] | 571797 [ 97.78%] | 2278914 [ 94.34%] | 1498 [ 82.67%] | 960 [100.00%] | 8508 [ 94.32%] |
| krnl_gemv_sparse    |   66169 [  5.61%] |   5760 [  0.98%] |   87235 [  3.61%] |   74 [  4.08%] |   0 [  0.00%] |  512 [  5.68%] |
|    gemv             |   66169 [  5.61%] |   5760 [  0.98%] |   87235 [  3.61%] |   74 [  4.08%] |   0 [  0.00%] |  512 [  5.68%] |
| krnl_mm2s           |   19852 [  1.68%] |   3549 [  0.61%] |   36721 [  1.52%] |  176 [  9.71%] |   0 [  0.00%] |    0 [  0.00%] |
|    mm2s_a0          |    1539 [  0.13%] |    273 [  0.05%] |    2888 [  0.12%] |   14 [  0.77%] |   0 [  0.00%] |    0 [  0.00%] |
|    mm2s_a1          |    1556 [  0.13%] |    273 [  0.05%] |    2888 [  0.12%] |   14 [  0.77%] |   0 [  0.00%] |    0 [  0.00%] |
|    mm2s_i0          |    1479 [  0.13%] |    273 [  0.05%] |    2861 [  0.12%] |   14 [  0.77%] |   0 [  0.00%] |    0 [  0.00%] |
|    mm2s_i1          |    1483 [  0.13%] |    273 [  0.05%] |    2849 [  0.12%] |   14 [  0.77%] |   0 [  0.00%] |    0 [  0.00%] |
|    mm2s_i2          |    1266 [  0.11%] |    273 [  0.05%] |    2084 [  0.09%] |    8 [  0.44%] |   0 [  0.00%] |    0 [  0.00%] |
|    mm2s_w0          |    1540 [  0.13%] |    273 [  0.05%] |    2899 [  0.12%] |   14 [  0.77%] |   0 [  0.00%] |    0 [  0.00%] |
|    mm2s_w1          |    1608 [  0.14%] |    273 [  0.05%] |    2897 [  0.12%] |   14 [  0.77%] |   0 [  0.00%] |    0 [  0.00%] |
|    mm2s_w2          |    1538 [  0.13%] |    273 [  0.05%] |    2901 [  0.12%] |   14 [  0.77%] |   0 [  0.00%] |    0 [  0.00%] |
|    mm2s_w3          |    1546 [  0.13%] |    273 [  0.05%] |    2888 [  0.12%] |   14 [  0.77%] |   0 [  0.00%] |    0 [  0.00%] |
|    mm2s_w4          |    1549 [  0.13%] |    273 [  0.05%] |    2888 [  0.12%] |   14 [  0.77%] |   0 [  0.00%] |    0 [  0.00%] |
|    mm2s_w5          |    1533 [  0.13%] |    273 [  0.05%] |    2888 [  0.12%] |   14 [  0.77%] |   0 [  0.00%] |    0 [  0.00%] |
|    mm2s_w6          |    1592 [  0.14%] |    273 [  0.05%] |    2888 [  0.12%] |   14 [  0.77%] |   0 [  0.00%] |    0 [  0.00%] |
|    mm2s_w7          |    1623 [  0.14%] |    273 [  0.05%] |    2902 [  0.12%] |   14 [  0.77%] |   0 [  0.00%] |    0 [  0.00%] |
| krnl_s2mm           |    8130 [  0.69%] |   3672 [  0.63%] |   12693 [  0.53%] |   64 [  3.53%] |   0 [  0.00%] |    0 [  0.00%] |
|    s2mm_c0          |    2032 [  0.17%] |    918 [  0.16%] |    3172 [  0.13%] |   16 [  0.88%] |   0 [  0.00%] |    0 [  0.00%] |
|    s2mm_c1          |    2035 [  0.17%] |    918 [  0.16%] |    3172 [  0.13%] |   16 [  0.88%] |   0 [  0.00%] |    0 [  0.00%] |
|    s2mm_c2          |    2034 [  0.17%] |    918 [  0.16%] |    3172 [  0.13%] |   16 [  0.88%] |   0 [  0.00%] |    0 [  0.00%] |
|    s2mm_c3          |    2029 [  0.17%] |    918 [  0.16%] |    3177 [  0.13%] |   16 [  0.88%] |   0 [  0.00%] |    0 [  0.00%] |
+---------------------+-------------------+------------------+-------------------+----------------+---------------+----------------+


