Copyright 1986-2021 Xilinx, Inc. All Rights Reserved.
--------------------------------------------------------------------------------------------
| Tool Version : Vivado v.2021.1_AR76780 (lin64) Build 3247384 Thu Jun 10 19:36:07 MDT 2021
| Date         : Fri Sep 11 14:32:48 2026
| Host         : coroni running 64-bit Ubuntu 18.04.6 LTS
| Command      : report_utilization -slr -file slr_util_routed.rpt -pb slr_util_routed.pb
| Design       : pfm_top_wrapper
| Device       : xcu280fsvh2892-2L
| Design State : Routed
--------------------------------------------------------------------------------------------

Utilization Design Information

Table of Contents
-----------------
1. SLR Connectivity
2. SLR Connectivity Matrix
3. SLR CLB Logic and Dedicated Block Utilization
4. SLR IO Utilization

1. SLR Connectivity
-------------------

+----------------------------------+------+-------+-----------+-------+
|                                  | Used | Fixed | Available | Util% |
+----------------------------------+------+-------+-----------+-------+
| SLR2 <-> SLR1                    | 3970 |       |     23040 | 17.23 |
|   SLR1 -> SLR2                   | 2096 |       |           |  9.10 |
|     Using TX_REG only            |  267 |     1 |           |       |
|     Using RX_REG only            |  284 |    18 |           |       |
|     Using Both TX_REG and RX_REG |  267 |     1 |           |       |
|   SLR2 -> SLR1                   | 1874 |       |           |  8.13 |
|     Using TX_REG only            |  407 |     0 |           |       |
|     Using RX_REG only            |  412 |     4 |           |       |
|     Using Both TX_REG and RX_REG |  407 |     0 |           |       |
| SLR1 <-> SLR0                    | 2546 |       |     23040 | 11.05 |
|   SLR0 -> SLR1                   | 1150 |       |           |  4.99 |
|     Using TX_REG only            |  338 |    71 |           |       |
|     Using RX_REG only            |  328 |    61 |           |       |
|     Using Both TX_REG and RX_REG |  322 |    55 |           |       |
|   SLR1 -> SLR0                   | 1396 |       |           |  6.06 |
|     Using TX_REG only            |  437 |    62 |           |       |
|     Using RX_REG only            |  448 |    71 |           |       |
|     Using Both TX_REG and RX_REG |  435 |    60 |           |       |
+----------------------------------+------+-------+-----------+-------+
| Total SLLs Used                  | 6516 |       |           |       |
+----------------------------------+------+-------+-----------+-------+


2. SLR Connectivity Matrix
--------------------------

+-----------+------+------+------+
| FROM \ TO | SLR2 | SLR1 | SLR0 |
+-----------+------+------+------+
| SLR2      |    0 | 1874 |    0 |
| SLR1      | 1979 |    0 | 1396 |
| SLR0      |  117 | 1033 |    0 |
+-----------+------+------+------+


3. SLR CLB Logic and Dedicated Block Utilization
------------------------------------------------

+----------------------------+--------+-------+-------+--------+--------+--------+
|          Site Type         |  SLR0  |  SLR1 |  SLR2 | SLR0 % | SLR1 % | SLR2 % |
+----------------------------+--------+-------+-------+--------+--------+--------+
| CLB                        |  20086 |  7327 |  8755 |  36.55 |  13.57 |  16.21 |
|   CLBL                     |  10501 |  3700 |  4609 |  35.86 |  12.64 |  15.74 |
|   CLBM                     |   9585 |  3627 |  4146 |  37.32 |  14.67 |  16.77 |
| CLB LUTs                   |  81921 | 47671 | 35359 |  18.63 |  11.03 |   8.18 |
|   LUT as Logic             |  69061 | 43701 | 32321 |  15.71 |  10.12 |   7.48 |
|     using O5 output only   |   1689 |   288 |  1002 |   0.38 |   0.07 |   0.23 |
|     using O6 output only   |  46735 | 34248 | 19500 |  10.63 |   7.93 |   4.51 |
|     using O5 and O6        |  20637 |  9165 | 11819 |   4.69 |   2.12 |   2.74 |
|   LUT as Memory            |  12860 |  3970 |  3038 |   6.26 |   2.01 |   1.54 |
|     LUT as Distributed RAM |   4144 |  3837 |  1660 |   2.02 |   1.94 |   0.84 |
|       using O5 output only |      0 |     0 |     0 |   0.00 |   0.00 |   0.00 |
|       using O6 output only |     80 |   215 |    84 |   0.04 |   0.11 |   0.04 |
|       using O5 and O6      |   4064 |  3622 |  1576 |   1.98 |   1.83 |   0.80 |
|     LUT as Shift Register  |   8716 |   133 |  1378 |   4.24 |   0.07 |   0.70 |
|       using O5 output only |      0 |     0 |     0 |   0.00 |   0.00 |   0.00 |
|       using O6 output only |   7338 |   133 |  1248 |   3.57 |   0.07 |   0.63 |
|       using O5 and O6      |   1378 |     0 |   130 |   0.67 |   0.00 |   0.07 |
| CLB Registers              | 137003 | 46392 | 60933 |  15.58 |   5.37 |   7.05 |
| CARRY8                     |   2342 |   473 |   313 |   4.26 |   0.88 |   0.58 |
| F7 Muxes                   |   6012 |   651 |  1054 |   2.73 |   0.30 |   0.49 |
| F8 Muxes                   |     16 |   141 |    47 |   0.01 |   0.13 |   0.04 |
| F9 Muxes                   |      0 |     0 |     0 |   0.00 |   0.00 |   0.00 |
| Block RAM Tile             |  210.5 |  80.5 |    94 |  31.32 |  11.98 |  13.99 |
|   RAMB36/FIFO              |    205 |    80 |    92 |  30.51 |  11.90 |  13.69 |
|     RAMB36E2 only          |    197 |    80 |    92 |  29.32 |  11.90 |  13.69 |
|   RAMB18                   |     11 |     1 |     4 |   0.82 |   0.07 |   0.30 |
|     RAMB18E2 only          |     11 |     1 |     4 |   0.82 |   0.07 |   0.30 |
| URAM                       |      0 |     0 |     0 |   0.00 |   0.00 |   0.00 |
| DSPs                       |    256 |     0 |     4 |   8.89 |   0.00 |   0.13 |
| PLL                        |      0 |     0 |     0 |   0.00 |   0.00 |   0.00 |
| MMCM                       |      0 |     0 |     0 |   0.00 |   0.00 |   0.00 |
| Unique Control Sets        |   4595 |  1505 |  2727 |   4.18 |   1.39 |   2.53 |
+----------------------------+--------+-------+-------+--------+--------+--------+
* Note: Available Control Sets based on CLB Registers / 8


4. SLR IO Utilization
---------------------

+-----------+-----------+---------+------------+----------+------------+----------+-----+
| SLR Index | Used IOBs | (%)IOBs | Used IPADs | (%)IPADs | Used OPADs | (%)OPADs | GTs |
+-----------+-----------+---------+------------+----------+------------+----------+-----+
| SLR2      |        18 |    8.65 |          0 |     0.00 |          0 |     0.00 |   0 |
| SLR1      |         0 |    0.00 |          0 |     0.00 |          0 |     0.00 |   0 |
| SLR0      |         1 |    0.48 |          0 |     0.00 |          0 |     0.00 |  16 |
+-----------+-----------+---------+------------+----------+------------+----------+-----+
| Total     |        19 |         |          0 |          |          0 |          |  16 |
+-----------+-----------+---------+------------+----------+------------+----------+-----+


