Copyright 1986-2021 Xilinx, Inc. All Rights Reserved.
-----------------------------------------------------------------------------------------------------------------------------------------------------------------------------------------------------------------------------------------------------------------------------------------------------------------------------------------------------------------------------------------------------------------------------------------------------------------------------------------------------------------------------------------------------------------------------------------------------------------------------------------------------------------------------------------------------------------------------------------------------------------
| Tool Version : Vivado v.2021.1_AR76780 (lin64) Build 3247384 Thu Jun 10 19:36:07 MDT 2021
| Date         : Fri Sep 11 14:32:25 2026
| Host         : coroni running 64-bit Ubuntu 18.04.6 LTS
| Command      : report_accelerator_utilization -kernels { krnl_gemv_sparse:pfm_top_i/dynamic_region/gemv/inst:gemv krnl_mm2s:pfm_top_i/dynamic_region/mm2s_a0/inst:mm2s_a0 krnl_mm2s:pfm_top_i/dynamic_region/mm2s_a1/inst:mm2s_a1 krnl_mm2s:pfm_top_i/dynamic_region/mm2s_i0/inst:mm2s_i0 krnl_mm2s:pfm_top_i/dynamic_region/mm2s_i1/inst:mm2s_i1 krnl_mm2s:pfm_top_i/dynamic_region/mm2s_w0/inst:mm2s_w0 krnl_mm2s:pfm_top_i/dynamic_region/mm2s_w1/inst:mm2s_w1 krnl_mm2s:pfm_top_i/dynamic_region/mm2s_w2/inst:mm2s_w2 krnl_mm2s:pfm_top_i/dynamic_region/mm2s_w3/inst:mm2s_w3 krnl_s2mm:pfm_top_i/dynamic_region/s2mm_c0/inst:s2mm_c0 krnl_s2mm:pfm_top_i/dynamic_region/s2mm_c1/inst:s2mm_c1} -file kernel_util_routed.rpt -name kernel_util_routed -json
| Design       : pfm_top_wrapper
| Device       : xcu280
| Design State : Routed
-----------------------------------------------------------------------------------------------------------------------------------------------------------------------------------------------------------------------------------------------------------------------------------------------------------------------------------------------------------------------------------------------------------------------------------------------------------------------------------------------------------------------------------------------------------------------------------------------------------------------------------------------------------------------------------------------------------------------------------------------------------------

Accelerator Utilization Design Information

Table of Contents
-----------------
1. System Utilization

1. System Utilization
---------------------

+---------------------+-------------------+------------------+-------------------+----------------+---------------+----------------+
| Name                | LUT               | LUTAsMem         | REG               | BRAM           | URAM          | DSP            |
+---------------------+-------------------+------------------+-------------------+----------------+---------------+----------------+
| Platform            |  113619 [  8.72%] |  12968 [  2.16%] |  172094 [  6.60%] |  202 [ 10.02%] |   0 [  0.00%] |    4 [  0.04%] |
| User Budget         | 1189101 [100.00%] | 587512 [100.00%] | 2435266 [100.00%] | 1814 [100.00%] | 960 [100.00%] | 9020 [100.00%] |
|    Used Resources   |   51369 [  4.32%] |   6900 [  1.17%] |   72234 [  2.97%] |  179 [  9.87%] |   0 [  0.00%] |  256 [  2.84%] |
|    Unused Resources | 1137732 [ 95.68%] | 580612 [ 98.83%] | 2363032 [ 97.03%] | 1635 [ 90.13%] | 960 [100.00%] | 8764 [ 97.16%] |
| krnl_gemv_sparse    |   35438 [  2.98%] |   2880 [  0.49%] |   44103 [  1.81%] |   45 [  2.48%] |   0 [  0.00%] |  256 [  2.84%] |
|    gemv             |   35438 [  2.98%] |   2880 [  0.49%] |   44103 [  1.81%] |   45 [  2.48%] |   0 [  0.00%] |  256 [  2.84%] |
| krnl_mm2s           |   11865 [  1.00%] |   2184 [  0.37%] |   21781 [  0.89%] |  102 [  5.62%] |   0 [  0.00%] |    0 [  0.00%] |
|    mm2s_a0          |    1542 [  0.13%] |    273 [  0.05%] |    2896 [  0.12%] |   14 [  0.77%] |   0 [  0.00%] |    0 [  0.00%] |
|    mm2s_a1          |    1541 [  0.13%] |    273 [  0.05%] |    2888 [  0.12%] |   14 [  0.77%] |   0 [  0.00%] |    0 [  0.00%] |
|    mm2s_i0          |    1484 [  0.12%] |    273 [  0.05%] |    2856 [  0.12%] |   14 [  0.77%] |   0 [  0.00%] |    0 [  0.00%] |
|    mm2s_i1          |    1127 [  0.09%] |    273 [  0.05%] |    1561 [  0.06%] |    4 [  0.22%] |   0 [  0.00%] |    0 [  0.00%] |
|    mm2s_w0          |    1542 [  0.13%] |    273 [  0.05%] |    2898 [  0.12%] |   14 [  0.77%] |   0 [  0.00%] |    0 [  0.00%] |
|    mm2s_w1          |    1543 [  0.13%] |    273 [  0.05%] |    2888 [  0.12%] |   14 [  0.77%] |   0 [  0.00%] |    0 [  0.00%] |
|    mm2s_w2          |    1544 [  0.13%] |    273 [  0.05%] |    2897 [  0.12%] |   14 [  0.77%] |   0 [  0.00%] |    0 [  0.00%] |
|    mm2s_w3          |    1542 [  0.13%] |    273 [  0.05%] |    2897 [  0.12%] |   14 [  0.77%] |   0 [  0.00%] |    0 [  0.00%] |
| krnl_s2mm           |    4066 [  0.34%] |   1836 [  0.31%] |    6350 [  0.26%] |   32 [  1.76%] |   0 [  0.00%] |    0 [  0.00%] |
|    s2mm_c0          |    2035 [  0.17%] |    918 [  0.16%] |    3175 [  0.13%] |   16 [  0.88%] |   0 [  0.00%] |    0 [  0.00%] |
|    s2mm_c1          |    2031 [  0.17%] |    918 [  0.16%] |    3175 [  0.13%] |   16 [  0.88%] |   0 [  0.00%] |    0 [  0.00%] |
+---------------------+-------------------+------------------+-------------------+----------------+---------------+----------------+


