Copyright 1986-2021 Xilinx, Inc. All Rights Reserved.
-------------------------------------------------------------------------------------------------------------------------------------------------------------------------------------------------------------------------------------------------------------------------------------------------------------------------------------------------------------------------------------------------------------------------------------------------------------------------------------------------------------------------------------------------------------------------------------------------------------------------------------------------------------------------------------------------------------------------------------------------------------------------------------------------------------------------------------------------------------------------------------------------------------------------------------------------------------------------------------------------------------------------------------------------------------------------------------------------------------------------------------------------------------------------------------------------------------------------------------------------------------------------------------------------------------------------------------------------------------------------------------------------------------------------------------------------------------------------------------------------------------------------------------------------------------------------------------------------------------------------------------------------------------------------------------------------------------------------------------------------------------------------------------------------------------------------------------------------------------------------------------------------------------------------------------------------------------------------------------------------------------------------------------------------------------
| Tool Version : Vivado v.2021.1_AR76780 (lin64) Build 3247384 Thu Jun 10 19:36:07 MDT 2021
| Date         : Sun Sep 13 18:05:14 2026
| Host         : coroni running 64-bit Ubuntu 18.04.6 LTS
| Command      : report_accelerator_utilization -kernels { krnl_gemv_sparse:pfm_top_i/dynamic_region/gemv/inst:gemv krnl_mm2s:pfm_top_i/dynamic_region/mm2s_a0/inst:mm2s_a0 krnl_mm2s:pfm_top_i/dynamic_region/mm2s_a1/inst:mm2s_a1 krnl_mm2s:pfm_top_i/dynamic_region/mm2s_i0/inst:mm2s_i0 krnl_mm2s:pfm_top_i/dynamic_region/mm2s_i1/inst:mm2s_i1 krnl_mm2s:pfm_top_i/dynamic_region/mm2s_i2/inst:mm2s_i2 krnl_mm2s:pfm_top_i/dynamic_region/mm2s_i3/inst:mm2s_i3 krnl_mm2s:pfm_top_i/dynamic_region/mm2s_i4/inst:mm2s_i4 krnl_mm2s:pfm_top_i/dynamic_region/mm2s_i5/inst:mm2s_i5 krnl_mm2s:pfm_top_i/dynamic_region/mm2s_w0/inst:mm2s_w0 krnl_mm2s:pfm_top_i/dynamic_region/mm2s_w1/inst:mm2s_w1 krnl_mm2s:pfm_top_i/dynamic_region/mm2s_w10/inst:mm2s_w10 krnl_mm2s:pfm_top_i/dynamic_region/mm2s_w11/inst:mm2s_w11 krnl_mm2s:pfm_top_i/dynamic_region/mm2s_w12/inst:mm2s_w12 krnl_mm2s:pfm_top_i/dynamic_region/mm2s_w13/inst:mm2s_w13 krnl_mm2s:pfm_top_i/dynamic_region/mm2s_w14/inst:mm2s_w14 krnl_mm2s:pfm_top_i/dynamic_region/mm2s_w15/inst:mm2s_w15 krnl_mm2s:pfm_top_i/dynamic_region/mm2s_w2/inst:mm2s_w2 krnl_mm2s:pfm_top_i/dynamic_region/mm2s_w3/inst:mm2s_w3 krnl_mm2s:pfm_top_i/dynamic_region/mm2s_w4/inst:mm2s_w4 krnl_mm2s:pfm_top_i/dynamic_region/mm2s_w5/inst:mm2s_w5 krnl_mm2s:pfm_top_i/dynamic_region/mm2s_w6/inst:mm2s_w6 krnl_mm2s:pfm_top_i/dynamic_region/mm2s_w7/inst:mm2s_w7 krnl_mm2s:pfm_top_i/dynamic_region/mm2s_w8/inst:mm2s_w8 krnl_mm2s:pfm_top_i/dynamic_region/mm2s_w9/inst:mm2s_w9 krnl_s2mm:pfm_top_i/dynamic_region/s2mm_c0/inst:s2mm_c0 krnl_s2mm:pfm_top_i/dynamic_region/s2mm_c1/inst:s2mm_c1 krnl_s2mm:pfm_top_i/dynamic_region/s2mm_c2/inst:s2mm_c2 krnl_s2mm:pfm_top_i/dynamic_region/s2mm_c3/inst:s2mm_c3 krnl_s2mm:pfm_top_i/dynamic_region/s2mm_c4/inst:s2mm_c4 krnl_s2mm:pfm_top_i/dynamic_region/s2mm_c5/inst:s2mm_c5 krnl_s2mm:pfm_top_i/dynamic_region/s2mm_c6/inst:s2mm_c6 krnl_s2mm:pfm_top_i/dynamic_region/s2mm_c7/inst:s2mm_c7} -file kernel_util_routed.rpt -name kernel_util_routed -json
| Design       : pfm_top_wrapper
| Device       : xcu280
| Design State : Routed
-------------------------------------------------------------------------------------------------------------------------------------------------------------------------------------------------------------------------------------------------------------------------------------------------------------------------------------------------------------------------------------------------------------------------------------------------------------------------------------------------------------------------------------------------------------------------------------------------------------------------------------------------------------------------------------------------------------------------------------------------------------------------------------------------------------------------------------------------------------------------------------------------------------------------------------------------------------------------------------------------------------------------------------------------------------------------------------------------------------------------------------------------------------------------------------------------------------------------------------------------------------------------------------------------------------------------------------------------------------------------------------------------------------------------------------------------------------------------------------------------------------------------------------------------------------------------------------------------------------------------------------------------------------------------------------------------------------------------------------------------------------------------------------------------------------------------------------------------------------------------------------------------------------------------------------------------------------------------------------------------------------------------------------------------------------

Accelerator Utilization Design Information

Table of Contents
-----------------
1. System Utilization

1. System Utilization
---------------------

+---------------------+-------------------+------------------+-------------------+----------------+---------------+----------------+
| Name                | LUT               | LUTAsMem         | REG               | BRAM           | URAM          | DSP            |
+---------------------+-------------------+------------------+-------------------+----------------+---------------+----------------+
| Platform            |  149164 [ 11.45%] |  23761 [  3.96%] |  249894 [  9.58%] |  204 [ 10.12%] |   0 [  0.00%] |    4 [  0.04%] |
| User Budget         | 1153556 [100.00%] | 576719 [100.00%] | 2357466 [100.00%] | 1812 [100.00%] | 960 [100.00%] | 9020 [100.00%] |
|    Used Resources   |  177696 [ 15.40%] |  25400 [  4.40%] |  260055 [ 11.03%] |  587 [ 32.40%] |   0 [  0.00%] | 1024 [ 11.35%] |
|    Unused Resources |  975860 [ 84.60%] | 551319 [ 95.60%] | 2097411 [ 88.97%] | 1225 [ 67.60%] | 960 [100.00%] | 7996 [ 88.65%] |
| krnl_gemv_sparse    |  125614 [ 10.89%] |  11520 [  2.00%] |  167476 [  7.10%] |  133 [  7.34%] |   0 [  0.00%] | 1024 [ 11.35%] |
|    gemv             |  125614 [ 10.89%] |  11520 [  2.00%] |  167476 [  7.10%] |  133 [  7.34%] |   0 [  0.00%] | 1024 [ 11.35%] |
| krnl_mm2s           |   35981 [  3.12%] |   6552 [  1.14%] |   67403 [  2.86%] |  326 [ 17.99%] |   0 [  0.00%] |    0 [  0.00%] |
|    mm2s_a0          |    1529 [  0.13%] |    273 [  0.05%] |    2873 [  0.12%] |   14 [  0.77%] |   0 [  0.00%] |    0 [  0.00%] |
|    mm2s_a1          |    1525 [  0.13%] |    273 [  0.05%] |    2873 [  0.12%] |   14 [  0.77%] |   0 [  0.00%] |    0 [  0.00%] |
|    mm2s_i0          |    1468 [  0.13%] |    273 [  0.05%] |    2834 [  0.12%] |   14 [  0.77%] |   0 [  0.00%] |    0 [  0.00%] |
|    mm2s_i1          |    1472 [  0.13%] |    273 [  0.05%] |    2834 [  0.12%] |   14 [  0.77%] |   0 [  0.00%] |    0 [  0.00%] |
|    mm2s_i2          |    1469 [  0.13%] |    273 [  0.05%] |    2834 [  0.12%] |   14 [  0.77%] |   0 [  0.00%] |    0 [  0.00%] |
|    mm2s_i3          |    1469 [  0.13%] |    273 [  0.05%] |    2834 [  0.12%] |   14 [  0.77%] |   0 [  0.00%] |    0 [  0.00%] |
|    mm2s_i4          |    1473 [  0.13%] |    273 [  0.05%] |    2834 [  0.12%] |   14 [  0.77%] |   0 [  0.00%] |    0 [  0.00%] |
|    mm2s_i5          |    1117 [  0.10%] |    273 [  0.05%] |    1545 [  0.07%] |    4 [  0.22%] |   0 [  0.00%] |    0 [  0.00%] |
|    mm2s_w0          |    1527 [  0.13%] |    273 [  0.05%] |    2872 [  0.12%] |   14 [  0.77%] |   0 [  0.00%] |    0 [  0.00%] |
|    mm2s_w1          |    1530 [  0.13%] |    273 [  0.05%] |    2872 [  0.12%] |   14 [  0.77%] |   0 [  0.00%] |    0 [  0.00%] |
|    mm2s_w10         |    1529 [  0.13%] |    273 [  0.05%] |    2873 [  0.12%] |   14 [  0.77%] |   0 [  0.00%] |    0 [  0.00%] |
|    mm2s_w11         |    1534 [  0.13%] |    273 [  0.05%] |    2872 [  0.12%] |   14 [  0.77%] |   0 [  0.00%] |    0 [  0.00%] |
|    mm2s_w12         |    1520 [  0.13%] |    273 [  0.05%] |    2856 [  0.12%] |   14 [  0.77%] |   0 [  0.00%] |    0 [  0.00%] |
|    mm2s_w13         |    1529 [  0.13%] |    273 [  0.05%] |    2873 [  0.12%] |   14 [  0.77%] |   0 [  0.00%] |    0 [  0.00%] |
|    mm2s_w14         |    1529 [  0.13%] |    273 [  0.05%] |    2872 [  0.12%] |   14 [  0.77%] |   0 [  0.00%] |    0 [  0.00%] |
|    mm2s_w15         |    1525 [  0.13%] |    273 [  0.05%] |    2873 [  0.12%] |   14 [  0.77%] |   0 [  0.00%] |    0 [  0.00%] |
|    mm2s_w2          |    1525 [  0.13%] |    273 [  0.05%] |    2872 [  0.12%] |   14 [  0.77%] |   0 [  0.00%] |    0 [  0.00%] |
|    mm2s_w3          |    1528 [  0.13%] |    273 [  0.05%] |    2872 [  0.12%] |   14 [  0.77%] |   0 [  0.00%] |    0 [  0.00%] |
|    mm2s_w4          |    1547 [  0.13%] |    273 [  0.05%] |    2872 [  0.12%] |   14 [  0.77%] |   0 [  0.00%] |    0 [  0.00%] |
|    mm2s_w5          |    1526 [  0.13%] |    273 [  0.05%] |    2873 [  0.12%] |   14 [  0.77%] |   0 [  0.00%] |    0 [  0.00%] |
|    mm2s_w6          |    1527 [  0.13%] |    273 [  0.05%] |    2873 [  0.12%] |   14 [  0.77%] |   0 [  0.00%] |    0 [  0.00%] |
|    mm2s_w7          |    1527 [  0.13%] |    273 [  0.05%] |    2872 [  0.12%] |   14 [  0.77%] |   0 [  0.00%] |    0 [  0.00%] |
|    mm2s_w8          |    1530 [  0.13%] |    273 [  0.05%] |    2872 [  0.12%] |   14 [  0.77%] |   0 [  0.00%] |    0 [  0.00%] |
|    mm2s_w9          |    1526 [  0.13%] |    273 [  0.05%] |    2873 [  0.12%] |   14 [  0.77%] |   0 [  0.00%] |    0 [  0.00%] |
| krnl_s2mm           |   16101 [  1.40%] |   7328 [  1.27%] |   25176 [  1.07%] |  128 [  7.06%] |   0 [  0.00%] |    0 [  0.00%] |
|    s2mm_c0          |    2011 [  0.17%] |    916 [  0.16%] |    3143 [  0.13%] |   16 [  0.88%] |   0 [  0.00%] |    0 [  0.00%] |
|    s2mm_c1          |    2017 [  0.17%] |    916 [  0.16%] |    3142 [  0.13%] |   16 [  0.88%] |   0 [  0.00%] |    0 [  0.00%] |
|    s2mm_c2          |    2010 [  0.17%] |    916 [  0.16%] |    3143 [  0.13%] |   16 [  0.88%] |   0 [  0.00%] |    0 [  0.00%] |
|    s2mm_c3          |    2011 [  0.17%] |    916 [  0.16%] |    3143 [  0.13%] |   16 [  0.88%] |   0 [  0.00%] |    0 [  0.00%] |
|    s2mm_c4          |    2011 [  0.17%] |    916 [  0.16%] |    3155 [  0.13%] |   16 [  0.88%] |   0 [  0.00%] |    0 [  0.00%] |
|    s2mm_c5          |    2012 [  0.17%] |    916 [  0.16%] |    3150 [  0.13%] |   16 [  0.88%] |   0 [  0.00%] |    0 [  0.00%] |
|    s2mm_c6          |    2012 [  0.17%] |    916 [  0.16%] |    3151 [  0.13%] |   16 [  0.88%] |   0 [  0.00%] |    0 [  0.00%] |
|    s2mm_c7          |    2017 [  0.17%] |    916 [  0.16%] |    3149 [  0.13%] |   16 [  0.88%] |   0 [  0.00%] |    0 [  0.00%] |
+---------------------+-------------------+------------------+-------------------+----------------+---------------+----------------+


