Copyright 1986-2021 Xilinx, Inc. All Rights Reserved.
--------------------------------------------------------------------------------------------
| Tool Version : Vivado v.2021.1_AR76780 (lin64) Build 3247384 Thu Jun 10 19:36:07 MDT 2021
| Date         : Sun Sep 13 18:06:01 2026
| Host         : coroni running 64-bit Ubuntu 18.04.6 LTS
| Command      : report_utilization -slr -file slr_util_routed.rpt -pb slr_util_routed.pb
| Design       : pfm_top_wrapper
| Device       : xcu280fsvh2892-2L
| Design State : Routed
--------------------------------------------------------------------------------------------

Utilization Design Information

Table of Contents
-----------------
1. SLR Connectivity
2. SLR Connectivity Matrix
3. SLR CLB Logic and Dedicated Block Utilization
4. SLR IO Utilization

1. SLR Connectivity
-------------------

+----------------------------------+-------+-------+-----------+-------+
|                                  |  Used | Fixed | Available | Util% |
+----------------------------------+-------+-------+-----------+-------+
| SLR2 <-> SLR1                    |  4576 |       |     23040 | 19.86 |
|   SLR1 -> SLR2                   |  2386 |       |           | 10.36 |
|     Using TX_REG only            |   529 |     1 |           |       |
|     Using RX_REG only            |   546 |    18 |           |       |
|     Using Both TX_REG and RX_REG |   529 |     1 |           |       |
|   SLR2 -> SLR1                   |  2190 |       |           |  9.51 |
|     Using TX_REG only            |   681 |     0 |           |       |
|     Using RX_REG only            |   687 |     4 |           |       |
|     Using Both TX_REG and RX_REG |   681 |     0 |           |       |
| SLR1 <-> SLR0                    | 11235 |       |     23040 | 48.76 |
|   SLR0 -> SLR1                   |  7446 |       |           | 32.32 |
|     Using TX_REG only            |   599 |    71 |           |       |
|     Using RX_REG only            |   589 |    61 |           |       |
|     Using Both TX_REG and RX_REG |   583 |    55 |           |       |
|   SLR1 -> SLR0                   |  3789 |       |           | 16.45 |
|     Using TX_REG only            |   743 |    62 |           |       |
|     Using RX_REG only            |   753 |    71 |           |       |
|     Using Both TX_REG and RX_REG |   741 |    60 |           |       |
+----------------------------------+-------+-------+-----------+-------+
| Total SLLs Used                  | 15811 |       |           |       |
+----------------------------------+-------+-------+-----------+-------+


2. SLR Connectivity Matrix
--------------------------

+-----------+------+------+------+
| FROM \ TO | SLR2 | SLR1 | SLR0 |
+-----------+------+------+------+
| SLR2      |    0 | 2190 |    0 |
| SLR1      | 2223 |    0 | 3789 |
| SLR0      |  163 | 7283 |    0 |
+-----------+------+------+------+


3. SLR CLB Logic and Dedicated Block Utilization
------------------------------------------------

+----------------------------+--------+--------+-------+--------+--------+--------+
|          Site Type         |  SLR0  |  SLR1  |  SLR2 | SLR0 % | SLR1 % | SLR2 % |
+----------------------------+--------+--------+-------+--------+--------+--------+
| CLB                        |  32664 |  32839 |  8531 |  59.43 |  60.81 |  15.80 |
|   CLBL                     |  16758 |  17361 |  4441 |  57.23 |  59.29 |  15.17 |
|   CLBM                     |  15906 |  15478 |  4090 |  61.94 |  62.61 |  16.55 |
| CLB LUTs                   | 119628 | 173294 | 33830 |  27.21 |  40.11 |   7.83 |
|   LUT as Logic             |  88774 | 157803 | 31014 |  20.19 |  36.53 |   7.18 |
|     using O5 output only   |   2854 |   2492 |   934 |   0.65 |   0.58 |   0.22 |
|     using O6 output only   |  51025 | 117161 | 18908 |  11.61 |  27.12 |   4.38 |
|     using O5 and O6        |  34895 |  38150 | 11172 |   7.94 |   8.83 |   2.59 |
|   LUT as Memory            |  30854 |  15491 |  2816 |  15.02 |   7.83 |   1.42 |
|     LUT as Distributed RAM |  14196 |   3837 |   936 |   6.91 |   1.94 |   0.47 |
|       using O5 output only |      0 |      0 |     0 |   0.00 |   0.00 |   0.00 |
|       using O6 output only |     84 |    215 |    80 |   0.04 |   0.11 |   0.04 |
|       using O5 and O6      |  14112 |   3622 |   856 |   6.87 |   1.83 |   0.43 |
|     LUT as Shift Register  |  16658 |  11654 |  1880 |   8.11 |   5.89 |   0.95 |
|       using O5 output only |      0 |      0 |     0 |   0.00 |   0.00 |   0.00 |
|       using O6 output only |  15792 |   9606 |  1750 |   7.69 |   4.86 |   0.88 |
|       using O5 and O6      |    866 |   2048 |   130 |   0.42 |   1.04 |   0.07 |
| CLB Registers              | 233212 | 216173 | 60564 |  26.52 |  25.02 |   7.01 |
| CARRY8                     |   2136 |   6241 |   299 |   3.89 |  11.56 |   0.55 |
| F7 Muxes                   |   5994 |  17035 |  1316 |   2.73 |   7.89 |   0.61 |
| F8 Muxes                   |     16 |    141 |    47 |   0.01 |   0.13 |   0.04 |
| F9 Muxes                   |      0 |      0 |     0 |   0.00 |   0.00 |   0.00 |
| Block RAM Tile             |  495.5 |  213.5 |    94 |  73.74 |  31.77 |  13.99 |
|   RAMB36/FIFO              |    482 |    213 |    92 |  71.73 |  31.70 |  13.69 |
|     RAMB36E2 only          |    482 |    205 |    92 |  71.73 |  30.51 |  13.69 |
|   RAMB18                   |     27 |      1 |     4 |   2.01 |   0.07 |   0.30 |
|     RAMB18E2 only          |     27 |      1 |     4 |   2.01 |   0.07 |   0.30 |
| URAM                       |      0 |      0 |     0 |   0.00 |   0.00 |   0.00 |
| DSPs                       |      0 |   1024 |     4 |   0.00 |  33.33 |   0.13 |
| PLL                        |      0 |      0 |     0 |   0.00 |   0.00 |   0.00 |
| MMCM                       |      0 |      0 |     0 |   0.00 |   0.00 |   0.00 |
| Unique Control Sets        |   6692 |   6365 |  2614 |   6.09 |   5.89 |   2.42 |
+----------------------------+--------+--------+-------+--------+--------+--------+
* Note: Available Control Sets based on CLB Registers / 8


4. SLR IO Utilization
---------------------

+-----------+-----------+---------+------------+----------+------------+----------+-----+
| SLR Index | Used IOBs | (%)IOBs | Used IPADs | (%)IPADs | Used OPADs | (%)OPADs | GTs |
+-----------+-----------+---------+------------+----------+------------+----------+-----+
| SLR2      |        18 |    8.65 |          0 |     0.00 |          0 |     0.00 |   0 |
| SLR1      |         0 |    0.00 |          0 |     0.00 |          0 |     0.00 |   0 |
| SLR0      |         1 |    0.48 |          0 |     0.00 |          0 |     0.00 |  16 |
+-----------+-----------+---------+------------+----------+------------+----------+-----+
| Total     |        19 |         |          0 |          |          0 |          |  16 |
+-----------+-----------+---------+------------+----------+------------+----------+-----+


