Copyright 1986-2021 Xilinx, Inc. All Rights Reserved.
-------------------------------------------------------------------------------------------------------------------------------------------------------------------------------------------------------------------------------------------------------------------------------------------------------------------------------------------------------------------------------------------------------------------------------------------------------------------------------------------------------------------------------------------------------------------------------------------------------------------------------------------------------------------------------------------------------------------------------------------------------------------------------------------------------------------------------------------------------------------------------------------------------------------------------------------------------------------------------------------------------------------------------------------------------------------------------------------------------------------------------------------------------------------------
| Tool Version : Vivado v.2021.1_AR76780 (lin64) Build 3247384 Thu Jun 10 19:36:07 MDT 2021
| Date         : Wed Aug 26 21:51:14 2026
| Host         : coroni running 64-bit Ubuntu 18.04.6 LTS
| Command      : report_accelerator_utilization -kernels { krnl_gemv_sparse:pfm_top_i/dynamic_region/gemv/inst:gemv krnl_mm2s:pfm_top_i/dynamic_region/mm2s_a0/inst:mm2s_a0 krnl_mm2s:pfm_top_i/dynamic_region/mm2s_a1/inst:mm2s_a1 krnl_mm2s:pfm_top_i/dynamic_region/mm2s_i0/inst:mm2s_i0 krnl_mm2s:pfm_top_i/dynamic_region/mm2s_i1/inst:mm2s_i1 krnl_mm2s:pfm_top_i/dynamic_region/mm2s_i2/inst:mm2s_i2 krnl_mm2s:pfm_top_i/dynamic_region/mm2s_w0/inst:mm2s_w0 krnl_mm2s:pfm_top_i/dynamic_region/mm2s_w1/inst:mm2s_w1 krnl_mm2s:pfm_top_i/dynamic_region/mm2s_w2/inst:mm2s_w2 krnl_mm2s:pfm_top_i/dynamic_region/mm2s_w3/inst:mm2s_w3 krnl_mm2s:pfm_top_i/dynamic_region/mm2s_w4/inst:mm2s_w4 krnl_mm2s:pfm_top_i/dynamic_region/mm2s_w5/inst:mm2s_w5 krnl_mm2s:pfm_top_i/dynamic_region/mm2s_w6/inst:mm2s_w6 krnl_mm2s:pfm_top_i/dynamic_region/mm2s_w7/inst:mm2s_w7 krnl_s2mm:pfm_top_i/dynamic_region/s2mm_c0/inst:s2mm_c0 krnl_s2mm:pfm_top_i/dynamic_region/s2mm_c1/inst:s2mm_c1 krnl_s2mm:pfm_top_i/dynamic_region/s2mm_c2/inst:s2mm_c2 krnl_s2mm:pfm_top_i/dynamic_region/s2mm_c3/inst:s2mm_c3} -file kernel_util_routed.rpt -name kernel_util_routed -json
| Design       : pfm_top_wrapper
| Device       : xcu280
| Design State : Routed
-------------------------------------------------------------------------------------------------------------------------------------------------------------------------------------------------------------------------------------------------------------------------------------------------------------------------------------------------------------------------------------------------------------------------------------------------------------------------------------------------------------------------------------------------------------------------------------------------------------------------------------------------------------------------------------------------------------------------------------------------------------------------------------------------------------------------------------------------------------------------------------------------------------------------------------------------------------------------------------------------------------------------------------------------------------------------------------------------------------------------------------------------------------------------

Accelerator Utilization Design Information

Table of Contents
-----------------
1. System Utilization

1. System Utilization
---------------------

+---------------------+-------------------+------------------+-------------------+----------------+---------------+----------------+
| Name                | LUT               | LUTAsMem         | REG               | BRAM           | URAM          | DSP            |
+---------------------+-------------------+------------------+-------------------+----------------+---------------+----------------+
| Platform            |  123863 [  9.51%] |  15702 [  2.61%] |  191860 [  7.36%] |  204 [ 10.12%] |   0 [  0.00%] |    4 [  0.04%] |
| User Budget         | 1178857 [100.00%] | 584778 [100.00%] | 2415500 [100.00%] | 1812 [100.00%] | 960 [100.00%] | 9020 [100.00%] |
|    Used Resources   |   94042 [  7.98%] |  12981 [  2.22%] |  136778 [  5.66%] |  314 [ 17.33%] |   0 [  0.00%] |  512 [  5.68%] |
|    Unused Resources | 1084815 [ 92.02%] | 571797 [ 97.78%] | 2278722 [ 94.34%] | 1498 [ 82.67%] | 960 [100.00%] | 8508 [ 94.32%] |
| krnl_gemv_sparse    |   66186 [  5.61%] |   5760 [  0.98%] |   87300 [  3.61%] |   74 [  4.08%] |   0 [  0.00%] |  512 [  5.68%] |
|    gemv             |   66186 [  5.61%] |   5760 [  0.98%] |   87300 [  3.61%] |   74 [  4.08%] |   0 [  0.00%] |  512 [  5.68%] |
| krnl_mm2s           |   19646 [  1.67%] |   3549 [  0.61%] |   36736 [  1.52%] |  176 [  9.71%] |   0 [  0.00%] |    0 [  0.00%] |
|    mm2s_a0          |    1534 [  0.13%] |    273 [  0.05%] |    2899 [  0.12%] |   14 [  0.77%] |   0 [  0.00%] |    0 [  0.00%] |
|    mm2s_a1          |    1542 [  0.13%] |    273 [  0.05%] |    2895 [  0.12%] |   14 [  0.77%] |   0 [  0.00%] |    0 [  0.00%] |
|    mm2s_i0          |    1479 [  0.13%] |    273 [  0.05%] |    2850 [  0.12%] |   14 [  0.77%] |   0 [  0.00%] |    0 [  0.00%] |
|    mm2s_i1          |    1485 [  0.13%] |    273 [  0.05%] |    2859 [  0.12%] |   14 [  0.77%] |   0 [  0.00%] |    0 [  0.00%] |
|    mm2s_i2          |    1271 [  0.11%] |    273 [  0.05%] |    2067 [  0.09%] |    8 [  0.44%] |   0 [  0.00%] |    0 [  0.00%] |
|    mm2s_w0          |    1534 [  0.13%] |    273 [  0.05%] |    2890 [  0.12%] |   14 [  0.77%] |   0 [  0.00%] |    0 [  0.00%] |
|    mm2s_w1          |    1544 [  0.13%] |    273 [  0.05%] |    2892 [  0.12%] |   14 [  0.77%] |   0 [  0.00%] |    0 [  0.00%] |
|    mm2s_w2          |    1545 [  0.13%] |    273 [  0.05%] |    2892 [  0.12%] |   14 [  0.77%] |   0 [  0.00%] |    0 [  0.00%] |
|    mm2s_w3          |    1547 [  0.13%] |    273 [  0.05%] |    2901 [  0.12%] |   14 [  0.77%] |   0 [  0.00%] |    0 [  0.00%] |
|    mm2s_w4          |    1550 [  0.13%] |    273 [  0.05%] |    2898 [  0.12%] |   14 [  0.77%] |   0 [  0.00%] |    0 [  0.00%] |
|    mm2s_w5          |    1536 [  0.13%] |    273 [  0.05%] |    2901 [  0.12%] |   14 [  0.77%] |   0 [  0.00%] |    0 [  0.00%] |
|    mm2s_w6          |    1534 [  0.13%] |    273 [  0.05%] |    2896 [  0.12%] |   14 [  0.77%] |   0 [  0.00%] |    0 [  0.00%] |
|    mm2s_w7          |    1545 [  0.13%] |    273 [  0.05%] |    2896 [  0.12%] |   14 [  0.77%] |   0 [  0.00%] |    0 [  0.00%] |
| krnl_s2mm           |    8210 [  0.70%] |   3672 [  0.63%] |   12742 [  0.53%] |   64 [  3.53%] |   0 [  0.00%] |    0 [  0.00%] |
|    s2mm_c0          |    2044 [  0.17%] |    918 [  0.16%] |    3172 [  0.13%] |   16 [  0.88%] |   0 [  0.00%] |    0 [  0.00%] |
|    s2mm_c1          |    2049 [  0.17%] |    918 [  0.16%] |    3184 [  0.13%] |   16 [  0.88%] |   0 [  0.00%] |    0 [  0.00%] |
|    s2mm_c2          |    2056 [  0.17%] |    918 [  0.16%] |    3192 [  0.13%] |   16 [  0.88%] |   0 [  0.00%] |    0 [  0.00%] |
|    s2mm_c3          |    2061 [  0.17%] |    918 [  0.16%] |    3194 [  0.13%] |   16 [  0.88%] |   0 [  0.00%] |    0 [  0.00%] |
+---------------------+-------------------+------------------+-------------------+----------------+---------------+----------------+


