Copyright 1986-2021 Xilinx, Inc. All Rights Reserved.
---------------------------------------------------------------------------------------------------------------------------------------------------------------------------------------------------------------------------------------------------------------------------------------------------------------------------------------------------------------------------------------------------------------------------------------------------------------------------------------------------------------------------------
| Tool Version : Vivado v.2021.1_AR76780 (lin64) Build 3247384 Thu Jun 10 19:36:07 MDT 2021
| Date         : Fri Sep 11 02:59:51 2026
| Host         : coroni running 64-bit Ubuntu 18.04.6 LTS
| Command      : report_accelerator_utilization -kernels { krnl_gemv_sparse:pfm_top_i/dynamic_region/gemv/inst:gemv krnl_mm2s:pfm_top_i/dynamic_region/mm2s_a0/inst:mm2s_a0 krnl_mm2s:pfm_top_i/dynamic_region/mm2s_a1/inst:mm2s_a1 krnl_mm2s:pfm_top_i/dynamic_region/mm2s_i0/inst:mm2s_i0 krnl_mm2s:pfm_top_i/dynamic_region/mm2s_w0/inst:mm2s_w0 krnl_mm2s:pfm_top_i/dynamic_region/mm2s_w1/inst:mm2s_w1 krnl_s2mm:pfm_top_i/dynamic_region/s2mm_c0/inst:s2mm_c0} -file kernel_util_placed.rpt -name kernel_util_placed -json
| Design       : pfm_top_wrapper
| Device       : xcu280
| Design State : Fully Placed
---------------------------------------------------------------------------------------------------------------------------------------------------------------------------------------------------------------------------------------------------------------------------------------------------------------------------------------------------------------------------------------------------------------------------------------------------------------------------------------------------------------------------------

Accelerator Utilization Design Information

Table of Contents
-----------------
1. System Utilization

1. System Utilization
---------------------

+---------------------+-------------------+------------------+-------------------+----------------+---------------+----------------+
| Name                | LUT               | LUTAsMem         | REG               | BRAM           | URAM          | DSP            |
+---------------------+-------------------+------------------+-------------------+----------------+---------------+----------------+
| Platform            |  108339 [  8.32%] |  11499 [  1.91%] |  161680 [  6.20%] |  202 [ 10.02%] |   0 [  0.00%] |    4 [  0.04%] |
| User Budget         | 1194381 [100.00%] | 588981 [100.00%] | 2445680 [100.00%] | 1814 [100.00%] | 960 [100.00%] | 9020 [100.00%] |
|    Used Resources   |   27653 [  2.32%] |   3723 [  0.63%] |   39725 [  1.62%] |  115 [  6.34%] |   0 [  0.00%] |  128 [  1.42%] |
|    Unused Resources | 1166728 [ 97.68%] | 585258 [ 99.37%] | 2405955 [ 98.38%] | 1699 [ 93.66%] | 960 [100.00%] | 8892 [ 98.58%] |
| krnl_gemv_sparse    |   17974 [  1.50%] |   1440 [  0.24%] |   22381 [  0.92%] |   31 [  1.71%] |   0 [  0.00%] |  128 [  1.42%] |
|    gemv             |   17974 [  1.50%] |   1440 [  0.24%] |   22381 [  0.92%] |   31 [  1.71%] |   0 [  0.00%] |  128 [  1.42%] |
| krnl_mm2s           |    7640 [  0.64%] |   1365 [  0.23%] |   14174 [  0.58%] |   68 [  3.75%] |   0 [  0.00%] |    0 [  0.00%] |
|    mm2s_a0          |    1561 [  0.13%] |    273 [  0.05%] |    2888 [  0.12%] |   14 [  0.77%] |   0 [  0.00%] |    0 [  0.00%] |
|    mm2s_a1          |    1548 [  0.13%] |    273 [  0.05%] |    2903 [  0.12%] |   14 [  0.77%] |   0 [  0.00%] |    0 [  0.00%] |
|    mm2s_i0          |    1423 [  0.12%] |    273 [  0.05%] |    2578 [  0.11%] |   12 [  0.66%] |   0 [  0.00%] |    0 [  0.00%] |
|    mm2s_w0          |    1544 [  0.13%] |    273 [  0.05%] |    2897 [  0.12%] |   14 [  0.77%] |   0 [  0.00%] |    0 [  0.00%] |
|    mm2s_w1          |    1564 [  0.13%] |    273 [  0.05%] |    2908 [  0.12%] |   14 [  0.77%] |   0 [  0.00%] |    0 [  0.00%] |
| krnl_s2mm           |    2039 [  0.17%] |    918 [  0.16%] |    3170 [  0.13%] |   16 [  0.88%] |   0 [  0.00%] |    0 [  0.00%] |
|    s2mm_c0          |    2039 [  0.17%] |    918 [  0.16%] |    3170 [  0.13%] |   16 [  0.88%] |   0 [  0.00%] |    0 [  0.00%] |
+---------------------+-------------------+------------------+-------------------+----------------+---------------+----------------+


