Copyright 1986-2021 Xilinx, Inc. All Rights Reserved.
--------------------------------------------------------------------------------------------
| Tool Version : Vivado v.2021.1_AR76780 (lin64) Build 3247384 Thu Jun 10 19:36:07 MDT 2021
| Date         : Wed Aug 26 20:30:36 2026
| Host         : coroni running 64-bit Ubuntu 18.04.6 LTS
| Command      : report_utilization -slr -file slr_util_placed.rpt -pb slr_util_placed.pb
| Design       : pfm_top_wrapper
| Device       : xcu280fsvh2892-2L
| Design State : Fully Placed
--------------------------------------------------------------------------------------------

Utilization Design Information

Table of Contents
-----------------
1. SLR Connectivity
2. SLR Connectivity Matrix
3. SLR CLB Logic and Dedicated Block Utilization
4. SLR IO Utilization

1. SLR Connectivity
-------------------

+----------------------------------+------+-------+-----------+-------+
|                                  | Used | Fixed | Available | Util% |
+----------------------------------+------+-------+-----------+-------+
| SLR2 <-> SLR1                    | 3985 |       |     23040 | 17.30 |
|   SLR1 -> SLR2                   | 2110 |       |           |  9.16 |
|     Using TX_REG only            |    1 |     1 |           |       |
|     Using RX_REG only            |   18 |    18 |           |       |
|     Using Both TX_REG and RX_REG |  267 |     1 |           |       |
|   SLR2 -> SLR1                   | 1875 |       |           |  8.14 |
|     Using TX_REG only            |    0 |     0 |           |       |
|     Using RX_REG only            |    4 |     4 |           |       |
|     Using Both TX_REG and RX_REG |  407 |     0 |           |       |
| SLR1 <-> SLR0                    | 2548 |       |     23040 | 11.06 |
|   SLR0 -> SLR1                   | 1153 |       |           |  5.00 |
|     Using TX_REG only            |   71 |    71 |           |       |
|     Using RX_REG only            |   61 |    61 |           |       |
|     Using Both TX_REG and RX_REG |  355 |    55 |           |       |
|   SLR1 -> SLR0                   | 1395 |       |           |  6.05 |
|     Using TX_REG only            |   62 |    62 |           |       |
|     Using RX_REG only            |   72 |    71 |           |       |
|     Using Both TX_REG and RX_REG |  435 |    60 |           |       |
+----------------------------------+------+-------+-----------+-------+
| Total SLLs Used                  | 6533 |       |           |       |
+----------------------------------+------+-------+-----------+-------+


2. SLR Connectivity Matrix
--------------------------

+-----------+------+------+------+
| FROM \ TO | SLR2 | SLR1 | SLR0 |
+-----------+------+------+------+
| SLR2      |    0 | 1851 |   24 |
| SLR1      | 1960 |    0 | 1371 |
| SLR0      |  150 | 1003 |    0 |
+-----------+------+------+------+


3. SLR CLB Logic and Dedicated Block Utilization
------------------------------------------------

+----------------------------+--------+-------+-------+--------+--------+--------+
|          Site Type         |  SLR0  |  SLR1 |  SLR2 | SLR0 % | SLR1 % | SLR2 % |
+----------------------------+--------+-------+-------+--------+--------+--------+
| CLB                        |  31852 |  7064 |  8418 |  57.95 |  13.08 |  15.59 |
|   CLBL                     |  16564 |  3610 |  4412 |  56.57 |  12.33 |  15.07 |
|   CLBM                     |  15288 |  3454 |  4006 |  59.53 |  13.97 |  16.21 |
| CLB LUTs                   | 134688 | 47669 | 35349 |  30.63 |  11.03 |   8.18 |
|   LUT as Logic             | 113015 | 43699 | 32309 |  25.70 |  10.12 |   7.48 |
|     using O5 output only   |   2782 |   292 |  1004 |   0.63 |   0.07 |   0.23 |
|     using O6 output only   |  75989 | 34272 | 19495 |  17.28 |   7.93 |   4.51 |
|     using O5 and O6        |  34244 |  9135 | 11810 |   7.79 |   2.11 |   2.73 |
|   LUT as Memory            |  21673 |  3970 |  3040 |  10.55 |   2.01 |   1.54 |
|     LUT as Distributed RAM |   6784 |  3837 |  1660 |   3.30 |   1.94 |   0.84 |
|       using O5 output only |      0 |     0 |     0 |   0.00 |   0.00 |   0.00 |
|       using O6 output only |     80 |   215 |    84 |   0.04 |   0.11 |   0.04 |
|       using O5 and O6      |   6704 |  3622 |  1576 |   3.26 |   1.83 |   0.80 |
|     LUT as Shift Register  |  14889 |   133 |  1380 |   7.25 |   0.07 |   0.70 |
|       using O5 output only |      0 |     0 |     0 |   0.00 |   0.00 |   0.00 |
|       using O6 output only |  12999 |   133 |  1250 |   6.33 |   0.07 |   0.63 |
|       using O5 and O6      |   1890 |     0 |   130 |   0.92 |   0.00 |   0.07 |
| CLB Registers              | 221198 | 46332 | 60922 |  25.15 |   5.36 |   7.05 |
| CARRY8                     |   4195 |   473 |   313 |   7.63 |   0.88 |   0.58 |
| F7 Muxes                   |  11335 |   651 |  1054 |   5.16 |   0.30 |   0.49 |
| F8 Muxes                   |     16 |   141 |    47 |   0.01 |   0.13 |   0.04 |
| F9 Muxes                   |      0 |     0 |     0 |   0.00 |   0.00 |   0.00 |
| Block RAM Tile             |    350 |  80.5 |    94 |  52.08 |  11.98 |  13.99 |
|   RAMB36/FIFO              |    342 |    80 |    92 |  50.89 |  11.90 |  13.69 |
|     RAMB36E2 only          |    334 |    80 |    92 |  49.70 |  11.90 |  13.69 |
|   RAMB18                   |     16 |     1 |     4 |   1.19 |   0.07 |   0.30 |
|     RAMB18E2 only          |     16 |     1 |     4 |   1.19 |   0.07 |   0.30 |
| URAM                       |      0 |     0 |     0 |   0.00 |   0.00 |   0.00 |
| DSPs                       |    512 |     0 |     4 |  17.78 |   0.00 |   0.13 |
| PLL                        |      0 |     0 |     0 |   0.00 |   0.00 |   0.00 |
| MMCM                       |      0 |     0 |     0 |   0.00 |   0.00 |   0.00 |
| Unique Control Sets        |   7274 |  1505 |  2727 |   6.62 |   1.39 |   2.53 |
+----------------------------+--------+-------+-------+--------+--------+--------+
* Note: Available Control Sets based on CLB Registers / 8


4. SLR IO Utilization
---------------------

+-----------+-----------+---------+------------+----------+------------+----------+-----+
| SLR Index | Used IOBs | (%)IOBs | Used IPADs | (%)IPADs | Used OPADs | (%)OPADs | GTs |
+-----------+-----------+---------+------------+----------+------------+----------+-----+
| SLR2      |        18 |    8.65 |          0 |     0.00 |          0 |     0.00 |   0 |
| SLR1      |         0 |    0.00 |          0 |     0.00 |          0 |     0.00 |   0 |
| SLR0      |         1 |    0.48 |          0 |     0.00 |          0 |     0.00 |  16 |
+-----------+-----------+---------+------------+----------+------------+----------+-----+
| Total     |        19 |         |          0 |          |          0 |          |  16 |
+-----------+-----------+---------+------------+----------+------------+----------+-----+


