Copyright 1986-2021 Xilinx, Inc. All Rights Reserved.
---------------------------------------------------------------------------------------------------------
| Tool Version      : Vivado v.2021.1_AR76780 (lin64) Build 3247384 Thu Jun 10 19:36:07 MDT 2021
| Date              : Thu Sep 10 00:27:31 2026
| Host              : coroni running 64-bit Ubuntu 18.04.6 LTS
| Command           : report_timing_summary -file /home/skoulas/GEMV_Sparse/family_sweep/timing_16x6.rpt
| Design            : two2N
| Device            : xcu280-fsvh2892
| Speed File        : -2L  PRODUCTION 1.29 11-17-2020
| Temperature Grade : E
---------------------------------------------------------------------------------------------------------

Timing Summary Report

------------------------------------------------------------------------------------------------
| Timer Settings
| --------------
------------------------------------------------------------------------------------------------

  Enable Multi Corner Analysis               :  Yes
  Enable Pessimism Removal                   :  Yes
  Pessimism Removal Resolution               :  Nearest Common Node
  Enable Input Delay Default Clock           :  No
  Enable Preset / Clear Arcs                 :  No
  Disable Flight Delays                      :  No
  Ignore I/O Paths                           :  No
  Timing Early Launch at Borrowing Latches   :  No
  Borrow Time for Max Delay Exceptions       :  Yes
  Merge Timing Exceptions                    :  Yes

  Corner  Analyze    Analyze    
  Name    Max Paths  Min Paths  
  ------  ---------  ---------  
  Slow    Yes        Yes        
  Fast    Yes        Yes        


------------------------------------------------------------------------------------------------
| Report Methodology
| ------------------
------------------------------------------------------------------------------------------------

No report available as report_methodology has not been run prior. Run report_methodology on the current design for the summary of methodology violations.



check_timing report

Table of Contents
-----------------
1. checking no_clock (0)
2. checking constant_clock (0)
3. checking pulse_width_clock (0)
4. checking unconstrained_internal_endpoints (0)
5. checking no_input_delay (4607)
6. checking no_output_delay (1566)
7. checking multiple_clock (0)
8. checking generated_clocks (0)
9. checking loops (0)
10. checking partial_input_delay (0)
11. checking partial_output_delay (0)
12. checking latch_loops (0)

1. checking no_clock (0)
------------------------
 There are 0 register/latch pins with no clock.


2. checking constant_clock (0)
------------------------------
 There are 0 register/latch pins with constant_clock.


3. checking pulse_width_clock (0)
---------------------------------
 There are 0 register/latch pins which need pulse_width check


4. checking unconstrained_internal_endpoints (0)
------------------------------------------------
 There are 0 pins that are not constrained for maximum delay.

 There are 0 pins that are not constrained for maximum delay due to constant clock.


5. checking no_input_delay (4607)
---------------------------------
 There are 4607 input ports with no input delay specified. (HIGH)

 There are 0 input ports with no input delay but user has a false path constraint.


6. checking no_output_delay (1566)
----------------------------------
 There are 1566 ports with no output delay specified. (HIGH)

 There are 0 ports with no output delay but user has a false path constraint

 There are 0 ports with no output delay but with a timing clock defined on it or propagating through it


7. checking multiple_clock (0)
------------------------------
 There are 0 register/latch pins with multiple clocks.


8. checking generated_clocks (0)
--------------------------------
 There are 0 generated clocks that are not connected to a clock source.


9. checking loops (0)
---------------------
 There are 0 combinational loops in the design.


10. checking partial_input_delay (0)
------------------------------------
 There are 0 input ports with partial input delay specified.


11. checking partial_output_delay (0)
-------------------------------------
 There are 0 ports with partial output delay specified.


12. checking latch_loops (0)
----------------------------
 There are 0 combinational latch loops in the design through latch input



------------------------------------------------------------------------------------------------
| Design Timing Summary
| ---------------------
------------------------------------------------------------------------------------------------

    WNS(ns)      TNS(ns)  TNS Failing Endpoints  TNS Total Endpoints      WHS(ns)      THS(ns)  THS Failing Endpoints  THS Total Endpoints     WPWS(ns)     TPWS(ns)  TPWS Failing Endpoints  TPWS Total Endpoints  
    -------      -------  ---------------------  -------------------      -------      -------  ---------------------  -------------------     --------     --------  ----------------------  --------------------  
     -1.145    -8437.957                  27591               265943        0.026        0.000                      0               265943       -0.069      -13.110                     190                137594  


Timing constraints are not met.


------------------------------------------------------------------------------------------------
| Clock Summary
| -------------
------------------------------------------------------------------------------------------------

Clock  Waveform(ns)         Period(ns)      Frequency(MHz)
-----  ------------         ----------      --------------
clk    {0.000 0.750}        1.500           666.667         


------------------------------------------------------------------------------------------------
| Intra Clock Table
| -----------------
------------------------------------------------------------------------------------------------

Clock             WNS(ns)      TNS(ns)  TNS Failing Endpoints  TNS Total Endpoints      WHS(ns)      THS(ns)  THS Failing Endpoints  THS Total Endpoints     WPWS(ns)     TPWS(ns)  TPWS Failing Endpoints  TPWS Total Endpoints  
-----             -------      -------  ---------------------  -------------------      -------      -------  ---------------------  -------------------     --------     --------  ----------------------  --------------------  
clk                -1.145    -8437.957                  27591               265943        0.026        0.000                      0               265943       -0.069      -13.110                     190                137594  


------------------------------------------------------------------------------------------------
| Inter Clock Table
| -----------------
------------------------------------------------------------------------------------------------

From Clock    To Clock          WNS(ns)      TNS(ns)  TNS Failing Endpoints  TNS Total Endpoints      WHS(ns)      THS(ns)  THS Failing Endpoints  THS Total Endpoints  
----------    --------          -------      -------  ---------------------  -------------------      -------      -------  ---------------------  -------------------  


------------------------------------------------------------------------------------------------
| Other Path Groups Table
| -----------------------
------------------------------------------------------------------------------------------------

Path Group    From Clock    To Clock          WNS(ns)      TNS(ns)  TNS Failing Endpoints  TNS Total Endpoints      WHS(ns)      THS(ns)  THS Failing Endpoints  THS Total Endpoints  
----------    ----------    --------          -------      -------  ---------------------  -------------------      -------      -------  ---------------------  -------------------  


------------------------------------------------------------------------------------------------
| Timing Details
| --------------
------------------------------------------------------------------------------------------------


---------------------------------------------------------------------------------------------------
From Clock:  clk
  To Clock:  clk

Setup :        27591  Failing Endpoints,  Worst Slack       -1.145ns,  Total Violation    -8437.957ns
Hold  :            0  Failing Endpoints,  Worst Slack        0.026ns,  Total Violation        0.000ns
PW    :          190  Failing Endpoints,  Worst Slack       -0.069ns,  Total Violation      -13.110ns
---------------------------------------------------------------------------------------------------


Max Delay Paths
--------------------------------------------------------------------------------------
Slack (VIOLATED) :        -1.145ns  (required time - arrival time)
  Source:                 WEIGHTS_FIFO_INST/W_FIFOS[7].W_FIFO_INST/inst/gen_fifo.xpm_fifo_axis_inst/xpm_fifo_base_inst/gen_fwft.gdvld_fwft.data_valid_fwft_reg/C
                            (rising edge-triggered cell FDRE clocked by clk  {rise@0.000ns fall@0.750ns period=1.500ns})
  Destination:            WEIGHTS_FIFO_INST/W_FIFOS[5].W_FIFO_INST/inst/gen_fifo.xpm_fifo_axis_inst/xpm_fifo_base_inst/gen_sdpram.xpm_memory_base_inst/gen_wr_a.gen_word_narrow.mem_reg_0/ENARDEN
                            (rising edge-triggered cell RAMB36E2 clocked by clk  {rise@0.000ns fall@0.750ns period=1.500ns})
  Path Group:             clk
  Path Type:              Setup (Max at Slow Process Corner)
  Requirement:            1.500ns  (clk rise@1.500ns - clk rise@0.000ns)
  Data Path Delay:        2.278ns  (logic 0.498ns (21.861%)  route 1.780ns (78.139%))
  Logic Levels:           6  (LUT3=1 LUT5=1 LUT6=4)
  Clock Path Skew:        0.010ns (DCD - SCD + CPR)
    Destination Clock Delay (DCD):    0.039ns = ( 1.539 - 1.500 ) 
    Source Clock Delay      (SCD):    0.029ns
    Clock Pessimism Removal (CPR):    0.000ns
  Clock Uncertainty:      0.035ns  ((TSJ^2 + TIJ^2)^1/2 + DJ) / 2 + PE
    Total System Jitter     (TSJ):    0.071ns
    Total Input Jitter      (TIJ):    0.000ns
    Discrete Jitter          (DJ):    0.000ns
    Phase Error              (PE):    0.000ns

    Location             Delay type                Incr(ns)  Path(ns)    Netlist Resource(s)
  -------------------------------------------------------------------    -------------------
                         (clock clk rise edge)        0.000     0.000 r  
                                                      0.000     0.000 r  clk (IN)
                         net (fo=141433, unset)       0.029     0.029    WEIGHTS_FIFO_INST/W_FIFOS[7].W_FIFO_INST/inst/gen_fifo.xpm_fifo_axis_inst/xpm_fifo_base_inst/wr_clk
    SLICE_X108Y608       FDRE                                         r  WEIGHTS_FIFO_INST/W_FIFOS[7].W_FIFO_INST/inst/gen_fifo.xpm_fifo_axis_inst/xpm_fifo_base_inst/gen_fwft.gdvld_fwft.data_valid_fwft_reg/C
  -------------------------------------------------------------------    -------------------
    SLICE_X108Y608       FDRE (Prop_FFF_SLICEL_C_Q)
                                                      0.079     0.108 r  WEIGHTS_FIFO_INST/W_FIFOS[7].W_FIFO_INST/inst/gen_fifo.xpm_fifo_axis_inst/xpm_fifo_base_inst/gen_fwft.gdvld_fwft.data_valid_fwft_reg/Q
                         net (fo=5, routed)           0.219     0.327    WEIGHTS_FIFO_INST/W_FIFOS[7].W_FIFO_INST_n_1
    SLICE_X109Y609       LUT6 (Prop_G6LUT_SLICEM_I1_O)
                                                      0.100     0.427 r  WEIGHTS_FIFO_INST/Indices_int[959]_i_4/O
                         net (fo=1, routed)           0.048     0.475    WEIGHTS_FIFO_INST/Indices_int[959]_i_4_n_0
    SLICE_X109Y609       LUT6 (Prop_H6LUT_SLICEM_I5_O)
                                                      0.053     0.528 r  WEIGHTS_FIFO_INST/Indices_int[959]_i_2/O
                         net (fo=6, routed)           0.045     0.573    WEIGHTS_FIFO_INST/w_head_ready
    SLICE_X109Y609       LUT3 (Prop_F6LUT_SLICEM_I2_O)
                                                      0.088     0.661 r  WEIGHTS_FIFO_INST/w_stage_tlast_i_1/O
                         net (fo=4, routed)           0.081     0.742    WEIGHTS_FIFO_INST/w_stage_valid_reg[0]
    SLICE_X109Y608       LUT6 (Prop_F6LUT_SLICEM_I4_O)
                                                      0.037     0.779 r  WEIGHTS_FIFO_INST/W_FIFOS[11].W_FIFO_INST_i_4/O
                         net (fo=8, routed)           0.167     0.946    WEIGHTS_FIFO_INST/W_FIFOS[11].W_FIFO_INST_i_4_n_0
    SLICE_X109Y603       LUT6 (Prop_F6LUT_SLICEM_I5_O)
                                                      0.088     1.034 r  WEIGHTS_FIFO_INST/W_FIFOS[11].W_FIFO_INST_i_1_replica/O
                         net (fo=3, routed)           0.287     1.321    WEIGHTS_FIFO_INST/W_FIFOS[5].W_FIFO_INST/inst/gen_fifo.xpm_fifo_axis_inst/xpm_fifo_base_inst/rdpp1_inst/m_axis_tready_repN_alias
    SLICE_X107Y595       LUT5 (Prop_A6LUT_SLICEM_I4_O)
                                                      0.053     1.374 r  WEIGHTS_FIFO_INST/W_FIFOS[5].W_FIFO_INST/inst/gen_fifo.xpm_fifo_axis_inst/xpm_fifo_base_inst/rdpp1_inst/gen_sdpram.xpm_memory_base_inst_i_2_comp/O
                         net (fo=27, routed)          0.933     2.307    WEIGHTS_FIFO_INST/W_FIFOS[5].W_FIFO_INST/inst/gen_fifo.xpm_fifo_axis_inst/xpm_fifo_base_inst/gen_sdpram.xpm_memory_base_inst/enb
    RAMB36_X5Y117        RAMB36E2                                     r  WEIGHTS_FIFO_INST/W_FIFOS[5].W_FIFO_INST/inst/gen_fifo.xpm_fifo_axis_inst/xpm_fifo_base_inst/gen_sdpram.xpm_memory_base_inst/gen_wr_a.gen_word_narrow.mem_reg_0/ENARDEN
  -------------------------------------------------------------------    -------------------

                         (clock clk rise edge)        1.500     1.500 r  
                                                      0.000     1.500 r  clk (IN)
                         net (fo=141433, unset)       0.039     1.539    WEIGHTS_FIFO_INST/W_FIFOS[5].W_FIFO_INST/inst/gen_fifo.xpm_fifo_axis_inst/xpm_fifo_base_inst/gen_sdpram.xpm_memory_base_inst/clka
    RAMB36_X5Y117        RAMB36E2                                     r  WEIGHTS_FIFO_INST/W_FIFOS[5].W_FIFO_INST/inst/gen_fifo.xpm_fifo_axis_inst/xpm_fifo_base_inst/gen_sdpram.xpm_memory_base_inst/gen_wr_a.gen_word_narrow.mem_reg_0/CLKARDCLK
                         clock pessimism              0.000     1.539    
                         clock uncertainty           -0.035     1.504    
    RAMB36_X5Y117        RAMB36E2 (Setup_RAMB36E2_RAMB36_CLKARDCLK_ENARDEN)
                                                     -0.342     1.162    WEIGHTS_FIFO_INST/W_FIFOS[5].W_FIFO_INST/inst/gen_fifo.xpm_fifo_axis_inst/xpm_fifo_base_inst/gen_sdpram.xpm_memory_base_inst/gen_wr_a.gen_word_narrow.mem_reg_0
  -------------------------------------------------------------------
                         required time                          1.162    
                         arrival time                          -2.307    
  -------------------------------------------------------------------
                         slack                                 -1.145    





Min Delay Paths
--------------------------------------------------------------------------------------
Slack (MET) :             0.026ns  (arrival time - required time)
  Source:                 C_FIFO_INST/C_FIFOS[0].C_FIFO_INST/inst/gen_fifo.xpm_fifo_axis_inst/xpm_fifo_base_inst/xpm_fifo_rst_inst/gen_rst_cc.fifo_wr_rst_cc_reg[1]/C
                            (rising edge-triggered cell FDSE clocked by clk  {rise@0.000ns fall@0.750ns period=1.500ns})
  Destination:            C_FIFO_INST/C_FIFOS[0].C_FIFO_INST/inst/gen_fifo.xpm_fifo_axis_inst/xpm_fifo_base_inst/xpm_fifo_rst_inst/gen_rst_cc.fifo_wr_rst_cc_reg[2]_replica_3/D
                            (rising edge-triggered cell FDSE clocked by clk  {rise@0.000ns fall@0.750ns period=1.500ns})
  Path Group:             clk
  Path Type:              Hold (Min at Fast Process Corner)
  Requirement:            0.000ns  (clk rise@0.000ns - clk rise@0.000ns)
  Data Path Delay:        0.079ns  (logic 0.038ns (48.101%)  route 0.041ns (51.899%))
  Logic Levels:           0  
  Clock Path Skew:        0.006ns (DCD - SCD - CPR)
    Destination Clock Delay (DCD):    0.019ns
    Source Clock Delay      (SCD):    0.013ns
    Clock Pessimism Removal (CPR):    -0.000ns

    Location             Delay type                Incr(ns)  Path(ns)    Netlist Resource(s)
  -------------------------------------------------------------------    -------------------
                         (clock clk rise edge)        0.000     0.000 r  
                                                      0.000     0.000 r  clk (IN)
                         net (fo=141433, unset)       0.013     0.013    C_FIFO_INST/C_FIFOS[0].C_FIFO_INST/inst/gen_fifo.xpm_fifo_axis_inst/xpm_fifo_base_inst/xpm_fifo_rst_inst/wr_clk
    SLICE_X77Y680        FDSE                                         r  C_FIFO_INST/C_FIFOS[0].C_FIFO_INST/inst/gen_fifo.xpm_fifo_axis_inst/xpm_fifo_base_inst/xpm_fifo_rst_inst/gen_rst_cc.fifo_wr_rst_cc_reg[1]/C
  -------------------------------------------------------------------    -------------------
    SLICE_X77Y680        FDSE (Prop_EFF_SLICEM_C_Q)
                                                      0.038     0.051 r  C_FIFO_INST/C_FIFOS[0].C_FIFO_INST/inst/gen_fifo.xpm_fifo_axis_inst/xpm_fifo_base_inst/xpm_fifo_rst_inst/gen_rst_cc.fifo_wr_rst_cc_reg[1]/Q
                         net (fo=5, routed)           0.041     0.092    C_FIFO_INST/C_FIFOS[0].C_FIFO_INST/inst/gen_fifo.xpm_fifo_axis_inst/xpm_fifo_base_inst/xpm_fifo_rst_inst/gen_rst_cc.fifo_wr_rst_cc[1]
    SLICE_X77Y680        FDSE                                         r  C_FIFO_INST/C_FIFOS[0].C_FIFO_INST/inst/gen_fifo.xpm_fifo_axis_inst/xpm_fifo_base_inst/xpm_fifo_rst_inst/gen_rst_cc.fifo_wr_rst_cc_reg[2]_replica_3/D
  -------------------------------------------------------------------    -------------------

                         (clock clk rise edge)        0.000     0.000 r  
                                                      0.000     0.000 r  clk (IN)
                         net (fo=141433, unset)       0.019     0.019    C_FIFO_INST/C_FIFOS[0].C_FIFO_INST/inst/gen_fifo.xpm_fifo_axis_inst/xpm_fifo_base_inst/xpm_fifo_rst_inst/wr_clk
    SLICE_X77Y680        FDSE                                         r  C_FIFO_INST/C_FIFOS[0].C_FIFO_INST/inst/gen_fifo.xpm_fifo_axis_inst/xpm_fifo_base_inst/xpm_fifo_rst_inst/gen_rst_cc.fifo_wr_rst_cc_reg[2]_replica_3/C
                         clock pessimism              0.000     0.019    
    SLICE_X77Y680        FDSE (Hold_GFF2_SLICEM_C_D)
                                                      0.047     0.066    C_FIFO_INST/C_FIFOS[0].C_FIFO_INST/inst/gen_fifo.xpm_fifo_axis_inst/xpm_fifo_base_inst/xpm_fifo_rst_inst/gen_rst_cc.fifo_wr_rst_cc_reg[2]_replica_3
  -------------------------------------------------------------------
                         required time                         -0.066    
                         arrival time                           0.092    
  -------------------------------------------------------------------
                         slack                                  0.026    





Pulse Width Checks
--------------------------------------------------------------------------------------
Clock Name:         clk
Waveform(ns):       { 0.000 0.750 }
Period(ns):         1.500
Sources:            { clk }

Check Type        Corner  Lib Pin             Reference Pin  Required(ns)  Actual(ns)  Slack(ns)  Location       Pin
Min Period        n/a     RAMB36E2/CLKARDCLK  n/a            1.569         1.500       -0.069     RAMB36_X7Y135  ACTIVATION_FIFO_INST/A_FIFOS[0].A_FIFO_INST/inst/gen_fifo.xpm_fifo_axis_inst/xpm_fifo_base_inst/gen_sdpram.xpm_memory_base_inst/gen_wr_a.gen_word_narrow.mem_reg_0/CLKARDCLK
Low Pulse Width   Slow    FIFO36E2/RDCLK      n/a            0.542         0.750       0.208      RAMB36_X7Y138  ACTIVATION_CYCLE_INST/A_FIFO_INST/U0/inst_fifo_gen/gconvfifo.rf/gbi.bi/v8_fifo.fblk/rst_val_sym.gextw_sym[1].inst_extd/gonep.inst_prim/gf36e2_inst.sngfifo36e2/RDCLK
High Pulse Width  Slow    FIFO36E2/RDCLK      n/a            0.542         0.750       0.208      RAMB36_X7Y138  ACTIVATION_CYCLE_INST/A_FIFO_INST/U0/inst_fifo_gen/gconvfifo.rf/gbi.bi/v8_fifo.fblk/rst_val_sym.gextw_sym[1].inst_extd/gonep.inst_prim/gf36e2_inst.sngfifo36e2/RDCLK



