Copyright 1986-2021 Xilinx, Inc. All Rights Reserved.
---------------------------------------------------------------------------------------------------------
| Tool Version      : Vivado v.2021.1_AR76780 (lin64) Build 3247384 Thu Jun 10 19:36:07 MDT 2021
| Date              : Wed Sep  9 20:39:42 2026
| Host              : coroni running 64-bit Ubuntu 18.04.6 LTS
| Command           : report_timing_summary -file /home/skoulas/GEMV_Sparse/family_sweep/timing_4x16.rpt
| Design            : two2N
| Device            : xcu280-fsvh2892
| Speed File        : -2L  PRODUCTION 1.29 11-17-2020
| Temperature Grade : E
---------------------------------------------------------------------------------------------------------

Timing Summary Report

------------------------------------------------------------------------------------------------
| Timer Settings
| --------------
------------------------------------------------------------------------------------------------

  Enable Multi Corner Analysis               :  Yes
  Enable Pessimism Removal                   :  Yes
  Pessimism Removal Resolution               :  Nearest Common Node
  Enable Input Delay Default Clock           :  No
  Enable Preset / Clear Arcs                 :  No
  Disable Flight Delays                      :  No
  Ignore I/O Paths                           :  No
  Timing Early Launch at Borrowing Latches   :  No
  Borrow Time for Max Delay Exceptions       :  Yes
  Merge Timing Exceptions                    :  Yes

  Corner  Analyze    Analyze    
  Name    Max Paths  Min Paths  
  ------  ---------  ---------  
  Slow    Yes        Yes        
  Fast    Yes        Yes        


------------------------------------------------------------------------------------------------
| Report Methodology
| ------------------
------------------------------------------------------------------------------------------------

No report available as report_methodology has not been run prior. Run report_methodology on the current design for the summary of methodology violations.



check_timing report

Table of Contents
-----------------
1. checking no_clock (0)
2. checking constant_clock (0)
3. checking pulse_width_clock (0)
4. checking unconstrained_internal_endpoints (0)
5. checking no_input_delay (3244)
6. checking no_output_delay (1045)
7. checking multiple_clock (0)
8. checking generated_clocks (0)
9. checking loops (0)
10. checking partial_input_delay (0)
11. checking partial_output_delay (0)
12. checking latch_loops (0)

1. checking no_clock (0)
------------------------
 There are 0 register/latch pins with no clock.


2. checking constant_clock (0)
------------------------------
 There are 0 register/latch pins with constant_clock.


3. checking pulse_width_clock (0)
---------------------------------
 There are 0 register/latch pins which need pulse_width check


4. checking unconstrained_internal_endpoints (0)
------------------------------------------------
 There are 0 pins that are not constrained for maximum delay.

 There are 0 pins that are not constrained for maximum delay due to constant clock.


5. checking no_input_delay (3244)
---------------------------------
 There are 3244 input ports with no input delay specified. (HIGH)

 There are 0 input ports with no input delay but user has a false path constraint.


6. checking no_output_delay (1045)
----------------------------------
 There are 1045 ports with no output delay specified. (HIGH)

 There are 0 ports with no output delay but user has a false path constraint

 There are 0 ports with no output delay but with a timing clock defined on it or propagating through it


7. checking multiple_clock (0)
------------------------------
 There are 0 register/latch pins with multiple clocks.


8. checking generated_clocks (0)
--------------------------------
 There are 0 generated clocks that are not connected to a clock source.


9. checking loops (0)
---------------------
 There are 0 combinational loops in the design.


10. checking partial_input_delay (0)
------------------------------------
 There are 0 input ports with partial input delay specified.


11. checking partial_output_delay (0)
-------------------------------------
 There are 0 ports with partial output delay specified.


12. checking latch_loops (0)
----------------------------
 There are 0 combinational latch loops in the design through latch input



------------------------------------------------------------------------------------------------
| Design Timing Summary
| ---------------------
------------------------------------------------------------------------------------------------

    WNS(ns)      TNS(ns)  TNS Failing Endpoints  TNS Total Endpoints      WHS(ns)      THS(ns)  THS Failing Endpoints  THS Total Endpoints     WPWS(ns)     TPWS(ns)  TPWS Failing Endpoints  TPWS Total Endpoints  
    -------      -------  ---------------------  -------------------      -------      -------  ---------------------  -------------------     --------     --------  ----------------------  --------------------  
     -0.731    -2369.531                  13016               179400        0.028        0.000                      0               179400       -0.069       -9.108                     132                 92657  


Timing constraints are not met.


------------------------------------------------------------------------------------------------
| Clock Summary
| -------------
------------------------------------------------------------------------------------------------

Clock  Waveform(ns)         Period(ns)      Frequency(MHz)
-----  ------------         ----------      --------------
clk    {0.000 0.750}        1.500           666.667         


------------------------------------------------------------------------------------------------
| Intra Clock Table
| -----------------
------------------------------------------------------------------------------------------------

Clock             WNS(ns)      TNS(ns)  TNS Failing Endpoints  TNS Total Endpoints      WHS(ns)      THS(ns)  THS Failing Endpoints  THS Total Endpoints     WPWS(ns)     TPWS(ns)  TPWS Failing Endpoints  TPWS Total Endpoints  
-----             -------      -------  ---------------------  -------------------      -------      -------  ---------------------  -------------------     --------     --------  ----------------------  --------------------  
clk                -0.731    -2369.531                  13016               179400        0.028        0.000                      0               179400       -0.069       -9.108                     132                 92657  


------------------------------------------------------------------------------------------------
| Inter Clock Table
| -----------------
------------------------------------------------------------------------------------------------

From Clock    To Clock          WNS(ns)      TNS(ns)  TNS Failing Endpoints  TNS Total Endpoints      WHS(ns)      THS(ns)  THS Failing Endpoints  THS Total Endpoints  
----------    --------          -------      -------  ---------------------  -------------------      -------      -------  ---------------------  -------------------  


------------------------------------------------------------------------------------------------
| Other Path Groups Table
| -----------------------
------------------------------------------------------------------------------------------------

Path Group    From Clock    To Clock          WNS(ns)      TNS(ns)  TNS Failing Endpoints  TNS Total Endpoints      WHS(ns)      THS(ns)  THS Failing Endpoints  THS Total Endpoints  
----------    ----------    --------          -------      -------  ---------------------  -------------------      -------      -------  ---------------------  -------------------  


------------------------------------------------------------------------------------------------
| Timing Details
| --------------
------------------------------------------------------------------------------------------------


---------------------------------------------------------------------------------------------------
From Clock:  clk
  To Clock:  clk

Setup :        13016  Failing Endpoints,  Worst Slack       -0.731ns,  Total Violation    -2369.532ns
Hold  :            0  Failing Endpoints,  Worst Slack        0.028ns,  Total Violation        0.000ns
PW    :          132  Failing Endpoints,  Worst Slack       -0.069ns,  Total Violation       -9.108ns
---------------------------------------------------------------------------------------------------


Max Delay Paths
--------------------------------------------------------------------------------------
Slack (VIOLATED) :        -0.731ns  (required time - arrival time)
  Source:                 WEIGHTS_FIFO_INST/W_FIFOS[0].W_FIFO_INST/inst/gen_fifo.xpm_fifo_axis_inst/xpm_fifo_base_inst/gen_fwft.gdvld_fwft.data_valid_fwft_reg/C
                            (rising edge-triggered cell FDRE clocked by clk  {rise@0.000ns fall@0.750ns period=1.500ns})
  Destination:            WEIGHTS_FIFO_INST/W_FIFOS[6].W_FIFO_INST/inst/gen_fifo.xpm_fifo_axis_inst/xpm_fifo_base_inst/gen_sdpram.xpm_memory_base_inst/gen_wr_a.gen_word_narrow.mem_reg_0/REGCEAREGCE
                            (rising edge-triggered cell RAMB36E2 clocked by clk  {rise@0.000ns fall@0.750ns period=1.500ns})
  Path Group:             clk
  Path Type:              Setup (Max at Slow Process Corner)
  Requirement:            1.500ns  (clk rise@1.500ns - clk rise@0.000ns)
  Data Path Delay:        1.972ns  (logic 0.432ns (21.907%)  route 1.540ns (78.093%))
  Logic Levels:           5  (LUT2=1 LUT3=2 LUT4=1 LUT5=1)
  Clock Path Skew:        0.009ns (DCD - SCD + CPR)
    Destination Clock Delay (DCD):    0.039ns = ( 1.539 - 1.500 ) 
    Source Clock Delay      (SCD):    0.030ns
    Clock Pessimism Removal (CPR):    0.000ns
  Clock Uncertainty:      0.035ns  ((TSJ^2 + TIJ^2)^1/2 + DJ) / 2 + PE
    Total System Jitter     (TSJ):    0.071ns
    Total Input Jitter      (TIJ):    0.000ns
    Discrete Jitter          (DJ):    0.000ns
    Phase Error              (PE):    0.000ns

    Location             Delay type                Incr(ns)  Path(ns)    Netlist Resource(s)
  -------------------------------------------------------------------    -------------------
                         (clock clk rise edge)        0.000     0.000 r  
                                                      0.000     0.000 r  clk (IN)
                         net (fo=95216, unset)        0.030     0.030    WEIGHTS_FIFO_INST/W_FIFOS[0].W_FIFO_INST/inst/gen_fifo.xpm_fifo_axis_inst/xpm_fifo_base_inst/wr_clk
    SLICE_X139Y146       FDRE                                         r  WEIGHTS_FIFO_INST/W_FIFOS[0].W_FIFO_INST/inst/gen_fifo.xpm_fifo_axis_inst/xpm_fifo_base_inst/gen_fwft.gdvld_fwft.data_valid_fwft_reg/C
  -------------------------------------------------------------------    -------------------
    SLICE_X139Y146       FDRE (Prop_CFF_SLICEM_C_Q)
                                                      0.078     0.108 r  WEIGHTS_FIFO_INST/W_FIFOS[0].W_FIFO_INST/inst/gen_fifo.xpm_fifo_axis_inst/xpm_fifo_base_inst/gen_fwft.gdvld_fwft.data_valid_fwft_reg/Q
                         net (fo=3, routed)           0.110     0.218    WEIGHTS_FIFO_INST/m_axis_tvalid
    SLICE_X139Y144       LUT4 (Prop_H6LUT_SLICEM_I3_O)
                                                      0.125     0.343 r  WEIGHTS_FIFO_INST/W_FIFOS[7].W_FIFO_INST_i_3/O
                         net (fo=2, routed)           0.044     0.387    WEIGHTS_FIFO_INST/W_FIFOS[7].W_FIFO_INST_i_3_n_0
    SLICE_X139Y144       LUT5 (Prop_G6LUT_SLICEM_I0_O)
                                                      0.052     0.439 r  WEIGHTS_FIFO_INST/W_FIFOS[7].W_FIFO_INST_i_2/O
                         net (fo=3, routed)           0.098     0.537    WEIGHTS_FIFO_INST/w_head_ready
    SLICE_X139Y144       LUT3 (Prop_C6LUT_SLICEM_I0_O)
                                                      0.051     0.588 r  WEIGHTS_FIFO_INST/W_FIFOS[7].W_FIFO_INST_i_1/O
                         net (fo=17, routed)          0.127     0.715    WEIGHTS_FIFO_INST/W_FIFOS[6].W_FIFO_INST/inst/gen_fifo.xpm_fifo_axis_inst/m_axis_tready
    SLICE_X140Y144       LUT2 (Prop_A6LUT_SLICEL_I1_O)
                                                      0.090     0.805 r  WEIGHTS_FIFO_INST/W_FIFOS[6].W_FIFO_INST/inst/gen_fifo.xpm_fifo_axis_inst/xpm_fifo_base_inst_i_1/O
                         net (fo=12, routed)          0.223     1.028    WEIGHTS_FIFO_INST/W_FIFOS[6].W_FIFO_INST/inst/gen_fifo.xpm_fifo_axis_inst/xpm_fifo_base_inst/rd_en
    SLICE_X144Y144       LUT3 (Prop_D6LUT_SLICEL_I2_O)
                                                      0.036     1.064 r  WEIGHTS_FIFO_INST/W_FIFOS[6].W_FIFO_INST/inst/gen_fifo.xpm_fifo_axis_inst/xpm_fifo_base_inst/gen_sdpram.xpm_memory_base_inst_i_3/O
                         net (fo=4, routed)           0.938     2.002    WEIGHTS_FIFO_INST/W_FIFOS[6].W_FIFO_INST/inst/gen_fifo.xpm_fifo_axis_inst/xpm_fifo_base_inst/gen_sdpram.xpm_memory_base_inst/regceb
    RAMB36_X10Y18        RAMB36E2                                     r  WEIGHTS_FIFO_INST/W_FIFOS[6].W_FIFO_INST/inst/gen_fifo.xpm_fifo_axis_inst/xpm_fifo_base_inst/gen_sdpram.xpm_memory_base_inst/gen_wr_a.gen_word_narrow.mem_reg_0/REGCEAREGCE
  -------------------------------------------------------------------    -------------------

                         (clock clk rise edge)        1.500     1.500 r  
                                                      0.000     1.500 r  clk (IN)
                         net (fo=95216, unset)        0.039     1.539    WEIGHTS_FIFO_INST/W_FIFOS[6].W_FIFO_INST/inst/gen_fifo.xpm_fifo_axis_inst/xpm_fifo_base_inst/gen_sdpram.xpm_memory_base_inst/clka
    RAMB36_X10Y18        RAMB36E2                                     r  WEIGHTS_FIFO_INST/W_FIFOS[6].W_FIFO_INST/inst/gen_fifo.xpm_fifo_axis_inst/xpm_fifo_base_inst/gen_sdpram.xpm_memory_base_inst/gen_wr_a.gen_word_narrow.mem_reg_0/CLKARDCLK
                         clock pessimism              0.000     1.539    
                         clock uncertainty           -0.035     1.504    
    RAMB36_X10Y18        RAMB36E2 (Setup_RAMB36E2_RAMB36_CLKARDCLK_REGCEAREGCE)
                                                     -0.233     1.271    WEIGHTS_FIFO_INST/W_FIFOS[6].W_FIFO_INST/inst/gen_fifo.xpm_fifo_axis_inst/xpm_fifo_base_inst/gen_sdpram.xpm_memory_base_inst/gen_wr_a.gen_word_narrow.mem_reg_0
  -------------------------------------------------------------------
                         required time                          1.271    
                         arrival time                          -2.002    
  -------------------------------------------------------------------
                         slack                                 -0.731    





Min Delay Paths
--------------------------------------------------------------------------------------
Slack (MET) :             0.028ns  (arrival time - required time)
  Source:                 CORES_GEN[1].C_CORE_INST_REST.C_CORE_REST/C_CORE[4].C_BLOCK_REST.C_BLOCK_INST_REST/ACCUM_INSTANCE/ACCUMULATOR_INST/inst/i_synth/HAS_ARESETN.sclr_i_reg/C
                            (rising edge-triggered cell FDRE clocked by clk  {rise@0.000ns fall@0.750ns period=1.500ns})
  Destination:            CORES_GEN[1].C_CORE_INST_REST.C_CORE_REST/C_CORE[4].C_BLOCK_REST.C_BLOCK_INST_REST/ACCUM_INSTANCE/ACCUMULATOR_INST/inst/i_synth/ACCUM_OP.OP/i_rst_at_recomb/i_pipe/opt_has_pipe.first_q_reg[0]/D
                            (rising edge-triggered cell FDRE clocked by clk  {rise@0.000ns fall@0.750ns period=1.500ns})
  Path Group:             clk
  Path Type:              Hold (Min at Fast Process Corner)
  Requirement:            0.000ns  (clk rise@0.000ns - clk rise@0.000ns)
  Data Path Delay:        0.081ns  (logic 0.039ns (48.148%)  route 0.042ns (51.852%))
  Logic Levels:           0  
  Clock Path Skew:        0.006ns (DCD - SCD - CPR)
    Destination Clock Delay (DCD):    0.019ns
    Source Clock Delay      (SCD):    0.013ns
    Clock Pessimism Removal (CPR):    -0.000ns

    Location             Delay type                Incr(ns)  Path(ns)    Netlist Resource(s)
  -------------------------------------------------------------------    -------------------
                         (clock clk rise edge)        0.000     0.000 r  
                                                      0.000     0.000 r  clk (IN)
                         net (fo=95216, unset)        0.013     0.013    CORES_GEN[1].C_CORE_INST_REST.C_CORE_REST/C_CORE[4].C_BLOCK_REST.C_BLOCK_INST_REST/ACCUM_INSTANCE/ACCUMULATOR_INST/inst/i_synth/aclk
    SLICE_X88Y190        FDRE                                         r  CORES_GEN[1].C_CORE_INST_REST.C_CORE_REST/C_CORE[4].C_BLOCK_REST.C_BLOCK_INST_REST/ACCUM_INSTANCE/ACCUMULATOR_INST/inst/i_synth/HAS_ARESETN.sclr_i_reg/C
  -------------------------------------------------------------------    -------------------
    SLICE_X88Y190        FDRE (Prop_HFF_SLICEM_C_Q)
                                                      0.039     0.052 r  CORES_GEN[1].C_CORE_INST_REST.C_CORE_REST/C_CORE[4].C_BLOCK_REST.C_BLOCK_INST_REST/ACCUM_INSTANCE/ACCUMULATOR_INST/inst/i_synth/HAS_ARESETN.sclr_i_reg/Q
                         net (fo=9, routed)           0.042     0.094    CORES_GEN[1].C_CORE_INST_REST.C_CORE_REST/C_CORE[4].C_BLOCK_REST.C_BLOCK_INST_REST/ACCUM_INSTANCE/ACCUMULATOR_INST/inst/i_synth/ACCUM_OP.OP/i_rst_at_recomb/i_pipe/sclr_i
    SLICE_X88Y190        FDRE                                         r  CORES_GEN[1].C_CORE_INST_REST.C_CORE_REST/C_CORE[4].C_BLOCK_REST.C_BLOCK_INST_REST/ACCUM_INSTANCE/ACCUMULATOR_INST/inst/i_synth/ACCUM_OP.OP/i_rst_at_recomb/i_pipe/opt_has_pipe.first_q_reg[0]/D
  -------------------------------------------------------------------    -------------------

                         (clock clk rise edge)        0.000     0.000 r  
                                                      0.000     0.000 r  clk (IN)
                         net (fo=95216, unset)        0.019     0.019    CORES_GEN[1].C_CORE_INST_REST.C_CORE_REST/C_CORE[4].C_BLOCK_REST.C_BLOCK_INST_REST/ACCUM_INSTANCE/ACCUMULATOR_INST/inst/i_synth/ACCUM_OP.OP/i_rst_at_recomb/i_pipe/aclk
    SLICE_X88Y190        FDRE                                         r  CORES_GEN[1].C_CORE_INST_REST.C_CORE_REST/C_CORE[4].C_BLOCK_REST.C_BLOCK_INST_REST/ACCUM_INSTANCE/ACCUMULATOR_INST/inst/i_synth/ACCUM_OP.OP/i_rst_at_recomb/i_pipe/opt_has_pipe.first_q_reg[0]/C
                         clock pessimism              0.000     0.019    
    SLICE_X88Y190        FDRE (Hold_HFF2_SLICEM_C_D)
                                                      0.047     0.066    CORES_GEN[1].C_CORE_INST_REST.C_CORE_REST/C_CORE[4].C_BLOCK_REST.C_BLOCK_INST_REST/ACCUM_INSTANCE/ACCUMULATOR_INST/inst/i_synth/ACCUM_OP.OP/i_rst_at_recomb/i_pipe/opt_has_pipe.first_q_reg[0]
  -------------------------------------------------------------------
                         required time                         -0.066    
                         arrival time                           0.094    
  -------------------------------------------------------------------
                         slack                                  0.028    





Pulse Width Checks
--------------------------------------------------------------------------------------
Clock Name:         clk
Waveform(ns):       { 0.000 0.750 }
Period(ns):         1.500
Sources:            { clk }

Check Type        Corner  Lib Pin             Reference Pin  Required(ns)  Actual(ns)  Slack(ns)  Location      Pin
Min Period        n/a     RAMB36E2/CLKARDCLK  n/a            1.569         1.500       -0.069     RAMB36_X8Y43  ACTIVATION_FIFO_INST/A_FIFOS[0].A_FIFO_INST/inst/gen_fifo.xpm_fifo_axis_inst/xpm_fifo_base_inst/gen_sdpram.xpm_memory_base_inst/gen_wr_a.gen_word_narrow.mem_reg_0/CLKARDCLK
Low Pulse Width   Slow    FIFO36E2/RDCLK      n/a            0.542         0.750       0.208      RAMB36_X8Y31  ACTIVATION_CYCLE_INST/A_FIFO_INST/U0/inst_fifo_gen/gconvfifo.rf/gbi.bi/v8_fifo.fblk/rst_val_sym.gextw_sym[1].inst_extd/gonep.inst_prim/gf36e2_inst.sngfifo36e2/RDCLK
High Pulse Width  Slow    FIFO36E2/RDCLK      n/a            0.542         0.750       0.208      RAMB36_X8Y31  ACTIVATION_CYCLE_INST/A_FIFO_INST/U0/inst_fifo_gen/gconvfifo.rf/gbi.bi/v8_fifo.fblk/rst_val_sym.gextw_sym[1].inst_extd/gonep.inst_prim/gf36e2_inst.sngfifo36e2/RDCLK



