Copyright 1986-2021 Xilinx, Inc. All Rights Reserved.
-----------------------------------------------------------------------------------------------------------
| Tool Version      : Vivado v.2021.1_AR76780 (lin64) Build 3247384 Thu Jun 10 19:36:07 MDT 2021
| Date              : Wed Sep  9 01:20:43 2026
| Host              : coroni running 64-bit Ubuntu 18.04.6 LTS
| Command           : report_timing_summary -file /home/skoulas/GEMV_Sparse/diagonal_sweep/timing_16x4.rpt
| Design            : two2N_axis
| Device            : xcu280-fsvh2892
| Speed File        : -2L  PRODUCTION 1.29 11-17-2020
| Temperature Grade : E
-----------------------------------------------------------------------------------------------------------

Timing Summary Report

------------------------------------------------------------------------------------------------
| Timer Settings
| --------------
------------------------------------------------------------------------------------------------

  Enable Multi Corner Analysis               :  Yes
  Enable Pessimism Removal                   :  Yes
  Pessimism Removal Resolution               :  Nearest Common Node
  Enable Input Delay Default Clock           :  No
  Enable Preset / Clear Arcs                 :  No
  Disable Flight Delays                      :  No
  Ignore I/O Paths                           :  No
  Timing Early Launch at Borrowing Latches   :  No
  Borrow Time for Max Delay Exceptions       :  Yes
  Merge Timing Exceptions                    :  Yes

  Corner  Analyze    Analyze    
  Name    Max Paths  Min Paths  
  ------  ---------  ---------  
  Slow    Yes        Yes        
  Fast    Yes        Yes        


------------------------------------------------------------------------------------------------
| Report Methodology
| ------------------
------------------------------------------------------------------------------------------------

No report available as report_methodology has not been run prior. Run report_methodology on the current design for the summary of methodology violations.



check_timing report

Table of Contents
-----------------
1. checking no_clock (0)
2. checking constant_clock (0)
3. checking pulse_width_clock (0)
4. checking unconstrained_internal_endpoints (0)
5. checking no_input_delay (3244)
6. checking no_output_delay (1045)
7. checking multiple_clock (0)
8. checking generated_clocks (0)
9. checking loops (0)
10. checking partial_input_delay (0)
11. checking partial_output_delay (0)
12. checking latch_loops (0)

1. checking no_clock (0)
------------------------
 There are 0 register/latch pins with no clock.


2. checking constant_clock (0)
------------------------------
 There are 0 register/latch pins with constant_clock.


3. checking pulse_width_clock (0)
---------------------------------
 There are 0 register/latch pins which need pulse_width check


4. checking unconstrained_internal_endpoints (0)
------------------------------------------------
 There are 0 pins that are not constrained for maximum delay.

 There are 0 pins that are not constrained for maximum delay due to constant clock.


5. checking no_input_delay (3244)
---------------------------------
 There are 3244 input ports with no input delay specified. (HIGH)

 There are 0 input ports with no input delay but user has a false path constraint.


6. checking no_output_delay (1045)
----------------------------------
 There are 1045 ports with no output delay specified. (HIGH)

 There are 0 ports with no output delay but user has a false path constraint

 There are 0 ports with no output delay but with a timing clock defined on it or propagating through it


7. checking multiple_clock (0)
------------------------------
 There are 0 register/latch pins with multiple clocks.


8. checking generated_clocks (0)
--------------------------------
 There are 0 generated clocks that are not connected to a clock source.


9. checking loops (0)
---------------------
 There are 0 combinational loops in the design.


10. checking partial_input_delay (0)
------------------------------------
 There are 0 input ports with partial input delay specified.


11. checking partial_output_delay (0)
-------------------------------------
 There are 0 ports with partial output delay specified.


12. checking latch_loops (0)
----------------------------
 There are 0 combinational latch loops in the design through latch input



------------------------------------------------------------------------------------------------
| Design Timing Summary
| ---------------------
------------------------------------------------------------------------------------------------

    WNS(ns)      TNS(ns)  TNS Failing Endpoints  TNS Total Endpoints      WHS(ns)      THS(ns)  THS Failing Endpoints  THS Total Endpoints     WPWS(ns)     TPWS(ns)  TPWS Failing Endpoints  TPWS Total Endpoints  
    -------      -------  ---------------------  -------------------      -------      -------  ---------------------  -------------------     --------     --------  ----------------------  --------------------  
     -0.173       -1.657                     50               183429        0.024        0.000                      0               183429        0.569        0.000                       0                 94682  


Timing constraints are not met.


------------------------------------------------------------------------------------------------
| Clock Summary
| -------------
------------------------------------------------------------------------------------------------

Clock   Waveform(ns)         Period(ns)      Frequency(MHz)
-----   ------------         ----------      --------------
ap_clk  {0.000 1.111}        2.222           450.045         


------------------------------------------------------------------------------------------------
| Intra Clock Table
| -----------------
------------------------------------------------------------------------------------------------

Clock             WNS(ns)      TNS(ns)  TNS Failing Endpoints  TNS Total Endpoints      WHS(ns)      THS(ns)  THS Failing Endpoints  THS Total Endpoints     WPWS(ns)     TPWS(ns)  TPWS Failing Endpoints  TPWS Total Endpoints  
-----             -------      -------  ---------------------  -------------------      -------      -------  ---------------------  -------------------     --------     --------  ----------------------  --------------------  
ap_clk             -0.173       -1.657                     50               183429        0.024        0.000                      0               183429        0.569        0.000                       0                 94682  


------------------------------------------------------------------------------------------------
| Inter Clock Table
| -----------------
------------------------------------------------------------------------------------------------

From Clock    To Clock          WNS(ns)      TNS(ns)  TNS Failing Endpoints  TNS Total Endpoints      WHS(ns)      THS(ns)  THS Failing Endpoints  THS Total Endpoints  
----------    --------          -------      -------  ---------------------  -------------------      -------      -------  ---------------------  -------------------  


------------------------------------------------------------------------------------------------
| Other Path Groups Table
| -----------------------
------------------------------------------------------------------------------------------------

Path Group    From Clock    To Clock          WNS(ns)      TNS(ns)  TNS Failing Endpoints  TNS Total Endpoints      WHS(ns)      THS(ns)  THS Failing Endpoints  THS Total Endpoints  
----------    ----------    --------          -------      -------  ---------------------  -------------------      -------      -------  ---------------------  -------------------  


------------------------------------------------------------------------------------------------
| Timing Details
| --------------
------------------------------------------------------------------------------------------------


---------------------------------------------------------------------------------------------------
From Clock:  ap_clk
  To Clock:  ap_clk

Setup :           50  Failing Endpoints,  Worst Slack       -0.173ns,  Total Violation       -1.657ns
Hold  :            0  Failing Endpoints,  Worst Slack        0.024ns,  Total Violation        0.000ns
PW    :            0  Failing Endpoints,  Worst Slack        0.569ns,  Total Violation        0.000ns
---------------------------------------------------------------------------------------------------


Max Delay Paths
--------------------------------------------------------------------------------------
Slack (VIOLATED) :        -0.173ns  (required time - arrival time)
  Source:                 DUT/CORES_GEN[1].C_CORE_INST_REST.C_CORE_REST/C_CORE[2].C_BLOCK_REST.C_BLOCK_INST_REST/MULTIPLIERS[1].MULTIPLIER_OTHER.MULTIPLIER_INST_SECOND/MULTIPLIER_INST/inst/i_synth/MULT.OP/i_non_prim.R_AND_R/LOGIC.R_AND_R/DSP48_E1.DSP48E1_ADD.DSP48E1_ADD/i_no_versal_es1_workaround.DSP/DSP_OUTPUT_INST/CLK
                            (rising edge-triggered cell DSP_OUTPUT clocked by ap_clk  {rise@0.000ns fall@1.111ns period=2.222ns})
  Destination:            DUT/CORES_GEN[1].C_CORE_INST_REST.C_CORE_REST/C_CORE[2].C_BLOCK_REST.C_BLOCK_INST_REST/MULTIPLIERS[1].MULTIPLIER_OTHER.MULTIPLIER_INST_SECOND/MULTIPLIER_INST/inst/i_synth/MULT.OP/i_non_prim.OP/RESULT_REG.NORMAL.exp_op_reg[0]/D
                            (rising edge-triggered cell FDRE clocked by ap_clk  {rise@0.000ns fall@1.111ns period=2.222ns})
  Path Group:             ap_clk
  Path Type:              Setup (Max at Slow Process Corner)
  Requirement:            2.222ns  (ap_clk rise@2.222ns - ap_clk rise@0.000ns)
  Data Path Delay:        2.346ns  (logic 0.354ns (15.090%)  route 1.992ns (84.910%))
  Logic Levels:           2  (CARRY8=1 LUT3=1)
  Clock Path Skew:        -0.039ns (DCD - SCD + CPR)
    Destination Clock Delay (DCD):    0.021ns = ( 2.243 - 2.222 ) 
    Source Clock Delay      (SCD):    0.060ns
    Clock Pessimism Removal (CPR):    0.000ns
  Clock Uncertainty:      0.035ns  ((TSJ^2 + TIJ^2)^1/2 + DJ) / 2 + PE
    Total System Jitter     (TSJ):    0.071ns
    Total Input Jitter      (TIJ):    0.000ns
    Discrete Jitter          (DJ):    0.000ns
    Phase Error              (PE):    0.000ns

    Location             Delay type                Incr(ns)  Path(ns)    Netlist Resource(s)
  -------------------------------------------------------------------    -------------------
                         (clock ap_clk rise edge)     0.000     0.000 r  
                                                      0.000     0.000 r  ap_clk (IN)
                         net (fo=97242, unset)        0.060     0.060    DUT/CORES_GEN[1].C_CORE_INST_REST.C_CORE_REST/C_CORE[2].C_BLOCK_REST.C_BLOCK_INST_REST/MULTIPLIERS[1].MULTIPLIER_OTHER.MULTIPLIER_INST_SECOND/MULTIPLIER_INST/inst/i_synth/MULT.OP/i_non_prim.R_AND_R/LOGIC.R_AND_R/DSP48_E1.DSP48E1_ADD.DSP48E1_ADD/i_no_versal_es1_workaround.DSP/CLK
    DSP48E2_X15Y62       DSP_OUTPUT                                   r  DUT/CORES_GEN[1].C_CORE_INST_REST.C_CORE_REST/C_CORE[2].C_BLOCK_REST.C_BLOCK_INST_REST/MULTIPLIERS[1].MULTIPLIER_OTHER.MULTIPLIER_INST_SECOND/MULTIPLIER_INST/inst/i_synth/MULT.OP/i_non_prim.R_AND_R/LOGIC.R_AND_R/DSP48_E1.DSP48E1_ADD.DSP48E1_ADD/i_no_versal_es1_workaround.DSP/DSP_OUTPUT_INST/CLK
  -------------------------------------------------------------------    -------------------
    DSP48E2_X15Y62       DSP_OUTPUT (Prop_DSP_OUTPUT_DSP48E2_CLK_P[9])
                                                      0.209     0.269 r  DUT/CORES_GEN[1].C_CORE_INST_REST.C_CORE_REST/C_CORE[2].C_BLOCK_REST.C_BLOCK_INST_REST/MULTIPLIERS[1].MULTIPLIER_OTHER.MULTIPLIER_INST_SECOND/MULTIPLIER_INST/inst/i_synth/MULT.OP/i_non_prim.R_AND_R/LOGIC.R_AND_R/DSP48_E1.DSP48E1_ADD.DSP48E1_ADD/i_no_versal_es1_workaround.DSP/DSP_OUTPUT_INST/P[9]
                         net (fo=1, routed)           1.348     1.617    DUT/CORES_GEN[1].C_CORE_INST_REST.C_CORE_REST/C_CORE[2].C_BLOCK_REST.C_BLOCK_INST_REST/MULTIPLIERS[1].MULTIPLIER_OTHER.MULTIPLIER_INST_SECOND/MULTIPLIER_INST/inst/i_synth/MULT.OP/i_non_prim.R_AND_R/LOGIC.R_AND_R/EXP_ADD.ADD/CARRY_IN
    SLICE_X147Y171       CARRY8 (Prop_CARRY8_SLICEL_CI_O[0])
                                                      0.108     1.725 r  DUT/CORES_GEN[1].C_CORE_INST_REST.C_CORE_REST/C_CORE[2].C_BLOCK_REST.C_BLOCK_INST_REST/MULTIPLIERS[1].MULTIPLIER_OTHER.MULTIPLIER_INST_SECOND/MULTIPLIER_INST/inst/i_synth/MULT.OP/i_non_prim.R_AND_R/LOGIC.R_AND_R/EXP_ADD.ADD/CHAIN_GEN[0].C_MUX.CARRY_MUX_CARRY4_CARRY8/O[0]
                         net (fo=1, routed)           0.572     2.297    DUT/CORES_GEN[1].C_CORE_INST_REST.C_CORE_REST/C_CORE[2].C_BLOCK_REST.C_BLOCK_INST_REST/MULTIPLIERS[1].MULTIPLIER_OTHER.MULTIPLIER_INST_SECOND/MULTIPLIER_INST/inst/i_synth/MULT.OP/i_non_prim.EXP/STATE_DEC_DELAY/i_pipe/RESULT_REG.NORMAL.exp_op_reg[1]_0[0]
    SLICE_X156Y175       LUT3 (Prop_D6LUT_SLICEM_I1_O)
                                                      0.037     2.334 r  DUT/CORES_GEN[1].C_CORE_INST_REST.C_CORE_REST/C_CORE[2].C_BLOCK_REST.C_BLOCK_INST_REST/MULTIPLIERS[1].MULTIPLIER_OTHER.MULTIPLIER_INST_SECOND/MULTIPLIER_INST/inst/i_synth/MULT.OP/i_non_prim.EXP/STATE_DEC_DELAY/i_pipe/RESULT_REG.NORMAL.exp_op[0]_i_1/O
                         net (fo=1, routed)           0.072     2.406    DUT/CORES_GEN[1].C_CORE_INST_REST.C_CORE_REST/C_CORE[2].C_BLOCK_REST.C_BLOCK_INST_REST/MULTIPLIERS[1].MULTIPLIER_OTHER.MULTIPLIER_INST_SECOND/MULTIPLIER_INST/inst/i_synth/MULT.OP/i_non_prim.OP/RESULT_REG.NORMAL.exp_op_reg[0]_0
    SLICE_X156Y175       FDRE                                         r  DUT/CORES_GEN[1].C_CORE_INST_REST.C_CORE_REST/C_CORE[2].C_BLOCK_REST.C_BLOCK_INST_REST/MULTIPLIERS[1].MULTIPLIER_OTHER.MULTIPLIER_INST_SECOND/MULTIPLIER_INST/inst/i_synth/MULT.OP/i_non_prim.OP/RESULT_REG.NORMAL.exp_op_reg[0]/D
  -------------------------------------------------------------------    -------------------

                         (clock ap_clk rise edge)     2.222     2.222 r  
                                                      0.000     2.222 r  ap_clk (IN)
                         net (fo=97242, unset)        0.021     2.243    DUT/CORES_GEN[1].C_CORE_INST_REST.C_CORE_REST/C_CORE[2].C_BLOCK_REST.C_BLOCK_INST_REST/MULTIPLIERS[1].MULTIPLIER_OTHER.MULTIPLIER_INST_SECOND/MULTIPLIER_INST/inst/i_synth/MULT.OP/i_non_prim.OP/aclk
    SLICE_X156Y175       FDRE                                         r  DUT/CORES_GEN[1].C_CORE_INST_REST.C_CORE_REST/C_CORE[2].C_BLOCK_REST.C_BLOCK_INST_REST/MULTIPLIERS[1].MULTIPLIER_OTHER.MULTIPLIER_INST_SECOND/MULTIPLIER_INST/inst/i_synth/MULT.OP/i_non_prim.OP/RESULT_REG.NORMAL.exp_op_reg[0]/C
                         clock pessimism              0.000     2.243    
                         clock uncertainty           -0.035     2.208    
    SLICE_X156Y175       FDRE (Setup_DFF_SLICEM_C_D)
                                                      0.025     2.233    DUT/CORES_GEN[1].C_CORE_INST_REST.C_CORE_REST/C_CORE[2].C_BLOCK_REST.C_BLOCK_INST_REST/MULTIPLIERS[1].MULTIPLIER_OTHER.MULTIPLIER_INST_SECOND/MULTIPLIER_INST/inst/i_synth/MULT.OP/i_non_prim.OP/RESULT_REG.NORMAL.exp_op_reg[0]
  -------------------------------------------------------------------
                         required time                          2.233    
                         arrival time                          -2.406    
  -------------------------------------------------------------------
                         slack                                 -0.173    





Min Delay Paths
--------------------------------------------------------------------------------------
Slack (MET) :             0.024ns  (arrival time - required time)
  Source:                 DUT/CORES_GEN[10].C_CORE_INST_REST.C_CORE_REST/C_CORE[0].C_BLOCK_FIRST.C_BLOCK_INST_FIRST/MULTIPLIERS[0].MULTIPLIER_FIRST.MULTIPLIER_INST_FIRST/MULTIPLIER_INST/inst/i_synth/MULT.OP/i_non_prim.EXP/STATE_UP_DELAY/i_pipe/opt_has_pipe.first_q_reg[0]/C
                            (rising edge-triggered cell FDRE clocked by ap_clk  {rise@0.000ns fall@1.111ns period=2.222ns})
  Destination:            DUT/CORES_GEN[10].C_CORE_INST_REST.C_CORE_REST/C_CORE[0].C_BLOCK_FIRST.C_BLOCK_INST_FIRST/MULTIPLIERS[0].MULTIPLIER_FIRST.MULTIPLIER_INST_FIRST/MULTIPLIER_INST/inst/i_synth/MULT.OP/i_non_prim.EXP/STATE_DEC_DELAY/i_pipe/opt_has_pipe.first_q_reg[12]/D
                            (rising edge-triggered cell FDRE clocked by ap_clk  {rise@0.000ns fall@1.111ns period=2.222ns})
  Path Group:             ap_clk
  Path Type:              Hold (Min at Fast Process Corner)
  Requirement:            0.000ns  (ap_clk rise@0.000ns - ap_clk rise@0.000ns)
  Data Path Delay:        0.077ns  (logic 0.039ns (50.649%)  route 0.038ns (49.351%))
  Logic Levels:           0  
  Clock Path Skew:        0.006ns (DCD - SCD - CPR)
    Destination Clock Delay (DCD):    0.019ns
    Source Clock Delay      (SCD):    0.013ns
    Clock Pessimism Removal (CPR):    -0.000ns

    Location             Delay type                Incr(ns)  Path(ns)    Netlist Resource(s)
  -------------------------------------------------------------------    -------------------
                         (clock ap_clk rise edge)     0.000     0.000 r  
                                                      0.000     0.000 r  ap_clk (IN)
                         net (fo=97242, unset)        0.013     0.013    DUT/CORES_GEN[10].C_CORE_INST_REST.C_CORE_REST/C_CORE[0].C_BLOCK_FIRST.C_BLOCK_INST_FIRST/MULTIPLIERS[0].MULTIPLIER_FIRST.MULTIPLIER_INST_FIRST/MULTIPLIER_INST/inst/i_synth/MULT.OP/i_non_prim.EXP/STATE_UP_DELAY/i_pipe/aclk
    SLICE_X119Y201       FDRE                                         r  DUT/CORES_GEN[10].C_CORE_INST_REST.C_CORE_REST/C_CORE[0].C_BLOCK_FIRST.C_BLOCK_INST_FIRST/MULTIPLIERS[0].MULTIPLIER_FIRST.MULTIPLIER_INST_FIRST/MULTIPLIER_INST/inst/i_synth/MULT.OP/i_non_prim.EXP/STATE_UP_DELAY/i_pipe/opt_has_pipe.first_q_reg[0]/C
  -------------------------------------------------------------------    -------------------
    SLICE_X119Y201       FDRE (Prop_HFF_SLICEL_C_Q)
                                                      0.039     0.052 r  DUT/CORES_GEN[10].C_CORE_INST_REST.C_CORE_REST/C_CORE[0].C_BLOCK_FIRST.C_BLOCK_INST_FIRST/MULTIPLIERS[0].MULTIPLIER_FIRST.MULTIPLIER_INST_FIRST/MULTIPLIER_INST/inst/i_synth/MULT.OP/i_non_prim.EXP/STATE_UP_DELAY/i_pipe/opt_has_pipe.first_q_reg[0]/Q
                         net (fo=6, routed)           0.038     0.090    DUT/CORES_GEN[10].C_CORE_INST_REST.C_CORE_REST/C_CORE[0].C_BLOCK_FIRST.C_BLOCK_INST_FIRST/MULTIPLIERS[0].MULTIPLIER_FIRST.MULTIPLIER_INST_FIRST/MULTIPLIER_INST/inst/i_synth/MULT.OP/i_non_prim.EXP/STATE_DEC_DELAY/i_pipe/D[6]
    SLICE_X119Y201       FDRE                                         r  DUT/CORES_GEN[10].C_CORE_INST_REST.C_CORE_REST/C_CORE[0].C_BLOCK_FIRST.C_BLOCK_INST_FIRST/MULTIPLIERS[0].MULTIPLIER_FIRST.MULTIPLIER_INST_FIRST/MULTIPLIER_INST/inst/i_synth/MULT.OP/i_non_prim.EXP/STATE_DEC_DELAY/i_pipe/opt_has_pipe.first_q_reg[12]/D
  -------------------------------------------------------------------    -------------------

                         (clock ap_clk rise edge)     0.000     0.000 r  
                                                      0.000     0.000 r  ap_clk (IN)
                         net (fo=97242, unset)        0.019     0.019    DUT/CORES_GEN[10].C_CORE_INST_REST.C_CORE_REST/C_CORE[0].C_BLOCK_FIRST.C_BLOCK_INST_FIRST/MULTIPLIERS[0].MULTIPLIER_FIRST.MULTIPLIER_INST_FIRST/MULTIPLIER_INST/inst/i_synth/MULT.OP/i_non_prim.EXP/STATE_DEC_DELAY/i_pipe/aclk
    SLICE_X119Y201       FDRE                                         r  DUT/CORES_GEN[10].C_CORE_INST_REST.C_CORE_REST/C_CORE[0].C_BLOCK_FIRST.C_BLOCK_INST_FIRST/MULTIPLIERS[0].MULTIPLIER_FIRST.MULTIPLIER_INST_FIRST/MULTIPLIER_INST/inst/i_synth/MULT.OP/i_non_prim.EXP/STATE_DEC_DELAY/i_pipe/opt_has_pipe.first_q_reg[12]/C
                         clock pessimism              0.000     0.019    
    SLICE_X119Y201       FDRE (Hold_EFF2_SLICEL_C_D)
                                                      0.047     0.066    DUT/CORES_GEN[10].C_CORE_INST_REST.C_CORE_REST/C_CORE[0].C_BLOCK_FIRST.C_BLOCK_INST_FIRST/MULTIPLIERS[0].MULTIPLIER_FIRST.MULTIPLIER_INST_FIRST/MULTIPLIER_INST/inst/i_synth/MULT.OP/i_non_prim.EXP/STATE_DEC_DELAY/i_pipe/opt_has_pipe.first_q_reg[12]
  -------------------------------------------------------------------
                         required time                         -0.066    
                         arrival time                           0.090    
  -------------------------------------------------------------------
                         slack                                  0.024    





Pulse Width Checks
--------------------------------------------------------------------------------------
Clock Name:         ap_clk
Waveform(ns):       { 0.000 1.111 }
Period(ns):         2.222
Sources:            { ap_clk }

Check Type        Corner  Lib Pin             Reference Pin  Required(ns)  Actual(ns)  Slack(ns)  Location      Pin
Min Period        n/a     RAMB36E2/CLKARDCLK  n/a            1.569         2.222       0.653      RAMB36_X8Y32  DUT/ACTIVATION_FIFO_INST/A_FIFOS[0].A_FIFO_INST/inst/gen_fifo.xpm_fifo_axis_inst/xpm_fifo_base_inst/gen_sdpram.xpm_memory_base_inst/gen_wr_a.gen_word_narrow.mem_reg_0/CLKARDCLK
Low Pulse Width   Slow    FIFO36E2/RDCLK      n/a            0.542         1.111       0.569      RAMB36_X8Y29  DUT/ACTIVATION_CYCLE_INST/A_FIFO_INST/U0/inst_fifo_gen/gconvfifo.rf/gbi.bi/v8_fifo.fblk/rst_val_sym.gextw_sym[1].inst_extd/gonep.inst_prim/gf36e2_inst.sngfifo36e2/RDCLK
High Pulse Width  Slow    FIFO36E2/RDCLK      n/a            0.542         1.111       0.569      RAMB36_X8Y29  DUT/ACTIVATION_CYCLE_INST/A_FIFO_INST/U0/inst_fifo_gen/gconvfifo.rf/gbi.bi/v8_fifo.fblk/rst_val_sym.gextw_sym[1].inst_extd/gonep.inst_prim/gf36e2_inst.sngfifo36e2/RDCLK



