Copyright 1986-2021 Xilinx, Inc. All Rights Reserved.
-----------------------------------------------------------------------------------------------------------
| Tool Version      : Vivado v.2021.1_AR76780 (lin64) Build 3247384 Thu Jun 10 19:36:07 MDT 2021
| Date              : Tue Sep  8 23:18:09 2026
| Host              : coroni running 64-bit Ubuntu 18.04.6 LTS
| Command           : report_timing_summary -file /home/skoulas/GEMV_Sparse/diagonal_sweep/timing_4x16.rpt
| Design            : two2N_axis
| Device            : xcu280-fsvh2892
| Speed File        : -2L  PRODUCTION 1.29 11-17-2020
| Temperature Grade : E
-----------------------------------------------------------------------------------------------------------

Timing Summary Report

------------------------------------------------------------------------------------------------
| Timer Settings
| --------------
------------------------------------------------------------------------------------------------

  Enable Multi Corner Analysis               :  Yes
  Enable Pessimism Removal                   :  Yes
  Pessimism Removal Resolution               :  Nearest Common Node
  Enable Input Delay Default Clock           :  No
  Enable Preset / Clear Arcs                 :  No
  Disable Flight Delays                      :  No
  Ignore I/O Paths                           :  No
  Timing Early Launch at Borrowing Latches   :  No
  Borrow Time for Max Delay Exceptions       :  Yes
  Merge Timing Exceptions                    :  Yes

  Corner  Analyze    Analyze    
  Name    Max Paths  Min Paths  
  ------  ---------  ---------  
  Slow    Yes        Yes        
  Fast    Yes        Yes        


------------------------------------------------------------------------------------------------
| Report Methodology
| ------------------
------------------------------------------------------------------------------------------------

No report available as report_methodology has not been run prior. Run report_methodology on the current design for the summary of methodology violations.



check_timing report

Table of Contents
-----------------
1. checking no_clock (0)
2. checking constant_clock (0)
3. checking pulse_width_clock (0)
4. checking unconstrained_internal_endpoints (0)
5. checking no_input_delay (3244)
6. checking no_output_delay (1045)
7. checking multiple_clock (0)
8. checking generated_clocks (0)
9. checking loops (0)
10. checking partial_input_delay (0)
11. checking partial_output_delay (0)
12. checking latch_loops (0)

1. checking no_clock (0)
------------------------
 There are 0 register/latch pins with no clock.


2. checking constant_clock (0)
------------------------------
 There are 0 register/latch pins with constant_clock.


3. checking pulse_width_clock (0)
---------------------------------
 There are 0 register/latch pins which need pulse_width check


4. checking unconstrained_internal_endpoints (0)
------------------------------------------------
 There are 0 pins that are not constrained for maximum delay.

 There are 0 pins that are not constrained for maximum delay due to constant clock.


5. checking no_input_delay (3244)
---------------------------------
 There are 3244 input ports with no input delay specified. (HIGH)

 There are 0 input ports with no input delay but user has a false path constraint.


6. checking no_output_delay (1045)
----------------------------------
 There are 1045 ports with no output delay specified. (HIGH)

 There are 0 ports with no output delay but user has a false path constraint

 There are 0 ports with no output delay but with a timing clock defined on it or propagating through it


7. checking multiple_clock (0)
------------------------------
 There are 0 register/latch pins with multiple clocks.


8. checking generated_clocks (0)
--------------------------------
 There are 0 generated clocks that are not connected to a clock source.


9. checking loops (0)
---------------------
 There are 0 combinational loops in the design.


10. checking partial_input_delay (0)
------------------------------------
 There are 0 input ports with partial input delay specified.


11. checking partial_output_delay (0)
-------------------------------------
 There are 0 ports with partial output delay specified.


12. checking latch_loops (0)
----------------------------
 There are 0 combinational latch loops in the design through latch input



------------------------------------------------------------------------------------------------
| Design Timing Summary
| ---------------------
------------------------------------------------------------------------------------------------

    WNS(ns)      TNS(ns)  TNS Failing Endpoints  TNS Total Endpoints      WHS(ns)      THS(ns)  THS Failing Endpoints  THS Total Endpoints     WPWS(ns)     TPWS(ns)  TPWS Failing Endpoints  TPWS Total Endpoints  
    -------      -------  ---------------------  -------------------      -------      -------  ---------------------  -------------------     --------     --------  ----------------------  --------------------  
     -0.216       -4.440                     79               179466        0.027        0.000                      0               179466        0.569        0.000                       0                 92660  


Timing constraints are not met.


------------------------------------------------------------------------------------------------
| Clock Summary
| -------------
------------------------------------------------------------------------------------------------

Clock   Waveform(ns)         Period(ns)      Frequency(MHz)
-----   ------------         ----------      --------------
ap_clk  {0.000 1.111}        2.222           450.045         


------------------------------------------------------------------------------------------------
| Intra Clock Table
| -----------------
------------------------------------------------------------------------------------------------

Clock             WNS(ns)      TNS(ns)  TNS Failing Endpoints  TNS Total Endpoints      WHS(ns)      THS(ns)  THS Failing Endpoints  THS Total Endpoints     WPWS(ns)     TPWS(ns)  TPWS Failing Endpoints  TPWS Total Endpoints  
-----             -------      -------  ---------------------  -------------------      -------      -------  ---------------------  -------------------     --------     --------  ----------------------  --------------------  
ap_clk             -0.216       -4.440                     79               179466        0.027        0.000                      0               179466        0.569        0.000                       0                 92660  


------------------------------------------------------------------------------------------------
| Inter Clock Table
| -----------------
------------------------------------------------------------------------------------------------

From Clock    To Clock          WNS(ns)      TNS(ns)  TNS Failing Endpoints  TNS Total Endpoints      WHS(ns)      THS(ns)  THS Failing Endpoints  THS Total Endpoints  
----------    --------          -------      -------  ---------------------  -------------------      -------      -------  ---------------------  -------------------  


------------------------------------------------------------------------------------------------
| Other Path Groups Table
| -----------------------
------------------------------------------------------------------------------------------------

Path Group    From Clock    To Clock          WNS(ns)      TNS(ns)  TNS Failing Endpoints  TNS Total Endpoints      WHS(ns)      THS(ns)  THS Failing Endpoints  THS Total Endpoints  
----------    ----------    --------          -------      -------  ---------------------  -------------------      -------      -------  ---------------------  -------------------  


------------------------------------------------------------------------------------------------
| Timing Details
| --------------
------------------------------------------------------------------------------------------------


---------------------------------------------------------------------------------------------------
From Clock:  ap_clk
  To Clock:  ap_clk

Setup :           79  Failing Endpoints,  Worst Slack       -0.216ns,  Total Violation       -4.440ns
Hold  :            0  Failing Endpoints,  Worst Slack        0.027ns,  Total Violation        0.000ns
PW    :            0  Failing Endpoints,  Worst Slack        0.569ns,  Total Violation        0.000ns
---------------------------------------------------------------------------------------------------


Max Delay Paths
--------------------------------------------------------------------------------------
Slack (VIOLATED) :        -0.216ns  (required time - arrival time)
  Source:                 DUT/WEIGHTS_FIFO_INST/W_FIFOS[3].W_FIFO_INST/inst/gen_fifo.xpm_fifo_axis_inst/xpm_fifo_base_inst/gen_fwft.gdvld_fwft.data_valid_fwft_reg/C
                            (rising edge-triggered cell FDRE clocked by ap_clk  {rise@0.000ns fall@1.111ns period=2.222ns})
  Destination:            DUT/WEIGHTS_FIFO_INST/W_FIFOS[5].W_FIFO_INST/inst/gen_fifo.xpm_fifo_axis_inst/xpm_fifo_base_inst/gen_sdpram.xpm_memory_base_inst/gen_wr_a.gen_word_narrow.mem_reg_0/ENARDEN
                            (rising edge-triggered cell RAMB36E2 clocked by ap_clk  {rise@0.000ns fall@1.111ns period=2.222ns})
  Path Group:             ap_clk
  Path Type:              Setup (Max at Slow Process Corner)
  Requirement:            2.222ns  (ap_clk rise@2.222ns - ap_clk rise@0.000ns)
  Data Path Delay:        2.070ns  (logic 0.303ns (14.638%)  route 1.767ns (85.362%))
  Logic Levels:           3  (LUT4=1 LUT5=1 LUT6=1)
  Clock Path Skew:        0.009ns (DCD - SCD + CPR)
    Destination Clock Delay (DCD):    0.039ns = ( 2.261 - 2.222 ) 
    Source Clock Delay      (SCD):    0.030ns
    Clock Pessimism Removal (CPR):    0.000ns
  Clock Uncertainty:      0.035ns  ((TSJ^2 + TIJ^2)^1/2 + DJ) / 2 + PE
    Total System Jitter     (TSJ):    0.071ns
    Total Input Jitter      (TIJ):    0.000ns
    Discrete Jitter          (DJ):    0.000ns
    Phase Error              (PE):    0.000ns

    Location             Delay type                Incr(ns)  Path(ns)    Netlist Resource(s)
  -------------------------------------------------------------------    -------------------
                         (clock ap_clk rise edge)     0.000     0.000 r  
                                                      0.000     0.000 r  ap_clk (IN)
                         net (fo=95219, unset)        0.030     0.030    DUT/WEIGHTS_FIFO_INST/W_FIFOS[3].W_FIFO_INST/inst/gen_fifo.xpm_fifo_axis_inst/xpm_fifo_base_inst/wr_clk
    SLICE_X111Y108       FDRE                                         r  DUT/WEIGHTS_FIFO_INST/W_FIFOS[3].W_FIFO_INST/inst/gen_fifo.xpm_fifo_axis_inst/xpm_fifo_base_inst/gen_fwft.gdvld_fwft.data_valid_fwft_reg/C
  -------------------------------------------------------------------    -------------------
    SLICE_X111Y108       FDRE (Prop_HFF_SLICEM_C_Q)
                                                      0.079     0.109 r  DUT/WEIGHTS_FIFO_INST/W_FIFOS[3].W_FIFO_INST/inst/gen_fifo.xpm_fifo_axis_inst/xpm_fifo_base_inst/gen_fwft.gdvld_fwft.data_valid_fwft_reg/Q
                         net (fo=2, routed)           0.145     0.254    DUT/WEIGHTS_FIFO_INST/W_FIFOS[3].W_FIFO_INST_n_1
    SLICE_X112Y109       LUT4 (Prop_D6LUT_SLICEL_I0_O)
                                                      0.122     0.376 r  DUT/WEIGHTS_FIFO_INST/W_FIFOS[0].W_FIFO_INST_i_3/O
                         net (fo=2, routed)           0.224     0.600    DUT/WEIGHTS_FIFO_INST/W_FIFOS[0].W_FIFO_INST_i_3_n_0
    SLICE_X116Y109       LUT5 (Prop_H6LUT_SLICEL_I0_O)
                                                      0.051     0.651 r  DUT/WEIGHTS_FIFO_INST/W_FIFOS[0].W_FIFO_INST_i_2/O
                         net (fo=6, routed)           0.352     1.003    DUT/WEIGHTS_FIFO_INST/W_FIFOS[5].W_FIFO_INST/inst/gen_fifo.xpm_fifo_axis_inst/xpm_fifo_base_inst/rdpp1_inst/w_head_ready_alias
    SLICE_X116Y82        LUT6 (Prop_E6LUT_SLICEL_I4_O)
                                                      0.051     1.054 r  DUT/WEIGHTS_FIFO_INST/W_FIFOS[5].W_FIFO_INST/inst/gen_fifo.xpm_fifo_axis_inst/xpm_fifo_base_inst/rdpp1_inst/gen_sdpram.xpm_memory_base_inst_i_2_comp_1/O
                         net (fo=27, routed)          1.046     2.100    DUT/WEIGHTS_FIFO_INST/W_FIFOS[5].W_FIFO_INST/inst/gen_fifo.xpm_fifo_axis_inst/xpm_fifo_base_inst/gen_sdpram.xpm_memory_base_inst/enb
    RAMB36_X8Y12         RAMB36E2                                     r  DUT/WEIGHTS_FIFO_INST/W_FIFOS[5].W_FIFO_INST/inst/gen_fifo.xpm_fifo_axis_inst/xpm_fifo_base_inst/gen_sdpram.xpm_memory_base_inst/gen_wr_a.gen_word_narrow.mem_reg_0/ENARDEN
  -------------------------------------------------------------------    -------------------

                         (clock ap_clk rise edge)     2.222     2.222 r  
                                                      0.000     2.222 r  ap_clk (IN)
                         net (fo=95219, unset)        0.039     2.261    DUT/WEIGHTS_FIFO_INST/W_FIFOS[5].W_FIFO_INST/inst/gen_fifo.xpm_fifo_axis_inst/xpm_fifo_base_inst/gen_sdpram.xpm_memory_base_inst/clka
    RAMB36_X8Y12         RAMB36E2                                     r  DUT/WEIGHTS_FIFO_INST/W_FIFOS[5].W_FIFO_INST/inst/gen_fifo.xpm_fifo_axis_inst/xpm_fifo_base_inst/gen_sdpram.xpm_memory_base_inst/gen_wr_a.gen_word_narrow.mem_reg_0/CLKARDCLK
                         clock pessimism              0.000     2.261    
                         clock uncertainty           -0.035     2.226    
    RAMB36_X8Y12         RAMB36E2 (Setup_RAMB36E2_RAMB36_CLKARDCLK_ENARDEN)
                                                     -0.342     1.884    DUT/WEIGHTS_FIFO_INST/W_FIFOS[5].W_FIFO_INST/inst/gen_fifo.xpm_fifo_axis_inst/xpm_fifo_base_inst/gen_sdpram.xpm_memory_base_inst/gen_wr_a.gen_word_narrow.mem_reg_0
  -------------------------------------------------------------------
                         required time                          1.884    
                         arrival time                          -2.100    
  -------------------------------------------------------------------
                         slack                                 -0.216    





Min Delay Paths
--------------------------------------------------------------------------------------
Slack (MET) :             0.027ns  (arrival time - required time)
  Source:                 DUT/CORES_GEN[1].C_CORE_INST_REST.C_CORE_REST/C_CORE[2].C_BLOCK_REST.C_BLOCK_INST_REST/MULTIPLIERS[1].MULTIPLIER_OTHER.MULTIPLIER_INST_SECOND/MULTIPLIER_INST/inst/i_synth/MULT.OP/i_non_prim.EXP/STATE_UP_DELAY/i_pipe/opt_has_pipe.first_q_reg[0]/C
                            (rising edge-triggered cell FDRE clocked by ap_clk  {rise@0.000ns fall@1.111ns period=2.222ns})
  Destination:            DUT/CORES_GEN[1].C_CORE_INST_REST.C_CORE_REST/C_CORE[2].C_BLOCK_REST.C_BLOCK_INST_REST/MULTIPLIERS[1].MULTIPLIER_OTHER.MULTIPLIER_INST_SECOND/MULTIPLIER_INST/inst/i_synth/MULT.OP/i_non_prim.EXP/STATE_DEC_DELAY/i_pipe/opt_has_pipe.first_q_reg[12]/D
                            (rising edge-triggered cell FDRE clocked by ap_clk  {rise@0.000ns fall@1.111ns period=2.222ns})
  Path Group:             ap_clk
  Path Type:              Hold (Min at Fast Process Corner)
  Requirement:            0.000ns  (ap_clk rise@0.000ns - ap_clk rise@0.000ns)
  Data Path Delay:        0.080ns  (logic 0.039ns (48.750%)  route 0.041ns (51.250%))
  Logic Levels:           0  
  Clock Path Skew:        0.006ns (DCD - SCD - CPR)
    Destination Clock Delay (DCD):    0.019ns
    Source Clock Delay      (SCD):    0.013ns
    Clock Pessimism Removal (CPR):    -0.000ns

    Location             Delay type                Incr(ns)  Path(ns)    Netlist Resource(s)
  -------------------------------------------------------------------    -------------------
                         (clock ap_clk rise edge)     0.000     0.000 r  
                                                      0.000     0.000 r  ap_clk (IN)
                         net (fo=95219, unset)        0.013     0.013    DUT/CORES_GEN[1].C_CORE_INST_REST.C_CORE_REST/C_CORE[2].C_BLOCK_REST.C_BLOCK_INST_REST/MULTIPLIERS[1].MULTIPLIER_OTHER.MULTIPLIER_INST_SECOND/MULTIPLIER_INST/inst/i_synth/MULT.OP/i_non_prim.EXP/STATE_UP_DELAY/i_pipe/aclk
    SLICE_X61Y171        FDRE                                         r  DUT/CORES_GEN[1].C_CORE_INST_REST.C_CORE_REST/C_CORE[2].C_BLOCK_REST.C_BLOCK_INST_REST/MULTIPLIERS[1].MULTIPLIER_OTHER.MULTIPLIER_INST_SECOND/MULTIPLIER_INST/inst/i_synth/MULT.OP/i_non_prim.EXP/STATE_UP_DELAY/i_pipe/opt_has_pipe.first_q_reg[0]/C
  -------------------------------------------------------------------    -------------------
    SLICE_X61Y171        FDRE (Prop_HFF_SLICEM_C_Q)
                                                      0.039     0.052 r  DUT/CORES_GEN[1].C_CORE_INST_REST.C_CORE_REST/C_CORE[2].C_BLOCK_REST.C_BLOCK_INST_REST/MULTIPLIERS[1].MULTIPLIER_OTHER.MULTIPLIER_INST_SECOND/MULTIPLIER_INST/inst/i_synth/MULT.OP/i_non_prim.EXP/STATE_UP_DELAY/i_pipe/opt_has_pipe.first_q_reg[0]/Q
                         net (fo=6, routed)           0.041     0.093    DUT/CORES_GEN[1].C_CORE_INST_REST.C_CORE_REST/C_CORE[2].C_BLOCK_REST.C_BLOCK_INST_REST/MULTIPLIERS[1].MULTIPLIER_OTHER.MULTIPLIER_INST_SECOND/MULTIPLIER_INST/inst/i_synth/MULT.OP/i_non_prim.EXP/STATE_DEC_DELAY/i_pipe/D[6]
    SLICE_X61Y171        FDRE                                         r  DUT/CORES_GEN[1].C_CORE_INST_REST.C_CORE_REST/C_CORE[2].C_BLOCK_REST.C_BLOCK_INST_REST/MULTIPLIERS[1].MULTIPLIER_OTHER.MULTIPLIER_INST_SECOND/MULTIPLIER_INST/inst/i_synth/MULT.OP/i_non_prim.EXP/STATE_DEC_DELAY/i_pipe/opt_has_pipe.first_q_reg[12]/D
  -------------------------------------------------------------------    -------------------

                         (clock ap_clk rise edge)     0.000     0.000 r  
                                                      0.000     0.000 r  ap_clk (IN)
                         net (fo=95219, unset)        0.019     0.019    DUT/CORES_GEN[1].C_CORE_INST_REST.C_CORE_REST/C_CORE[2].C_BLOCK_REST.C_BLOCK_INST_REST/MULTIPLIERS[1].MULTIPLIER_OTHER.MULTIPLIER_INST_SECOND/MULTIPLIER_INST/inst/i_synth/MULT.OP/i_non_prim.EXP/STATE_DEC_DELAY/i_pipe/aclk
    SLICE_X61Y171        FDRE                                         r  DUT/CORES_GEN[1].C_CORE_INST_REST.C_CORE_REST/C_CORE[2].C_BLOCK_REST.C_BLOCK_INST_REST/MULTIPLIERS[1].MULTIPLIER_OTHER.MULTIPLIER_INST_SECOND/MULTIPLIER_INST/inst/i_synth/MULT.OP/i_non_prim.EXP/STATE_DEC_DELAY/i_pipe/opt_has_pipe.first_q_reg[12]/C
                         clock pessimism              0.000     0.019    
    SLICE_X61Y171        FDRE (Hold_EFF2_SLICEM_C_D)
                                                      0.047     0.066    DUT/CORES_GEN[1].C_CORE_INST_REST.C_CORE_REST/C_CORE[2].C_BLOCK_REST.C_BLOCK_INST_REST/MULTIPLIERS[1].MULTIPLIER_OTHER.MULTIPLIER_INST_SECOND/MULTIPLIER_INST/inst/i_synth/MULT.OP/i_non_prim.EXP/STATE_DEC_DELAY/i_pipe/opt_has_pipe.first_q_reg[12]
  -------------------------------------------------------------------
                         required time                         -0.066    
                         arrival time                           0.093    
  -------------------------------------------------------------------
                         slack                                  0.027    





Pulse Width Checks
--------------------------------------------------------------------------------------
Clock Name:         ap_clk
Waveform(ns):       { 0.000 1.111 }
Period(ns):         2.222
Sources:            { ap_clk }

Check Type        Corner  Lib Pin             Reference Pin  Required(ns)  Actual(ns)  Slack(ns)  Location      Pin
Min Period        n/a     RAMB36E2/CLKARDCLK  n/a            1.569         2.222       0.653      RAMB36_X6Y26  DUT/ACTIVATION_FIFO_INST/A_FIFOS[0].A_FIFO_INST/inst/gen_fifo.xpm_fifo_axis_inst/xpm_fifo_base_inst/gen_sdpram.xpm_memory_base_inst/gen_wr_a.gen_word_narrow.mem_reg_0/CLKARDCLK
Low Pulse Width   Slow    FIFO36E2/RDCLK      n/a            0.542         1.111       0.569      RAMB36_X7Y29  DUT/ACTIVATION_CYCLE_INST/A_FIFO_INST/U0/inst_fifo_gen/gconvfifo.rf/gbi.bi/v8_fifo.fblk/rst_val_sym.gextw_sym[1].inst_extd/gonep.inst_prim/gf36e2_inst.sngfifo36e2/RDCLK
High Pulse Width  Slow    FIFO36E2/RDCLK      n/a            0.542         1.111       0.569      RAMB36_X7Y29  DUT/ACTIVATION_CYCLE_INST/A_FIFO_INST/U0/inst_fifo_gen/gconvfifo.rf/gbi.bi/v8_fifo.fblk/rst_val_sym.gextw_sym[1].inst_extd/gonep.inst_prim/gf36e2_inst.sngfifo36e2/RDCLK



