Copyright 1986-2021 Xilinx, Inc. All Rights Reserved.
--------------------------------------------------------------------------------------------
| Tool Version : Vivado v.2021.1_AR76780 (lin64) Build 3247384 Thu Jun 10 19:36:07 MDT 2021
| Date         : Fri Sep 11 03:29:07 2026
| Host         : coroni running 64-bit Ubuntu 18.04.6 LTS
| Command      : report_utilization -slr -file slr_util_routed.rpt -pb slr_util_routed.pb
| Design       : pfm_top_wrapper
| Device       : xcu280fsvh2892-2L
| Design State : Routed
--------------------------------------------------------------------------------------------

Utilization Design Information

Table of Contents
-----------------
1. SLR Connectivity
2. SLR Connectivity Matrix
3. SLR CLB Logic and Dedicated Block Utilization
4. SLR IO Utilization

1. SLR Connectivity
-------------------

+----------------------------------+------+-------+-----------+-------+
|                                  | Used | Fixed | Available | Util% |
+----------------------------------+------+-------+-----------+-------+
| SLR2 <-> SLR1                    | 3969 |       |     23040 | 17.23 |
|   SLR1 -> SLR2                   | 2092 |       |           |  9.08 |
|     Using TX_REG only            |  267 |     1 |           |       |
|     Using RX_REG only            |  284 |    18 |           |       |
|     Using Both TX_REG and RX_REG |  267 |     1 |           |       |
|   SLR2 -> SLR1                   | 1877 |       |           |  8.15 |
|     Using TX_REG only            |  407 |     0 |           |       |
|     Using RX_REG only            |  412 |     4 |           |       |
|     Using Both TX_REG and RX_REG |  407 |     0 |           |       |
| SLR1 <-> SLR0                    | 2535 |       |     23040 | 11.00 |
|   SLR0 -> SLR1                   | 1141 |       |           |  4.95 |
|     Using TX_REG only            |  337 |    71 |           |       |
|     Using RX_REG only            |  327 |    61 |           |       |
|     Using Both TX_REG and RX_REG |  321 |    55 |           |       |
|   SLR1 -> SLR0                   | 1394 |       |           |  6.05 |
|     Using TX_REG only            |  437 |    62 |           |       |
|     Using RX_REG only            |  447 |    71 |           |       |
|     Using Both TX_REG and RX_REG |  435 |    60 |           |       |
+----------------------------------+------+-------+-----------+-------+
| Total SLLs Used                  | 6504 |       |           |       |
+----------------------------------+------+-------+-----------+-------+


2. SLR Connectivity Matrix
--------------------------

+-----------+------+------+------+
| FROM \ TO | SLR2 | SLR1 | SLR0 |
+-----------+------+------+------+
| SLR2      |    0 | 1877 |    0 |
| SLR1      | 1979 |    0 | 1394 |
| SLR0      |  113 | 1028 |    0 |
+-----------+------+------+------+


3. SLR CLB Logic and Dedicated Block Utilization
------------------------------------------------

+----------------------------+-------+-------+-------+--------+--------+--------+
|          Site Type         |  SLR0 |  SLR1 |  SLR2 | SLR0 % | SLR1 % | SLR2 % |
+----------------------------+-------+-------+-------+--------+--------+--------+
| CLB                        | 14172 |  7288 |  9068 |  25.79 |  13.50 |  16.79 |
|   CLBL                     |  7192 |  3713 |  4718 |  24.56 |  12.68 |  16.11 |
|   CLBM                     |  6980 |  3575 |  4350 |  27.18 |  14.46 |  17.60 |
| CLB LUTs                   | 52960 | 47666 | 35382 |  12.05 |  11.03 |   8.19 |
|   LUT as Logic             | 44746 | 43696 | 32344 |  10.18 |  10.11 |   7.49 |
|     using O5 output only   |  1142 |   289 |  1015 |   0.26 |   0.07 |   0.23 |
|     using O6 output only   | 29963 | 34248 | 19512 |   6.81 |   7.93 |   4.52 |
|     using O5 and O6        | 13641 |  9159 | 11817 |   3.10 |   2.12 |   2.74 |
|   LUT as Memory            |  8214 |  3970 |  3038 |   4.00 |   2.01 |   1.54 |
|     LUT as Distributed RAM |  2728 |  3837 |  1660 |   1.33 |   1.94 |   0.84 |
|       using O5 output only |     0 |     0 |     0 |   0.00 |   0.00 |   0.00 |
|       using O6 output only |    80 |   215 |    84 |   0.04 |   0.11 |   0.04 |
|       using O5 and O6      |  2648 |  3622 |  1576 |   1.29 |   1.83 |   0.80 |
|     LUT as Shift Register  |  5486 |   133 |  1378 |   2.67 |   0.07 |   0.70 |
|       using O5 output only |     0 |     0 |     0 |   0.00 |   0.00 |   0.00 |
|       using O6 output only |  4364 |   133 |  1248 |   2.12 |   0.07 |   0.63 |
|       using O5 and O6      |  1122 |     0 |   130 |   0.55 |   0.00 |   0.07 |
| CLB Registers              | 94113 | 46393 | 60940 |  10.70 |   5.37 |   7.05 |
| CARRY8                     |  1393 |   473 |   313 |   2.53 |   0.88 |   0.58 |
| F7 Muxes                   |  3305 |   651 |  1054 |   1.50 |   0.30 |   0.49 |
| F8 Muxes                   |    16 |   141 |    47 |   0.01 |   0.13 |   0.04 |
| F9 Muxes                   |     0 |     0 |     0 |   0.00 |   0.00 |   0.00 |
| Block RAM Tile             |   145 |  80.5 |    94 |  21.58 |  11.98 |  13.99 |
|   RAMB36/FIFO              |   141 |    80 |    92 |  20.98 |  11.90 |  13.69 |
|     RAMB36E2 only          |   133 |    80 |    92 |  19.79 |  11.90 |  13.69 |
|   RAMB18                   |     8 |     1 |     4 |   0.60 |   0.07 |   0.30 |
|     RAMB18E2 only          |     8 |     1 |     4 |   0.60 |   0.07 |   0.30 |
| URAM                       |     0 |     0 |     0 |   0.00 |   0.00 |   0.00 |
| DSPs                       |   128 |     0 |     4 |   4.44 |   0.00 |   0.13 |
| PLL                        |     0 |     0 |     0 |   0.00 |   0.00 |   0.00 |
| MMCM                       |     0 |     0 |     0 |   0.00 |   0.00 |   0.00 |
| Unique Control Sets        |  3166 |  1505 |  2729 |   2.88 |   1.39 |   2.53 |
+----------------------------+-------+-------+-------+--------+--------+--------+
* Note: Available Control Sets based on CLB Registers / 8


4. SLR IO Utilization
---------------------

+-----------+-----------+---------+------------+----------+------------+----------+-----+
| SLR Index | Used IOBs | (%)IOBs | Used IPADs | (%)IPADs | Used OPADs | (%)OPADs | GTs |
+-----------+-----------+---------+------------+----------+------------+----------+-----+
| SLR2      |        18 |    8.65 |          0 |     0.00 |          0 |     0.00 |   0 |
| SLR1      |         0 |    0.00 |          0 |     0.00 |          0 |     0.00 |   0 |
| SLR0      |         1 |    0.48 |          0 |     0.00 |          0 |     0.00 |  16 |
+-----------+-----------+---------+------------+----------+------------+----------+-----+
| Total     |        19 |         |          0 |          |          0 |          |  16 |
+-----------+-----------+---------+------------+----------+------------+----------+-----+


