Copyright 1986-2021 Xilinx, Inc. All Rights Reserved.
--------------------------------------------------------------------------------------------
| Tool Version : Vivado v.2021.1_AR76780 (lin64) Build 3247384 Thu Jun 10 19:36:07 MDT 2021
| Date         : Wed Aug 26 20:46:34 2026
| Host         : coroni running 64-bit Ubuntu 18.04.6 LTS
| Command      : report_utilization -slr -file slr_util_routed.rpt -pb slr_util_routed.pb
| Design       : pfm_top_wrapper
| Device       : xcu280fsvh2892-2L
| Design State : Routed
--------------------------------------------------------------------------------------------

Utilization Design Information

Table of Contents
-----------------
1. SLR Connectivity
2. SLR Connectivity Matrix
3. SLR CLB Logic and Dedicated Block Utilization
4. SLR IO Utilization

1. SLR Connectivity
-------------------

+----------------------------------+------+-------+-----------+-------+
|                                  | Used | Fixed | Available | Util% |
+----------------------------------+------+-------+-----------+-------+
| SLR2 <-> SLR1                    | 3996 |       |     23040 | 17.34 |
|   SLR1 -> SLR2                   | 2111 |       |           |  9.16 |
|     Using TX_REG only            |  267 |     1 |           |       |
|     Using RX_REG only            |  284 |    18 |           |       |
|     Using Both TX_REG and RX_REG |  267 |     1 |           |       |
|   SLR2 -> SLR1                   | 1885 |       |           |  8.18 |
|     Using TX_REG only            |  407 |     0 |           |       |
|     Using RX_REG only            |  412 |     4 |           |       |
|     Using Both TX_REG and RX_REG |  407 |     0 |           |       |
| SLR1 <-> SLR0                    | 2552 |       |     23040 | 11.08 |
|   SLR0 -> SLR1                   | 1153 |       |           |  5.00 |
|     Using TX_REG only            |  371 |    71 |           |       |
|     Using RX_REG only            |  361 |    61 |           |       |
|     Using Both TX_REG and RX_REG |  355 |    55 |           |       |
|   SLR1 -> SLR0                   | 1399 |       |           |  6.07 |
|     Using TX_REG only            |  437 |    62 |           |       |
|     Using RX_REG only            |  447 |    71 |           |       |
|     Using Both TX_REG and RX_REG |  435 |    60 |           |       |
+----------------------------------+------+-------+-----------+-------+
| Total SLLs Used                  | 6548 |       |           |       |
+----------------------------------+------+-------+-----------+-------+


2. SLR Connectivity Matrix
--------------------------

+-----------+------+------+------+
| FROM \ TO | SLR2 | SLR1 | SLR0 |
+-----------+------+------+------+
| SLR2      |    0 | 1885 |    0 |
| SLR1      | 1962 |    0 | 1399 |
| SLR0      |  149 | 1004 |    0 |
+-----------+------+------+------+


3. SLR CLB Logic and Dedicated Block Utilization
------------------------------------------------

+----------------------------+--------+-------+-------+--------+--------+--------+
|          Site Type         |  SLR0  |  SLR1 |  SLR2 | SLR0 % | SLR1 % | SLR2 % |
+----------------------------+--------+-------+-------+--------+--------+--------+
| CLB                        |  30121 |  7722 |  8248 |  54.81 |  14.30 |  15.27 |
|   CLBL                     |  15625 |  3859 |  4387 |  53.36 |  13.18 |  14.98 |
|   CLBM                     |  14496 |  3863 |  3861 |  56.45 |  15.63 |  15.62 |
| CLB LUTs                   | 130373 | 47669 | 35354 |  29.65 |  11.03 |   8.18 |
|   LUT as Logic             | 108700 | 43699 | 32314 |  24.72 |  10.12 |   7.48 |
|     using O5 output only   |   2711 |   288 |  1003 |   0.62 |   0.07 |   0.23 |
|     using O6 output only   |  71628 | 34274 | 19506 |  16.29 |   7.93 |   4.52 |
|     using O5 and O6        |  34361 |  9137 | 11805 |   7.82 |   2.12 |   2.73 |
|   LUT as Memory            |  21673 |  3970 |  3040 |  10.55 |   2.01 |   1.54 |
|     LUT as Distributed RAM |   6784 |  3837 |  1660 |   3.30 |   1.94 |   0.84 |
|       using O5 output only |      0 |     0 |     0 |   0.00 |   0.00 |   0.00 |
|       using O6 output only |     80 |   215 |    84 |   0.04 |   0.11 |   0.04 |
|       using O5 and O6      |   6704 |  3622 |  1576 |   3.26 |   1.83 |   0.80 |
|     LUT as Shift Register  |  14889 |   133 |  1380 |   7.25 |   0.07 |   0.70 |
|       using O5 output only |      0 |     0 |     0 |   0.00 |   0.00 |   0.00 |
|       using O6 output only |  12999 |   133 |  1250 |   6.33 |   0.07 |   0.63 |
|       using O5 and O6      |   1890 |     0 |   130 |   0.92 |   0.00 |   0.07 |
| CLB Registers              | 213299 | 46332 | 60893 |  24.26 |   5.36 |   7.05 |
| CARRY8                     |   4195 |   473 |   313 |   7.63 |   0.88 |   0.58 |
| F7 Muxes                   |  11335 |   651 |  1054 |   5.16 |   0.30 |   0.49 |
| F8 Muxes                   |     16 |   141 |    47 |   0.01 |   0.13 |   0.04 |
| F9 Muxes                   |      0 |     0 |     0 |   0.00 |   0.00 |   0.00 |
| Block RAM Tile             |    350 |  80.5 |    94 |  52.08 |  11.98 |  13.99 |
|   RAMB36/FIFO              |    342 |    80 |    92 |  50.89 |  11.90 |  13.69 |
|     RAMB36E2 only          |    334 |    80 |    92 |  49.70 |  11.90 |  13.69 |
|   RAMB18                   |     16 |     1 |     4 |   1.19 |   0.07 |   0.30 |
|     RAMB18E2 only          |     16 |     1 |     4 |   1.19 |   0.07 |   0.30 |
| URAM                       |      0 |     0 |     0 |   0.00 |   0.00 |   0.00 |
| DSPs                       |    512 |     0 |     4 |  17.78 |   0.00 |   0.13 |
| PLL                        |      0 |     0 |     0 |   0.00 |   0.00 |   0.00 |
| MMCM                       |      0 |     0 |     0 |   0.00 |   0.00 |   0.00 |
| Unique Control Sets        |   6538 |  1506 |  2724 |   5.95 |   1.39 |   2.52 |
+----------------------------+--------+-------+-------+--------+--------+--------+
* Note: Available Control Sets based on CLB Registers / 8


4. SLR IO Utilization
---------------------

+-----------+-----------+---------+------------+----------+------------+----------+-----+
| SLR Index | Used IOBs | (%)IOBs | Used IPADs | (%)IPADs | Used OPADs | (%)OPADs | GTs |
+-----------+-----------+---------+------------+----------+------------+----------+-----+
| SLR2      |        18 |    8.65 |          0 |     0.00 |          0 |     0.00 |   0 |
| SLR1      |         0 |    0.00 |          0 |     0.00 |          0 |     0.00 |   0 |
| SLR0      |         1 |    0.48 |          0 |     0.00 |          0 |     0.00 |  16 |
+-----------+-----------+---------+------------+----------+------------+----------+-----+
| Total     |        19 |         |          0 |          |          0 |          |  16 |
+-----------+-----------+---------+------------+----------+------------+----------+-----+


