Copyright 1986-2021 Xilinx, Inc. All Rights Reserved.
--------------------------------------------------------------------------------------------
| Tool Version : Vivado v.2021.1_AR76780 (lin64) Build 3247384 Thu Jun 10 19:36:07 MDT 2021
| Date         : Mon Aug 24 18:08:13 2026
| Host         : coroni running 64-bit Ubuntu 18.04.6 LTS
| Command      : report_utilization -slr -file slr_util_placed.rpt -pb slr_util_placed.pb
| Design       : pfm_top_wrapper
| Device       : xcu280fsvh2892-2L
| Design State : Fully Placed
--------------------------------------------------------------------------------------------

Utilization Design Information

Table of Contents
-----------------
1. SLR Connectivity
2. SLR Connectivity Matrix
3. SLR CLB Logic and Dedicated Block Utilization
4. SLR IO Utilization

1. SLR Connectivity
-------------------

+----------------------------------+------+-------+-----------+-------+
|                                  | Used | Fixed | Available | Util% |
+----------------------------------+------+-------+-----------+-------+
| SLR2 <-> SLR1                    | 3966 |       |     23040 | 17.21 |
|   SLR1 -> SLR2                   | 2096 |       |           |  9.10 |
|     Using TX_REG only            |    1 |     1 |           |       |
|     Using RX_REG only            |   18 |    18 |           |       |
|     Using Both TX_REG and RX_REG |  267 |     1 |           |       |
|   SLR2 -> SLR1                   | 1870 |       |           |  8.12 |
|     Using TX_REG only            |    0 |     0 |           |       |
|     Using RX_REG only            |    4 |     4 |           |       |
|     Using Both TX_REG and RX_REG |  407 |     0 |           |       |
| SLR1 <-> SLR0                    | 2541 |       |     23040 | 11.03 |
|   SLR0 -> SLR1                   | 1148 |       |           |  4.98 |
|     Using TX_REG only            |   71 |    71 |           |       |
|     Using RX_REG only            |   61 |    61 |           |       |
|     Using Both TX_REG and RX_REG |  355 |    55 |           |       |
|   SLR1 -> SLR0                   | 1393 |       |           |  6.05 |
|     Using TX_REG only            |   62 |    62 |           |       |
|     Using RX_REG only            |   72 |    71 |           |       |
|     Using Both TX_REG and RX_REG |  435 |    60 |           |       |
+----------------------------------+------+-------+-----------+-------+
| Total SLLs Used                  | 6507 |       |           |       |
+----------------------------------+------+-------+-----------+-------+


2. SLR Connectivity Matrix
--------------------------

+-----------+------+------+------+
| FROM \ TO | SLR2 | SLR1 | SLR0 |
+-----------+------+------+------+
| SLR2      |    0 | 1847 |   23 |
| SLR1      | 1950 |    0 | 1370 |
| SLR0      |  146 | 1002 |    0 |
+-----------+------+------+------+


3. SLR CLB Logic and Dedicated Block Utilization
------------------------------------------------

+----------------------------+--------+-------+-------+--------+--------+--------+
|          Site Type         |  SLR0  |  SLR1 |  SLR2 | SLR0 % | SLR1 % | SLR2 % |
+----------------------------+--------+-------+-------+--------+--------+--------+
| CLB                        |  25522 |  7705 |  8451 |  46.44 |  14.27 |  15.65 |
|   CLBL                     |  13175 |  3907 |  4425 |  45.00 |  13.34 |  15.11 |
|   CLBM                     |  12347 |  3798 |  4026 |  48.08 |  15.36 |  16.29 |
| CLB LUTs                   | 106337 | 47630 | 35371 |  24.19 |  11.03 |   8.19 |
|   LUT as Logic             |  86725 | 43660 | 32333 |  19.72 |  10.11 |   7.48 |
|     using O5 output only   |   2426 |   288 |  1003 |   0.55 |   0.07 |   0.23 |
|     using O6 output only   |  52684 | 34239 | 19512 |  11.98 |   7.93 |   4.52 |
|     using O5 and O6        |  31615 |  9133 | 11818 |   7.19 |   2.11 |   2.74 |
|   LUT as Memory            |  19612 |  3970 |  3038 |   9.55 |   2.01 |   1.54 |
|     LUT as Distributed RAM |   5584 |  3837 |  1660 |   2.72 |   1.94 |   0.84 |
|       using O5 output only |      0 |     0 |     0 |   0.00 |   0.00 |   0.00 |
|       using O6 output only |     80 |   215 |    84 |   0.04 |   0.11 |   0.04 |
|       using O5 and O6      |   5504 |  3622 |  1576 |   2.68 |   1.83 |   0.80 |
|     LUT as Shift Register  |  14028 |   133 |  1378 |   6.83 |   0.07 |   0.70 |
|       using O5 output only |      0 |     0 |     0 |   0.00 |   0.00 |   0.00 |
|       using O6 output only |  12138 |   133 |  1248 |   5.91 |   0.07 |   0.63 |
|       using O5 and O6      |   1890 |     0 |   130 |   0.92 |   0.00 |   0.07 |
| CLB Registers              | 196629 | 46330 | 60717 |  22.36 |   5.36 |   7.03 |
| CARRY8                     |   4028 |   473 |   313 |   7.33 |   0.88 |   0.58 |
| F7 Muxes                   |   2870 |   651 |  1054 |   1.31 |   0.30 |   0.49 |
| F8 Muxes                   |     16 |   141 |    47 |   0.01 |   0.13 |   0.04 |
| F9 Muxes                   |      0 |     0 |     0 |   0.00 |   0.00 |   0.00 |
| Block RAM Tile             |  300.5 |  80.5 |    94 |  44.72 |  11.98 |  13.99 |
|   RAMB36/FIFO              |    294 |    80 |    92 |  43.75 |  11.90 |  13.69 |
|     RAMB36E2 only          |    286 |    80 |    92 |  42.56 |  11.90 |  13.69 |
|   RAMB18                   |     13 |     1 |     4 |   0.97 |   0.07 |   0.30 |
|     RAMB18E2 only          |     13 |     1 |     4 |   0.97 |   0.07 |   0.30 |
| URAM                       |      0 |     0 |     0 |   0.00 |   0.00 |   0.00 |
| DSPs                       |    512 |     0 |     4 |  17.78 |   0.00 |   0.13 |
| PLL                        |      0 |     0 |     0 |   0.00 |   0.00 |   0.00 |
| MMCM                       |      0 |     0 |     0 |   0.00 |   0.00 |   0.00 |
| Unique Control Sets        |   6547 |  1504 |  2726 |   5.96 |   1.39 |   2.52 |
+----------------------------+--------+-------+-------+--------+--------+--------+
* Note: Available Control Sets based on CLB Registers / 8


4. SLR IO Utilization
---------------------

+-----------+-----------+---------+------------+----------+------------+----------+-----+
| SLR Index | Used IOBs | (%)IOBs | Used IPADs | (%)IPADs | Used OPADs | (%)OPADs | GTs |
+-----------+-----------+---------+------------+----------+------------+----------+-----+
| SLR2      |        18 |    8.65 |          0 |     0.00 |          0 |     0.00 |   0 |
| SLR1      |         0 |    0.00 |          0 |     0.00 |          0 |     0.00 |   0 |
| SLR0      |         1 |    0.48 |          0 |     0.00 |          0 |     0.00 |  16 |
+-----------+-----------+---------+------------+----------+------------+----------+-----+
| Total     |        19 |         |          0 |          |          0 |          |  16 |
+-----------+-----------+---------+------------+----------+------------+----------+-----+


