Copyright 1986-2021 Xilinx, Inc. All Rights Reserved.
--------------------------------------------------------------------------------------------------------------------------------------------------------------------------------------------------------------------------------------------------------------------------------------------------------------------------------------------------------------------------------------------------------------------------------------------------------------------------------------------------------------------------------------------------------------------------------------------------------------------------------------------------------------------------------------------------------------------------------------------------------------------------------------------------------------------------------------------------------------------------------------------------------------------------------------------------------------------------------------------------
| Tool Version : Vivado v.2021.1_AR76780 (lin64) Build 3247384 Thu Jun 10 19:36:07 MDT 2021
| Date         : Mon Aug 24 17:18:57 2026
| Host         : coroni running 64-bit Ubuntu 18.04.6 LTS
| Command      : report_accelerator_utilization -kernels { krnl_gemv_dense:pfm_top_i/dynamic_region/gemv/inst:gemv krnl_mm2s:pfm_top_i/dynamic_region/mm2s_a0/inst:mm2s_a0 krnl_mm2s:pfm_top_i/dynamic_region/mm2s_a1/inst:mm2s_a1 krnl_mm2s:pfm_top_i/dynamic_region/mm2s_w0/inst:mm2s_w0 krnl_mm2s:pfm_top_i/dynamic_region/mm2s_w1/inst:mm2s_w1 krnl_mm2s:pfm_top_i/dynamic_region/mm2s_w2/inst:mm2s_w2 krnl_mm2s:pfm_top_i/dynamic_region/mm2s_w3/inst:mm2s_w3 krnl_mm2s:pfm_top_i/dynamic_region/mm2s_w4/inst:mm2s_w4 krnl_mm2s:pfm_top_i/dynamic_region/mm2s_w5/inst:mm2s_w5 krnl_mm2s:pfm_top_i/dynamic_region/mm2s_w6/inst:mm2s_w6 krnl_mm2s:pfm_top_i/dynamic_region/mm2s_w7/inst:mm2s_w7 krnl_s2mm:pfm_top_i/dynamic_region/s2mm_c0/inst:s2mm_c0 krnl_s2mm:pfm_top_i/dynamic_region/s2mm_c1/inst:s2mm_c1 krnl_s2mm:pfm_top_i/dynamic_region/s2mm_c2/inst:s2mm_c2 krnl_s2mm:pfm_top_i/dynamic_region/s2mm_c3/inst:s2mm_c3} -file kernel_util_synthed.rpt -name kernel_util_synthed -json
| Design       : pfm_top_wrapper
| Device       : xcu280
| Design State : Synthesized
--------------------------------------------------------------------------------------------------------------------------------------------------------------------------------------------------------------------------------------------------------------------------------------------------------------------------------------------------------------------------------------------------------------------------------------------------------------------------------------------------------------------------------------------------------------------------------------------------------------------------------------------------------------------------------------------------------------------------------------------------------------------------------------------------------------------------------------------------------------------------------------------------------------------------------------------------------------------------------------------------

Accelerator Utilization Design Information

Table of Contents
-----------------
1. System Utilization

1. System Utilization
---------------------

+---------------------+-------------------+------------------+-------------------+----------------+---------------+----------------+
| Name                | LUT               | LUTAsMem         | REG               | BRAM           | URAM          | DSP            |
+---------------------+-------------------+------------------+-------------------+----------------+---------------+----------------+
| Platform            |  138391 [ 10.62%] |  17502 [  2.91%] |  193497 [  7.42%] |  202 [ 10.02%] |   0 [  0.00%] |    4 [  0.04%] |
| User Budget         | 1164329 [100.00%] | 582978 [100.00%] | 2413863 [100.00%] | 1814 [100.00%] | 960 [100.00%] | 9020 [100.00%] |
|    Used Resources   |   74580 [  6.41%] |  13258 [  2.27%] |  123214 [  5.10%] |  268 [ 14.77%] |   0 [  0.00%] |  512 [  5.68%] |
|    Unused Resources | 1089749 [ 93.59%] | 569720 [ 97.73%] | 2290649 [ 94.90%] | 1546 [ 85.23%] | 960 [100.00%] | 8508 [ 94.32%] |
| krnl_gemv_dense     |   50666 [  4.35%] |   6784 [  1.16%] |   81126 [  3.36%] |   64 [  3.53%] |   0 [  0.00%] |  512 [  5.68%] |
|    gemv             |   50666 [  4.35%] |   6784 [  1.16%] |   81126 [  3.36%] |   64 [  3.53%] |   0 [  0.00%] |  512 [  5.68%] |
| krnl_mm2s           |   15570 [  1.34%] |   2730 [  0.47%] |   29120 [  1.21%] |  140 [  7.72%] |   0 [  0.00%] |    0 [  0.00%] |
|    mm2s_a0          |    1557 [  0.13%] |    273 [  0.05%] |    2912 [  0.12%] |   14 [  0.77%] |   0 [  0.00%] |    0 [  0.00%] |
|    mm2s_a1          |    1557 [  0.13%] |    273 [  0.05%] |    2912 [  0.12%] |   14 [  0.77%] |   0 [  0.00%] |    0 [  0.00%] |
|    mm2s_w0          |    1557 [  0.13%] |    273 [  0.05%] |    2912 [  0.12%] |   14 [  0.77%] |   0 [  0.00%] |    0 [  0.00%] |
|    mm2s_w1          |    1557 [  0.13%] |    273 [  0.05%] |    2912 [  0.12%] |   14 [  0.77%] |   0 [  0.00%] |    0 [  0.00%] |
|    mm2s_w2          |    1557 [  0.13%] |    273 [  0.05%] |    2912 [  0.12%] |   14 [  0.77%] |   0 [  0.00%] |    0 [  0.00%] |
|    mm2s_w3          |    1557 [  0.13%] |    273 [  0.05%] |    2912 [  0.12%] |   14 [  0.77%] |   0 [  0.00%] |    0 [  0.00%] |
|    mm2s_w4          |    1557 [  0.13%] |    273 [  0.05%] |    2912 [  0.12%] |   14 [  0.77%] |   0 [  0.00%] |    0 [  0.00%] |
|    mm2s_w5          |    1557 [  0.13%] |    273 [  0.05%] |    2912 [  0.12%] |   14 [  0.77%] |   0 [  0.00%] |    0 [  0.00%] |
|    mm2s_w6          |    1557 [  0.13%] |    273 [  0.05%] |    2912 [  0.12%] |   14 [  0.77%] |   0 [  0.00%] |    0 [  0.00%] |
|    mm2s_w7          |    1557 [  0.13%] |    273 [  0.05%] |    2912 [  0.12%] |   14 [  0.77%] |   0 [  0.00%] |    0 [  0.00%] |
| krnl_s2mm           |    8344 [  0.72%] |   3744 [  0.64%] |   12968 [  0.54%] |   64 [  3.53%] |   0 [  0.00%] |    0 [  0.00%] |
|    s2mm_c0          |    2086 [  0.18%] |    936 [  0.16%] |    3242 [  0.13%] |   16 [  0.88%] |   0 [  0.00%] |    0 [  0.00%] |
|    s2mm_c1          |    2086 [  0.18%] |    936 [  0.16%] |    3242 [  0.13%] |   16 [  0.88%] |   0 [  0.00%] |    0 [  0.00%] |
|    s2mm_c2          |    2086 [  0.18%] |    936 [  0.16%] |    3242 [  0.13%] |   16 [  0.88%] |   0 [  0.00%] |    0 [  0.00%] |
|    s2mm_c3          |    2086 [  0.18%] |    936 [  0.16%] |    3242 [  0.13%] |   16 [  0.88%] |   0 [  0.00%] |    0 [  0.00%] |
+---------------------+-------------------+------------------+-------------------+----------------+---------------+----------------+


