Copyright 1986-2021 Xilinx, Inc. All Rights Reserved.
---------------------------------------------------------------------------------------------------------------------------------------------------------------------------------------------------------------------------------------------------------------------------------------------------------------------------------------------------------------------------------------------------------------------------------------------------------------------------------------------------------------------------------
| Tool Version : Vivado v.2021.1_AR76780 (lin64) Build 3247384 Thu Jun 10 19:36:07 MDT 2021
| Date         : Thu Sep 10 23:24:26 2026
| Host         : coroni running 64-bit Ubuntu 18.04.6 LTS
| Command      : report_accelerator_utilization -kernels { krnl_gemv_sparse:pfm_top_i/dynamic_region/gemv/inst:gemv krnl_mm2s:pfm_top_i/dynamic_region/mm2s_a0/inst:mm2s_a0 krnl_mm2s:pfm_top_i/dynamic_region/mm2s_a1/inst:mm2s_a1 krnl_mm2s:pfm_top_i/dynamic_region/mm2s_i0/inst:mm2s_i0 krnl_mm2s:pfm_top_i/dynamic_region/mm2s_w0/inst:mm2s_w0 krnl_mm2s:pfm_top_i/dynamic_region/mm2s_w1/inst:mm2s_w1 krnl_s2mm:pfm_top_i/dynamic_region/s2mm_c0/inst:s2mm_c0} -file kernel_util_routed.rpt -name kernel_util_routed -json
| Design       : pfm_top_wrapper
| Device       : xcu280
| Design State : Fully Placed
---------------------------------------------------------------------------------------------------------------------------------------------------------------------------------------------------------------------------------------------------------------------------------------------------------------------------------------------------------------------------------------------------------------------------------------------------------------------------------------------------------------------------------

Accelerator Utilization Design Information

Table of Contents
-----------------
1. System Utilization

1. System Utilization
---------------------

+---------------------+-------------------+------------------+-------------------+----------------+---------------+----------------+
| Name                | LUT               | LUTAsMem         | REG               | BRAM           | URAM          | DSP            |
+---------------------+-------------------+------------------+-------------------+----------------+---------------+----------------+
| Platform            |  108373 [  8.32%] |  11500 [  1.92%] |  161724 [  6.20%] |  202 [ 10.02%] |   0 [  0.00%] |    4 [  0.04%] |
| User Budget         | 1194347 [100.00%] | 588980 [100.00%] | 2445636 [100.00%] | 1814 [100.00%] | 960 [100.00%] | 9020 [100.00%] |
|    Used Resources   |   28365 [  2.37%] |   3723 [  0.63%] |   39817 [  1.63%] |  115 [  6.34%] |   0 [  0.00%] |  128 [  1.42%] |
|    Unused Resources | 1165982 [ 97.63%] | 585257 [ 99.37%] | 2405819 [ 98.37%] | 1699 [ 93.66%] | 960 [100.00%] | 8892 [ 98.58%] |
| krnl_gemv_sparse    |   17988 [  1.51%] |   1440 [  0.24%] |   22390 [  0.92%] |   31 [  1.71%] |   0 [  0.00%] |  128 [  1.42%] |
|    gemv             |   17988 [  1.51%] |   1440 [  0.24%] |   22390 [  0.92%] |   31 [  1.71%] |   0 [  0.00%] |  128 [  1.42%] |
| krnl_mm2s           |    8324 [  0.70%] |   1365 [  0.23%] |   14250 [  0.58%] |   68 [  3.75%] |   0 [  0.00%] |    0 [  0.00%] |
|    mm2s_a0          |    1702 [  0.14%] |    273 [  0.05%] |    2918 [  0.12%] |   14 [  0.77%] |   0 [  0.00%] |    0 [  0.00%] |
|    mm2s_a1          |    1690 [  0.14%] |    273 [  0.05%] |    2911 [  0.12%] |   14 [  0.77%] |   0 [  0.00%] |    0 [  0.00%] |
|    mm2s_i0          |    1547 [  0.13%] |    273 [  0.05%] |    2592 [  0.11%] |   12 [  0.66%] |   0 [  0.00%] |    0 [  0.00%] |
|    mm2s_w0          |    1691 [  0.14%] |    273 [  0.05%] |    2914 [  0.12%] |   14 [  0.77%] |   0 [  0.00%] |    0 [  0.00%] |
|    mm2s_w1          |    1694 [  0.14%] |    273 [  0.05%] |    2915 [  0.12%] |   14 [  0.77%] |   0 [  0.00%] |    0 [  0.00%] |
| krnl_s2mm           |    2053 [  0.17%] |    918 [  0.16%] |    3177 [  0.13%] |   16 [  0.88%] |   0 [  0.00%] |    0 [  0.00%] |
|    s2mm_c0          |    2053 [  0.17%] |    918 [  0.16%] |    3177 [  0.13%] |   16 [  0.88%] |   0 [  0.00%] |    0 [  0.00%] |
+---------------------+-------------------+------------------+-------------------+----------------+---------------+----------------+


