Copyright 1986-2021 Xilinx, Inc. All Rights Reserved.
--------------------------------------------------------------------------------------------
| Tool Version : Vivado v.2021.1_AR76780 (lin64) Build 3247384 Thu Jun 10 19:36:07 MDT 2021
| Date         : Sat Sep 12 02:04:20 2026
| Host         : coroni running 64-bit Ubuntu 18.04.6 LTS
| Command      : report_utilization -slr -file slr_util_placed.rpt -pb slr_util_placed.pb
| Design       : pfm_top_wrapper
| Device       : xcu280fsvh2892-2L
| Design State : Fully Placed
--------------------------------------------------------------------------------------------

Utilization Design Information

Table of Contents
-----------------
1. SLR Connectivity
2. SLR Connectivity Matrix
3. SLR CLB Logic and Dedicated Block Utilization
4. SLR IO Utilization

1. SLR Connectivity
-------------------

+----------------------------------+------+-------+-----------+-------+
|                                  | Used | Fixed | Available | Util% |
+----------------------------------+------+-------+-----------+-------+
| SLR2 <-> SLR1                    | 3965 |       |     23040 | 17.21 |
|   SLR1 -> SLR2                   | 2098 |       |           |  9.11 |
|     Using TX_REG only            |    1 |     1 |           |       |
|     Using RX_REG only            |   18 |    18 |           |       |
|     Using Both TX_REG and RX_REG |  267 |     1 |           |       |
|   SLR2 -> SLR1                   | 1867 |       |           |  8.10 |
|     Using TX_REG only            |    0 |     0 |           |       |
|     Using RX_REG only            |    4 |     4 |           |       |
|     Using Both TX_REG and RX_REG |  407 |     0 |           |       |
| SLR1 <-> SLR0                    | 2537 |       |     23040 | 11.01 |
|   SLR0 -> SLR1                   | 1147 |       |           |  4.98 |
|     Using TX_REG only            |   71 |    71 |           |       |
|     Using RX_REG only            |   61 |    61 |           |       |
|     Using Both TX_REG and RX_REG |  341 |    55 |           |       |
|   SLR1 -> SLR0                   | 1390 |       |           |  6.03 |
|     Using TX_REG only            |   62 |    62 |           |       |
|     Using RX_REG only            |   72 |    71 |           |       |
|     Using Both TX_REG and RX_REG |  435 |    60 |           |       |
+----------------------------------+------+-------+-----------+-------+
| Total SLLs Used                  | 6502 |       |           |       |
+----------------------------------+------+-------+-----------+-------+


2. SLR Connectivity Matrix
--------------------------

+-----------+------+------+------+
| FROM \ TO | SLR2 | SLR1 | SLR0 |
+-----------+------+------+------+
| SLR2      |    0 | 1844 |   23 |
| SLR1      | 1978 |    0 | 1367 |
| SLR0      |  120 | 1027 |    0 |
+-----------+------+------+------+


3. SLR CLB Logic and Dedicated Block Utilization
------------------------------------------------

+----------------------------+--------+-------+-------+--------+--------+--------+
|          Site Type         |  SLR0  |  SLR1 |  SLR2 | SLR0 % | SLR1 % | SLR2 % |
+----------------------------+--------+-------+-------+--------+--------+--------+
| CLB                        |  24205 |  6993 |  8579 |  44.04 |  12.95 |  15.89 |
|   CLBL                     |  12477 |  3585 |  4506 |  42.61 |  12.24 |  15.39 |
|   CLBM                     |  11728 |  3408 |  4073 |  45.67 |  13.79 |  16.48 |
| CLB LUTs                   | 111009 | 47671 | 35359 |  25.25 |  11.03 |   8.18 |
|   LUT as Logic             |  94022 | 43701 | 32321 |  21.38 |  10.12 |   7.48 |
|     using O5 output only   |   2037 |   290 |  1003 |   0.46 |   0.07 |   0.23 |
|     using O6 output only   |  64904 | 34247 | 19500 |  14.76 |   7.93 |   4.51 |
|     using O5 and O6        |  27081 |  9164 | 11818 |   6.16 |   2.12 |   2.74 |
|   LUT as Memory            |  16987 |  3970 |  3038 |   8.27 |   2.01 |   1.54 |
|     LUT as Distributed RAM |   5328 |  3837 |  1660 |   2.59 |   1.94 |   0.84 |
|       using O5 output only |      0 |     0 |     0 |   0.00 |   0.00 |   0.00 |
|       using O6 output only |     80 |   215 |    84 |   0.04 |   0.11 |   0.04 |
|       using O5 and O6      |   5248 |  3622 |  1576 |   2.55 |   1.83 |   0.80 |
|     LUT as Shift Register  |  11659 |   133 |  1378 |   5.68 |   0.07 |   0.70 |
|       using O5 output only |      0 |     0 |     0 |   0.00 |   0.00 |   0.00 |
|       using O6 output only |  10025 |   133 |  1248 |   4.88 |   0.07 |   0.63 |
|       using O5 and O6      |   1634 |     0 |   130 |   0.80 |   0.00 |   0.07 |
| CLB Registers              | 179296 | 46374 | 60932 |  20.39 |   5.37 |   7.05 |
| CARRY8                     |   3237 |   473 |   313 |   5.89 |   0.88 |   0.58 |
| F7 Muxes                   |   8628 |   651 |  1054 |   3.92 |   0.30 |   0.49 |
| F8 Muxes                   |     16 |   141 |    47 |   0.01 |   0.13 |   0.04 |
| F9 Muxes                   |      0 |     0 |     0 |   0.00 |   0.00 |   0.00 |
| Block RAM Tile             |  280.5 |  80.5 |    94 |  41.74 |  11.98 |  13.99 |
|   RAMB36/FIFO              |    274 |    80 |    92 |  40.77 |  11.90 |  13.69 |
|     RAMB36E2 only          |    266 |    80 |    92 |  39.58 |  11.90 |  13.69 |
|   RAMB18                   |     13 |     1 |     4 |   0.97 |   0.07 |   0.30 |
|     RAMB18E2 only          |     13 |     1 |     4 |   0.97 |   0.07 |   0.30 |
| URAM                       |      0 |     0 |     0 |   0.00 |   0.00 |   0.00 |
| DSPs                       |    384 |     0 |     4 |  13.33 |   0.00 |   0.13 |
| PLL                        |      0 |     0 |     0 |   0.00 |   0.00 |   0.00 |
| MMCM                       |      0 |     0 |     0 |   0.00 |   0.00 |   0.00 |
| Unique Control Sets        |   5820 |  1505 |  2727 |   5.29 |   1.39 |   2.53 |
+----------------------------+--------+-------+-------+--------+--------+--------+
* Note: Available Control Sets based on CLB Registers / 8


4. SLR IO Utilization
---------------------

+-----------+-----------+---------+------------+----------+------------+----------+-----+
| SLR Index | Used IOBs | (%)IOBs | Used IPADs | (%)IPADs | Used OPADs | (%)OPADs | GTs |
+-----------+-----------+---------+------------+----------+------------+----------+-----+
| SLR2      |        18 |    8.65 |          0 |     0.00 |          0 |     0.00 |   0 |
| SLR1      |         0 |    0.00 |          0 |     0.00 |          0 |     0.00 |   0 |
| SLR0      |         1 |    0.48 |          0 |     0.00 |          0 |     0.00 |  16 |
+-----------+-----------+---------+------------+----------+------------+----------+-----+
| Total     |        19 |         |          0 |          |          0 |          |  16 |
+-----------+-----------+---------+------------+----------+------------+----------+-----+


