Copyright 1986-2021 Xilinx, Inc. All Rights Reserved.
--------------------------------------------------------------------------------------------
| Tool Version : Vivado v.2021.1_AR76780 (lin64) Build 3247384 Thu Jun 10 19:36:07 MDT 2021
| Date         : Tue Sep  1 21:48:09 2026
| Host         : coroni running 64-bit Ubuntu 18.04.6 LTS
| Command      : report_utilization -slr -file slr_util_placed.rpt -pb slr_util_placed.pb
| Design       : pfm_top_wrapper
| Device       : xcu280fsvh2892-2L
| Design State : Fully Placed
--------------------------------------------------------------------------------------------

Utilization Design Information

Table of Contents
-----------------
1. SLR Connectivity
2. SLR Connectivity Matrix
3. SLR CLB Logic and Dedicated Block Utilization
4. SLR IO Utilization

1. SLR Connectivity
-------------------

+----------------------------------+-------+-------+-----------+-------+
|                                  |  Used | Fixed | Available | Util% |
+----------------------------------+-------+-------+-----------+-------+
| SLR2 <-> SLR1                    |  3957 |       |     23040 | 17.17 |
|   SLR1 -> SLR2                   |  2092 |       |           |  9.08 |
|     Using TX_REG only            |     1 |     1 |           |       |
|     Using RX_REG only            |    18 |    18 |           |       |
|     Using Both TX_REG and RX_REG |   267 |     1 |           |       |
|   SLR2 -> SLR1                   |  1865 |       |           |  8.09 |
|     Using TX_REG only            |     0 |     0 |           |       |
|     Using RX_REG only            |     4 |     4 |           |       |
|     Using Both TX_REG and RX_REG |   407 |     0 |           |       |
| SLR1 <-> SLR0                    |  6152 |       |     23040 | 26.70 |
|   SLR0 -> SLR1                   |  3724 |       |           | 16.16 |
|     Using TX_REG only            |    71 |    71 |           |       |
|     Using RX_REG only            |    61 |    61 |           |       |
|     Using Both TX_REG and RX_REG |   355 |    55 |           |       |
|   SLR1 -> SLR0                   |  2428 |       |           | 10.54 |
|     Using TX_REG only            |    62 |    62 |           |       |
|     Using RX_REG only            |    72 |    71 |           |       |
|     Using Both TX_REG and RX_REG |   435 |    60 |           |       |
+----------------------------------+-------+-------+-----------+-------+
| Total SLLs Used                  | 10109 |       |           |       |
+----------------------------------+-------+-------+-----------+-------+


2. SLR Connectivity Matrix
--------------------------

+-----------+------+------+------+
| FROM \ TO | SLR2 | SLR1 | SLR0 |
+-----------+------+------+------+
| SLR2      |    0 | 1864 |    1 |
| SLR1      | 1979 |    0 | 2427 |
| SLR0      |  113 | 3611 |    0 |
+-----------+------+------+------+


3. SLR CLB Logic and Dedicated Block Utilization
------------------------------------------------

+----------------------------+--------+--------+-------+--------+--------+--------+
|          Site Type         |  SLR0  |  SLR1  |  SLR2 | SLR0 % | SLR1 % | SLR2 % |
+----------------------------+--------+--------+-------+--------+--------+--------+
| CLB                        |  16612 |  17898 |  8678 |  30.23 |  33.14 |  16.07 |
|   CLBL                     |   8540 |   9522 |  4566 |  29.17 |  32.52 |  15.59 |
|   CLBM                     |   8072 |   8376 |  4112 |  31.43 |  33.88 |  16.63 |
| CLB LUTs                   |  59904 |  95092 | 35411 |  13.62 |  22.01 |   8.20 |
|   LUT as Logic             |  46052 |  85361 | 32373 |  10.47 |  19.76 |   7.49 |
|     using O5 output only   |   1439 |   1401 |   996 |   0.33 |   0.32 |   0.23 |
|     using O6 output only   |  28967 |  59989 | 19488 |   6.59 |  13.89 |   4.51 |
|     using O5 and O6        |  15646 |  23971 | 11889 |   3.56 |   5.55 |   2.75 |
|   LUT as Memory            |  13852 |   9731 |  3038 |   6.74 |   4.92 |   1.54 |
|     LUT as Distributed RAM |   5584 |   3837 |  1660 |   2.72 |   1.94 |   0.84 |
|       using O5 output only |      0 |      0 |     0 |   0.00 |   0.00 |   0.00 |
|       using O6 output only |     80 |    215 |    84 |   0.04 |   0.11 |   0.04 |
|       using O5 and O6      |   5504 |   3622 |  1576 |   2.68 |   1.83 |   0.80 |
|     LUT as Shift Register  |   8268 |   5894 |  1378 |   4.02 |   2.98 |   0.70 |
|       using O5 output only |      0 |      0 |     0 |   0.00 |   0.00 |   0.00 |
|       using O6 output only |   7402 |   4870 |  1248 |   3.60 |   2.46 |   0.63 |
|       using O5 and O6      |    866 |   1024 |   130 |   0.42 |   0.52 |   0.07 |
| CLB Registers              | 116482 | 126211 | 61010 |  13.25 |  14.61 |   7.06 |
| CARRY8                     |   1133 |   3368 |   313 |   2.06 |   6.24 |   0.58 |
| F7 Muxes                   |   2870 |    651 |  1054 |   1.31 |   0.30 |   0.49 |
| F8 Muxes                   |     16 |    141 |    47 |   0.01 |   0.13 |   0.04 |
| F9 Muxes                   |      0 |      0 |     0 |   0.00 |   0.00 |   0.00 |
| Block RAM Tile             |  234.5 |  146.5 |    94 |  34.90 |  21.80 |  13.99 |
|   RAMB36/FIFO              |    228 |    146 |    92 |  33.93 |  21.73 |  13.69 |
|     RAMB36E2 only          |    228 |    138 |    92 |  33.93 |  20.54 |  13.69 |
|   RAMB18                   |     13 |      1 |     4 |   0.97 |   0.07 |   0.30 |
|     RAMB18E2 only          |     13 |      1 |     4 |   0.97 |   0.07 |   0.30 |
| URAM                       |      0 |      0 |     0 |   0.00 |   0.00 |   0.00 |
| DSPs                       |      0 |    512 |     4 |   0.00 |  16.67 |   0.13 |
| PLL                        |      0 |      0 |     0 |   0.00 |   0.00 |   0.00 |
| MMCM                       |      0 |      0 |     0 |   0.00 |   0.00 |   0.00 |
| Unique Control Sets        |   3959 |   4103 |  2735 |   3.60 |   3.80 |   2.53 |
+----------------------------+--------+--------+-------+--------+--------+--------+
* Note: Available Control Sets based on CLB Registers / 8


4. SLR IO Utilization
---------------------

+-----------+-----------+---------+------------+----------+------------+----------+-----+
| SLR Index | Used IOBs | (%)IOBs | Used IPADs | (%)IPADs | Used OPADs | (%)OPADs | GTs |
+-----------+-----------+---------+------------+----------+------------+----------+-----+
| SLR2      |        18 |    8.65 |          0 |     0.00 |          0 |     0.00 |   0 |
| SLR1      |         0 |    0.00 |          0 |     0.00 |          0 |     0.00 |   0 |
| SLR0      |         1 |    0.48 |          0 |     0.00 |          0 |     0.00 |  16 |
+-----------+-----------+---------+------------+----------+------------+----------+-----+
| Total     |        19 |         |          0 |          |          0 |          |  16 |
+-----------+-----------+---------+------------+----------+------------+----------+-----+


