Copyright 1986-2021 Xilinx, Inc. All Rights Reserved.
-------------------------------------------------------------------------------------------------------------------------------------------------------------------------------------------------------------------------------------------------------------------------------------------------------------------------------------------------------------------------------------------------------------------------------------------------------------------------------------------------------------------------------------------------------------------------------------------------------------------------------------------------------------------------------------------------------------------------------------------------------------------------------------------------------------------------------------------------------------------------------------------------------------------------------------------------------------------------------------------------------------------------------------------------------------------------------------------------------------------------------------------------------------------------
| Tool Version : Vivado v.2021.1_AR76780 (lin64) Build 3247384 Thu Jun 10 19:36:07 MDT 2021
| Date         : Wed Aug 26 20:46:03 2026
| Host         : coroni running 64-bit Ubuntu 18.04.6 LTS
| Command      : report_accelerator_utilization -kernels { krnl_gemv_sparse:pfm_top_i/dynamic_region/gemv/inst:gemv krnl_mm2s:pfm_top_i/dynamic_region/mm2s_a0/inst:mm2s_a0 krnl_mm2s:pfm_top_i/dynamic_region/mm2s_a1/inst:mm2s_a1 krnl_mm2s:pfm_top_i/dynamic_region/mm2s_i0/inst:mm2s_i0 krnl_mm2s:pfm_top_i/dynamic_region/mm2s_i1/inst:mm2s_i1 krnl_mm2s:pfm_top_i/dynamic_region/mm2s_i2/inst:mm2s_i2 krnl_mm2s:pfm_top_i/dynamic_region/mm2s_w0/inst:mm2s_w0 krnl_mm2s:pfm_top_i/dynamic_region/mm2s_w1/inst:mm2s_w1 krnl_mm2s:pfm_top_i/dynamic_region/mm2s_w2/inst:mm2s_w2 krnl_mm2s:pfm_top_i/dynamic_region/mm2s_w3/inst:mm2s_w3 krnl_mm2s:pfm_top_i/dynamic_region/mm2s_w4/inst:mm2s_w4 krnl_mm2s:pfm_top_i/dynamic_region/mm2s_w5/inst:mm2s_w5 krnl_mm2s:pfm_top_i/dynamic_region/mm2s_w6/inst:mm2s_w6 krnl_mm2s:pfm_top_i/dynamic_region/mm2s_w7/inst:mm2s_w7 krnl_s2mm:pfm_top_i/dynamic_region/s2mm_c0/inst:s2mm_c0 krnl_s2mm:pfm_top_i/dynamic_region/s2mm_c1/inst:s2mm_c1 krnl_s2mm:pfm_top_i/dynamic_region/s2mm_c2/inst:s2mm_c2 krnl_s2mm:pfm_top_i/dynamic_region/s2mm_c3/inst:s2mm_c3} -file kernel_util_routed.rpt -name kernel_util_routed -json
| Design       : pfm_top_wrapper
| Device       : xcu280
| Design State : Routed
-------------------------------------------------------------------------------------------------------------------------------------------------------------------------------------------------------------------------------------------------------------------------------------------------------------------------------------------------------------------------------------------------------------------------------------------------------------------------------------------------------------------------------------------------------------------------------------------------------------------------------------------------------------------------------------------------------------------------------------------------------------------------------------------------------------------------------------------------------------------------------------------------------------------------------------------------------------------------------------------------------------------------------------------------------------------------------------------------------------------------------------------------------------------------

Accelerator Utilization Design Information

Table of Contents
-----------------
1. System Utilization

1. System Utilization
---------------------

+---------------------+-------------------+------------------+-------------------+----------------+---------------+----------------+
| Name                | LUT               | LUTAsMem         | REG               | BRAM           | URAM          | DSP            |
+---------------------+-------------------+------------------+-------------------+----------------+---------------+----------------+
| Platform            |  123783 [  9.50%] |  15702 [  2.61%] |  191769 [  7.35%] |  204 [ 10.12%] |   0 [  0.00%] |    4 [  0.04%] |
| User Budget         | 1178937 [100.00%] | 584778 [100.00%] | 2415591 [100.00%] | 1812 [100.00%] | 960 [100.00%] | 9020 [100.00%] |
|    Used Resources   |   89621 [  7.60%] |  12981 [  2.22%] |  128755 [  5.33%] |  314 [ 17.33%] |   0 [  0.00%] |  512 [  5.68%] |
|    Unused Resources | 1089316 [ 92.40%] | 571797 [ 97.78%] | 2286836 [ 94.67%] | 1498 [ 82.67%] | 960 [100.00%] | 8508 [ 94.32%] |
| krnl_gemv_sparse    |   61964 [  5.26%] |   5760 [  0.98%] |   79445 [  3.29%] |   74 [  4.08%] |   0 [  0.00%] |  512 [  5.68%] |
|    gemv             |   61964 [  5.26%] |   5760 [  0.98%] |   79445 [  3.29%] |   74 [  4.08%] |   0 [  0.00%] |  512 [  5.68%] |
| krnl_mm2s           |   19562 [  1.66%] |   3549 [  0.61%] |   36651 [  1.52%] |  176 [  9.71%] |   0 [  0.00%] |    0 [  0.00%] |
|    mm2s_a0          |    1533 [  0.13%] |    273 [  0.05%] |    2889 [  0.12%] |   14 [  0.77%] |   0 [  0.00%] |    0 [  0.00%] |
|    mm2s_a1          |    1534 [  0.13%] |    273 [  0.05%] |    2888 [  0.12%] |   14 [  0.77%] |   0 [  0.00%] |    0 [  0.00%] |
|    mm2s_i0          |    1476 [  0.13%] |    273 [  0.05%] |    2849 [  0.12%] |   14 [  0.77%] |   0 [  0.00%] |    0 [  0.00%] |
|    mm2s_i1          |    1475 [  0.13%] |    273 [  0.05%] |    2850 [  0.12%] |   14 [  0.77%] |   0 [  0.00%] |    0 [  0.00%] |
|    mm2s_i2          |    1264 [  0.11%] |    273 [  0.05%] |    2066 [  0.09%] |    8 [  0.44%] |   0 [  0.00%] |    0 [  0.00%] |
|    mm2s_w0          |    1535 [  0.13%] |    273 [  0.05%] |    2889 [  0.12%] |   14 [  0.77%] |   0 [  0.00%] |    0 [  0.00%] |
|    mm2s_w1          |    1534 [  0.13%] |    273 [  0.05%] |    2888 [  0.12%] |   14 [  0.77%] |   0 [  0.00%] |    0 [  0.00%] |
|    mm2s_w2          |    1534 [  0.13%] |    273 [  0.05%] |    2889 [  0.12%] |   14 [  0.77%] |   0 [  0.00%] |    0 [  0.00%] |
|    mm2s_w3          |    1534 [  0.13%] |    273 [  0.05%] |    2888 [  0.12%] |   14 [  0.77%] |   0 [  0.00%] |    0 [  0.00%] |
|    mm2s_w4          |    1536 [  0.13%] |    273 [  0.05%] |    2889 [  0.12%] |   14 [  0.77%] |   0 [  0.00%] |    0 [  0.00%] |
|    mm2s_w5          |    1534 [  0.13%] |    273 [  0.05%] |    2888 [  0.12%] |   14 [  0.77%] |   0 [  0.00%] |    0 [  0.00%] |
|    mm2s_w6          |    1538 [  0.13%] |    273 [  0.05%] |    2889 [  0.12%] |   14 [  0.77%] |   0 [  0.00%] |    0 [  0.00%] |
|    mm2s_w7          |    1535 [  0.13%] |    273 [  0.05%] |    2889 [  0.12%] |   14 [  0.77%] |   0 [  0.00%] |    0 [  0.00%] |
| krnl_s2mm           |    8095 [  0.69%] |   3672 [  0.63%] |   12659 [  0.52%] |   64 [  3.53%] |   0 [  0.00%] |    0 [  0.00%] |
|    s2mm_c0          |    2024 [  0.17%] |    918 [  0.16%] |    3165 [  0.13%] |   16 [  0.88%] |   0 [  0.00%] |    0 [  0.00%] |
|    s2mm_c1          |    2022 [  0.17%] |    918 [  0.16%] |    3165 [  0.13%] |   16 [  0.88%] |   0 [  0.00%] |    0 [  0.00%] |
|    s2mm_c2          |    2025 [  0.17%] |    918 [  0.16%] |    3164 [  0.13%] |   16 [  0.88%] |   0 [  0.00%] |    0 [  0.00%] |
|    s2mm_c3          |    2024 [  0.17%] |    918 [  0.16%] |    3165 [  0.13%] |   16 [  0.88%] |   0 [  0.00%] |    0 [  0.00%] |
+---------------------+-------------------+------------------+-------------------+----------------+---------------+----------------+


