Copyright 1986-2021 Xilinx, Inc. All Rights Reserved.
-----------------------------------------------------------------------------------------------------------------------------------------------------------------------------------------------------------------------------------------------------------------------------------------------------------------------------------------------------------------------------------------------------------------------------------------------------------------------------------------------------------------------------------------------------------------------------------------------------------------------------------------------------------------------------------------------------------------------------------------------------------------------------------------------------------------------------------------------------------------------------------------------------------------------------------------
| Tool Version : Vivado v.2021.1_AR76780 (lin64) Build 3247384 Thu Jun 10 19:36:07 MDT 2021
| Date         : Fri Sep 11 18:35:26 2026
| Host         : coroni running 64-bit Ubuntu 18.04.6 LTS
| Command      : report_accelerator_utilization -kernels { krnl_gemv_sparse:pfm_top_i/dynamic_region/gemv/inst:gemv krnl_mm2s:pfm_top_i/dynamic_region/mm2s_a0/inst:mm2s_a0 krnl_mm2s:pfm_top_i/dynamic_region/mm2s_a1/inst:mm2s_a1 krnl_mm2s:pfm_top_i/dynamic_region/mm2s_i0/inst:mm2s_i0 krnl_mm2s:pfm_top_i/dynamic_region/mm2s_i1/inst:mm2s_i1 krnl_mm2s:pfm_top_i/dynamic_region/mm2s_w0/inst:mm2s_w0 krnl_mm2s:pfm_top_i/dynamic_region/mm2s_w1/inst:mm2s_w1 krnl_mm2s:pfm_top_i/dynamic_region/mm2s_w2/inst:mm2s_w2 krnl_mm2s:pfm_top_i/dynamic_region/mm2s_w3/inst:mm2s_w3 krnl_mm2s:pfm_top_i/dynamic_region/mm2s_w4/inst:mm2s_w4 krnl_mm2s:pfm_top_i/dynamic_region/mm2s_w5/inst:mm2s_w5 krnl_s2mm:pfm_top_i/dynamic_region/s2mm_c0/inst:s2mm_c0 krnl_s2mm:pfm_top_i/dynamic_region/s2mm_c1/inst:s2mm_c1 krnl_s2mm:pfm_top_i/dynamic_region/s2mm_c2/inst:s2mm_c2} -file kernel_util_routed.rpt -name kernel_util_routed -json
| Design       : pfm_top_wrapper
| Device       : xcu280
| Design State : Fully Placed
-----------------------------------------------------------------------------------------------------------------------------------------------------------------------------------------------------------------------------------------------------------------------------------------------------------------------------------------------------------------------------------------------------------------------------------------------------------------------------------------------------------------------------------------------------------------------------------------------------------------------------------------------------------------------------------------------------------------------------------------------------------------------------------------------------------------------------------------------------------------------------------------------------------------------------------------

Accelerator Utilization Design Information

Table of Contents
-----------------
1. System Utilization

1. System Utilization
---------------------

+---------------------+-------------------+------------------+-------------------+----------------+---------------+----------------+
| Name                | LUT               | LUTAsMem         | REG               | BRAM           | URAM          | DSP            |
+---------------------+-------------------+------------------+-------------------+----------------+---------------+----------------+
| Platform            |  117826 [  9.04%] |  14191 [  2.36%] |  180535 [  6.92%] |  202 [ 10.02%] |   0 [  0.00%] |    4 [  0.04%] |
| User Budget         | 1184894 [100.00%] | 586289 [100.00%] | 2426825 [100.00%] | 1814 [100.00%] | 960 [100.00%] | 9020 [100.00%] |
|    Used Resources   |   76397 [  6.45%] |   9804 [  1.67%] |  106163 [  4.37%] |  248 [ 13.67%] |   0 [  0.00%] |  384 [  4.26%] |
|    Unused Resources | 1108497 [ 93.55%] | 576485 [ 98.33%] | 2320662 [ 95.63%] | 1566 [ 86.33%] | 960 [100.00%] | 8636 [ 95.74%] |
| krnl_gemv_sparse    |   54733 [  4.62%] |   4320 [  0.74%] |   67736 [  2.79%] |   60 [  3.31%] |   0 [  0.00%] |  384 [  4.26%] |
|    gemv             |   54733 [  4.62%] |   4320 [  0.74%] |   67736 [  2.79%] |   60 [  3.31%] |   0 [  0.00%] |  384 [  4.26%] |
| krnl_mm2s           |   15551 [  1.31%] |   2730 [  0.47%] |   28891 [  1.19%] |  140 [  7.72%] |   0 [  0.00%] |    0 [  0.00%] |
|    mm2s_a0          |    1544 [  0.13%] |    273 [  0.05%] |    2899 [  0.12%] |   14 [  0.77%] |   0 [  0.00%] |    0 [  0.00%] |
|    mm2s_a1          |    1541 [  0.13%] |    273 [  0.05%] |    2897 [  0.12%] |   14 [  0.77%] |   0 [  0.00%] |    0 [  0.00%] |
|    mm2s_i0          |    1526 [  0.13%] |    273 [  0.05%] |    2858 [  0.12%] |   14 [  0.77%] |   0 [  0.00%] |    0 [  0.00%] |
|    mm2s_i1          |    1486 [  0.13%] |    273 [  0.05%] |    2850 [  0.12%] |   14 [  0.77%] |   0 [  0.00%] |    0 [  0.00%] |
|    mm2s_w0          |    1565 [  0.13%] |    273 [  0.05%] |    2902 [  0.12%] |   14 [  0.77%] |   0 [  0.00%] |    0 [  0.00%] |
|    mm2s_w1          |    1582 [  0.13%] |    273 [  0.05%] |    2897 [  0.12%] |   14 [  0.77%] |   0 [  0.00%] |    0 [  0.00%] |
|    mm2s_w2          |    1628 [  0.14%] |    273 [  0.05%] |    2899 [  0.12%] |   14 [  0.77%] |   0 [  0.00%] |    0 [  0.00%] |
|    mm2s_w3          |    1574 [  0.13%] |    273 [  0.05%] |    2897 [  0.12%] |   14 [  0.77%] |   0 [  0.00%] |    0 [  0.00%] |
|    mm2s_w4          |    1544 [  0.13%] |    273 [  0.05%] |    2895 [  0.12%] |   14 [  0.77%] |   0 [  0.00%] |    0 [  0.00%] |
|    mm2s_w5          |    1561 [  0.13%] |    273 [  0.05%] |    2897 [  0.12%] |   14 [  0.77%] |   0 [  0.00%] |    0 [  0.00%] |
| krnl_s2mm           |    6113 [  0.52%] |   2754 [  0.47%] |    9536 [  0.39%] |   48 [  2.65%] |   0 [  0.00%] |    0 [  0.00%] |
|    s2mm_c0          |    2037 [  0.17%] |    918 [  0.16%] |    3178 [  0.13%] |   16 [  0.88%] |   0 [  0.00%] |    0 [  0.00%] |
|    s2mm_c1          |    2039 [  0.17%] |    918 [  0.16%] |    3182 [  0.13%] |   16 [  0.88%] |   0 [  0.00%] |    0 [  0.00%] |
|    s2mm_c2          |    2037 [  0.17%] |    918 [  0.16%] |    3176 [  0.13%] |   16 [  0.88%] |   0 [  0.00%] |    0 [  0.00%] |
+---------------------+-------------------+------------------+-------------------+----------------+---------------+----------------+


