Copyright 1986-2021 Xilinx, Inc. All Rights Reserved.
---------------------------------------------------------------------------------------------------------------------------------------------------------------------------------------------------------------------------------------------------------------------------------------------------------------------------------------------------------------------------------------------------------------------------------------------------------------------------------------------------------------------------------------------------------------------------------------------------------------------------------------------------------------------------------------------------------------------------------------------------------------------------------------------------------------------------------------------------------------------------------------------------------------------------------------------------------------------------------------------------------------------------------------------------------------------------------------------------------------------------------------------------------------------------------------------------------------------------------------------------------------------------------------------------------------------------------------------------------------------------------------------------------------------------------------------------------------------------------------------------------------------------------------------------------------------------------------
| Tool Version : Vivado v.2021.1_AR76780 (lin64) Build 3247384 Thu Jun 10 19:36:07 MDT 2021
| Date         : Sat Sep 12 21:16:42 2026
| Host         : coroni running 64-bit Ubuntu 18.04.6 LTS
| Command      : report_accelerator_utilization -kernels { krnl_gemv_sparse:pfm_top_i/dynamic_region/gemv/inst:gemv krnl_mm2s:pfm_top_i/dynamic_region/mm2s_a0/inst:mm2s_a0 krnl_mm2s:pfm_top_i/dynamic_region/mm2s_a1/inst:mm2s_a1 krnl_mm2s:pfm_top_i/dynamic_region/mm2s_i0/inst:mm2s_i0 krnl_mm2s:pfm_top_i/dynamic_region/mm2s_i1/inst:mm2s_i1 krnl_mm2s:pfm_top_i/dynamic_region/mm2s_i2/inst:mm2s_i2 krnl_mm2s:pfm_top_i/dynamic_region/mm2s_i3/inst:mm2s_i3 krnl_mm2s:pfm_top_i/dynamic_region/mm2s_w0/inst:mm2s_w0 krnl_mm2s:pfm_top_i/dynamic_region/mm2s_w1/inst:mm2s_w1 krnl_mm2s:pfm_top_i/dynamic_region/mm2s_w10/inst:mm2s_w10 krnl_mm2s:pfm_top_i/dynamic_region/mm2s_w11/inst:mm2s_w11 krnl_mm2s:pfm_top_i/dynamic_region/mm2s_w2/inst:mm2s_w2 krnl_mm2s:pfm_top_i/dynamic_region/mm2s_w3/inst:mm2s_w3 krnl_mm2s:pfm_top_i/dynamic_region/mm2s_w4/inst:mm2s_w4 krnl_mm2s:pfm_top_i/dynamic_region/mm2s_w5/inst:mm2s_w5 krnl_mm2s:pfm_top_i/dynamic_region/mm2s_w6/inst:mm2s_w6 krnl_mm2s:pfm_top_i/dynamic_region/mm2s_w7/inst:mm2s_w7 krnl_mm2s:pfm_top_i/dynamic_region/mm2s_w8/inst:mm2s_w8 krnl_mm2s:pfm_top_i/dynamic_region/mm2s_w9/inst:mm2s_w9 krnl_s2mm:pfm_top_i/dynamic_region/s2mm_c0/inst:s2mm_c0 krnl_s2mm:pfm_top_i/dynamic_region/s2mm_c1/inst:s2mm_c1 krnl_s2mm:pfm_top_i/dynamic_region/s2mm_c2/inst:s2mm_c2 krnl_s2mm:pfm_top_i/dynamic_region/s2mm_c3/inst:s2mm_c3 krnl_s2mm:pfm_top_i/dynamic_region/s2mm_c4/inst:s2mm_c4 krnl_s2mm:pfm_top_i/dynamic_region/s2mm_c5/inst:s2mm_c5} -file kernel_util_synthed.rpt -name kernel_util_synthed -json
| Design       : pfm_top_wrapper
| Device       : xcu280
| Design State : Synthesized
---------------------------------------------------------------------------------------------------------------------------------------------------------------------------------------------------------------------------------------------------------------------------------------------------------------------------------------------------------------------------------------------------------------------------------------------------------------------------------------------------------------------------------------------------------------------------------------------------------------------------------------------------------------------------------------------------------------------------------------------------------------------------------------------------------------------------------------------------------------------------------------------------------------------------------------------------------------------------------------------------------------------------------------------------------------------------------------------------------------------------------------------------------------------------------------------------------------------------------------------------------------------------------------------------------------------------------------------------------------------------------------------------------------------------------------------------------------------------------------------------------------------------------------------------------------------------------------

Accelerator Utilization Design Information

Table of Contents
-----------------
1. System Utilization

1. System Utilization
---------------------

+---------------------+-------------------+------------------+-------------------+----------------+---------------+----------------+
| Name                | LUT               | LUTAsMem         | REG               | BRAM           | URAM          | DSP            |
+---------------------+-------------------+------------------+-------------------+----------------+---------------+----------------+
| Platform            |  157400 [ 12.08%] |  22402 [  3.73%] |  225868 [  8.66%] |  204 [ 10.12%] |   0 [  0.00%] |    4 [  0.04%] |
| User Budget         | 1145320 [100.00%] | 578078 [100.00%] | 2381492 [100.00%] | 1812 [100.00%] | 960 [100.00%] | 9020 [100.00%] |
|    Used Resources   |  140933 [ 12.31%] |  20706 [  3.58%] |  200731 [  8.43%] |  452 [ 24.94%] |   0 [  0.00%] |  768 [  8.51%] |
|    Unused Resources | 1004387 [ 87.69%] | 557372 [ 96.42%] | 2180761 [ 91.57%] | 1360 [ 75.06%] | 960 [100.00%] | 8252 [ 91.49%] |
| krnl_gemv_sparse    |  100391 [  8.77%] |  10176 [  1.76%] |  128863 [  5.41%] |  104 [  5.74%] |   0 [  0.00%] |  768 [  8.51%] |
|    gemv             |  100391 [  8.77%] |  10176 [  1.76%] |  128863 [  5.41%] |  104 [  5.74%] |   0 [  0.00%] |  768 [  8.51%] |
| krnl_mm2s           |   28026 [  2.45%] |   4914 [  0.85%] |   52416 [  2.20%] |  252 [ 13.91%] |   0 [  0.00%] |    0 [  0.00%] |
|    mm2s_a0          |    1557 [  0.14%] |    273 [  0.05%] |    2912 [  0.12%] |   14 [  0.77%] |   0 [  0.00%] |    0 [  0.00%] |
|    mm2s_a1          |    1557 [  0.14%] |    273 [  0.05%] |    2912 [  0.12%] |   14 [  0.77%] |   0 [  0.00%] |    0 [  0.00%] |
|    mm2s_i0          |    1557 [  0.14%] |    273 [  0.05%] |    2912 [  0.12%] |   14 [  0.77%] |   0 [  0.00%] |    0 [  0.00%] |
|    mm2s_i1          |    1557 [  0.14%] |    273 [  0.05%] |    2912 [  0.12%] |   14 [  0.77%] |   0 [  0.00%] |    0 [  0.00%] |
|    mm2s_i2          |    1557 [  0.14%] |    273 [  0.05%] |    2912 [  0.12%] |   14 [  0.77%] |   0 [  0.00%] |    0 [  0.00%] |
|    mm2s_i3          |    1557 [  0.14%] |    273 [  0.05%] |    2912 [  0.12%] |   14 [  0.77%] |   0 [  0.00%] |    0 [  0.00%] |
|    mm2s_w0          |    1557 [  0.14%] |    273 [  0.05%] |    2912 [  0.12%] |   14 [  0.77%] |   0 [  0.00%] |    0 [  0.00%] |
|    mm2s_w1          |    1557 [  0.14%] |    273 [  0.05%] |    2912 [  0.12%] |   14 [  0.77%] |   0 [  0.00%] |    0 [  0.00%] |
|    mm2s_w10         |    1557 [  0.14%] |    273 [  0.05%] |    2912 [  0.12%] |   14 [  0.77%] |   0 [  0.00%] |    0 [  0.00%] |
|    mm2s_w11         |    1557 [  0.14%] |    273 [  0.05%] |    2912 [  0.12%] |   14 [  0.77%] |   0 [  0.00%] |    0 [  0.00%] |
|    mm2s_w2          |    1557 [  0.14%] |    273 [  0.05%] |    2912 [  0.12%] |   14 [  0.77%] |   0 [  0.00%] |    0 [  0.00%] |
|    mm2s_w3          |    1557 [  0.14%] |    273 [  0.05%] |    2912 [  0.12%] |   14 [  0.77%] |   0 [  0.00%] |    0 [  0.00%] |
|    mm2s_w4          |    1557 [  0.14%] |    273 [  0.05%] |    2912 [  0.12%] |   14 [  0.77%] |   0 [  0.00%] |    0 [  0.00%] |
|    mm2s_w5          |    1557 [  0.14%] |    273 [  0.05%] |    2912 [  0.12%] |   14 [  0.77%] |   0 [  0.00%] |    0 [  0.00%] |
|    mm2s_w6          |    1557 [  0.14%] |    273 [  0.05%] |    2912 [  0.12%] |   14 [  0.77%] |   0 [  0.00%] |    0 [  0.00%] |
|    mm2s_w7          |    1557 [  0.14%] |    273 [  0.05%] |    2912 [  0.12%] |   14 [  0.77%] |   0 [  0.00%] |    0 [  0.00%] |
|    mm2s_w8          |    1557 [  0.14%] |    273 [  0.05%] |    2912 [  0.12%] |   14 [  0.77%] |   0 [  0.00%] |    0 [  0.00%] |
|    mm2s_w9          |    1557 [  0.14%] |    273 [  0.05%] |    2912 [  0.12%] |   14 [  0.77%] |   0 [  0.00%] |    0 [  0.00%] |
| krnl_s2mm           |   12516 [  1.09%] |   5616 [  0.97%] |   19452 [  0.82%] |   96 [  5.30%] |   0 [  0.00%] |    0 [  0.00%] |
|    s2mm_c0          |    2086 [  0.18%] |    936 [  0.16%] |    3242 [  0.14%] |   16 [  0.88%] |   0 [  0.00%] |    0 [  0.00%] |
|    s2mm_c1          |    2086 [  0.18%] |    936 [  0.16%] |    3242 [  0.14%] |   16 [  0.88%] |   0 [  0.00%] |    0 [  0.00%] |
|    s2mm_c2          |    2086 [  0.18%] |    936 [  0.16%] |    3242 [  0.14%] |   16 [  0.88%] |   0 [  0.00%] |    0 [  0.00%] |
|    s2mm_c3          |    2086 [  0.18%] |    936 [  0.16%] |    3242 [  0.14%] |   16 [  0.88%] |   0 [  0.00%] |    0 [  0.00%] |
|    s2mm_c4          |    2086 [  0.18%] |    936 [  0.16%] |    3242 [  0.14%] |   16 [  0.88%] |   0 [  0.00%] |    0 [  0.00%] |
|    s2mm_c5          |    2086 [  0.18%] |    936 [  0.16%] |    3242 [  0.14%] |   16 [  0.88%] |   0 [  0.00%] |    0 [  0.00%] |
+---------------------+-------------------+------------------+-------------------+----------------+---------------+----------------+


