Copyright 1986-2021 Xilinx, Inc. All Rights Reserved.
--------------------------------------------------------------------------------------------
| Tool Version : Vivado v.2021.1_AR76780 (lin64) Build 3247384 Thu Jun 10 19:36:07 MDT 2021
| Date         : Fri Sep 11 22:06:34 2026
| Host         : coroni running 64-bit Ubuntu 18.04.6 LTS
| Command      : report_utilization -slr -file slr_util_routed.rpt -pb slr_util_routed.pb
| Design       : pfm_top_wrapper
| Device       : xcu280fsvh2892-2L
| Design State : Routed
--------------------------------------------------------------------------------------------

Utilization Design Information

Table of Contents
-----------------
1. SLR Connectivity
2. SLR Connectivity Matrix
3. SLR CLB Logic and Dedicated Block Utilization
4. SLR IO Utilization

1. SLR Connectivity
-------------------

+----------------------------------+------+-------+-----------+-------+
|                                  | Used | Fixed | Available | Util% |
+----------------------------------+------+-------+-----------+-------+
| SLR2 <-> SLR1                    | 3973 |       |     23040 | 17.24 |
|   SLR1 -> SLR2                   | 2099 |       |           |  9.11 |
|     Using TX_REG only            |  267 |     1 |           |       |
|     Using RX_REG only            |  284 |    18 |           |       |
|     Using Both TX_REG and RX_REG |  267 |     1 |           |       |
|   SLR2 -> SLR1                   | 1874 |       |           |  8.13 |
|     Using TX_REG only            |  407 |     0 |           |       |
|     Using RX_REG only            |  412 |     4 |           |       |
|     Using Both TX_REG and RX_REG |  407 |     0 |           |       |
| SLR1 <-> SLR0                    | 2539 |       |     23040 | 11.02 |
|   SLR0 -> SLR1                   | 1147 |       |           |  4.98 |
|     Using TX_REG only            |  357 |    71 |           |       |
|     Using RX_REG only            |  347 |    61 |           |       |
|     Using Both TX_REG and RX_REG |  341 |    55 |           |       |
|   SLR1 -> SLR0                   | 1392 |       |           |  6.04 |
|     Using TX_REG only            |  437 |    62 |           |       |
|     Using RX_REG only            |  447 |    71 |           |       |
|     Using Both TX_REG and RX_REG |  435 |    60 |           |       |
+----------------------------------+------+-------+-----------+-------+
| Total SLLs Used                  | 6512 |       |           |       |
+----------------------------------+------+-------+-----------+-------+


2. SLR Connectivity Matrix
--------------------------

+-----------+------+------+------+
| FROM \ TO | SLR2 | SLR1 | SLR0 |
+-----------+------+------+------+
| SLR2      |    0 | 1874 |    0 |
| SLR1      | 1979 |    0 | 1392 |
| SLR0      |  120 | 1027 |    0 |
+-----------+------+------+------+


3. SLR CLB Logic and Dedicated Block Utilization
------------------------------------------------

+----------------------------+--------+-------+-------+--------+--------+--------+
|          Site Type         |  SLR0  |  SLR1 |  SLR2 | SLR0 % | SLR1 % | SLR2 % |
+----------------------------+--------+-------+-------+--------+--------+--------+
| CLB                        |  25432 |  7081 |  8720 |  46.27 |  13.11 |  16.15 |
|   CLBL                     |  13169 |  3636 |  4587 |  44.98 |  12.42 |  15.67 |
|   CLBM                     |  12263 |  3445 |  4133 |  47.75 |  13.94 |  16.72 |
| CLB LUTs                   | 111113 | 47670 | 35355 |  25.27 |  11.03 |   8.18 |
|   LUT as Logic             |  94127 | 43700 | 32317 |  21.41 |  10.12 |   7.48 |
|     using O5 output only   |   2227 |   289 |  1007 |   0.51 |   0.07 |   0.23 |
|     using O6 output only   |  64893 | 34246 | 19488 |  14.76 |   7.93 |   4.51 |
|     using O5 and O6        |  27007 |  9165 | 11822 |   6.14 |   2.12 |   2.74 |
|   LUT as Memory            |  16986 |  3970 |  3038 |   8.27 |   2.01 |   1.54 |
|     LUT as Distributed RAM |   5328 |  3837 |  1660 |   2.59 |   1.94 |   0.84 |
|       using O5 output only |      0 |     0 |     0 |   0.00 |   0.00 |   0.00 |
|       using O6 output only |     80 |   215 |    84 |   0.04 |   0.11 |   0.04 |
|       using O5 and O6      |   5248 |  3622 |  1576 |   2.55 |   1.83 |   0.80 |
|     LUT as Shift Register  |  11658 |   133 |  1378 |   5.67 |   0.07 |   0.70 |
|       using O5 output only |      2 |     0 |     0 |  <0.01 |   0.00 |   0.00 |
|       using O6 output only |  10021 |   133 |  1248 |   4.88 |   0.07 |   0.63 |
|       using O5 and O6      |   1635 |     0 |   130 |   0.80 |   0.00 |   0.07 |
| CLB Registers              | 179336 | 46374 | 60932 |  20.39 |   5.37 |   7.05 |
| CARRY8                     |   3237 |   473 |   313 |   5.89 |   0.88 |   0.58 |
| F7 Muxes                   |   8628 |   651 |  1054 |   3.92 |   0.30 |   0.49 |
| F8 Muxes                   |     16 |   141 |    47 |   0.01 |   0.13 |   0.04 |
| F9 Muxes                   |      0 |     0 |     0 |   0.00 |   0.00 |   0.00 |
| Block RAM Tile             |  280.5 |  80.5 |    94 |  41.74 |  11.98 |  13.99 |
|   RAMB36/FIFO              |    274 |    80 |    92 |  40.77 |  11.90 |  13.69 |
|     RAMB36E2 only          |    266 |    80 |    92 |  39.58 |  11.90 |  13.69 |
|   RAMB18                   |     13 |     1 |     4 |   0.97 |   0.07 |   0.30 |
|     RAMB18E2 only          |     13 |     1 |     4 |   0.97 |   0.07 |   0.30 |
| URAM                       |      0 |     0 |     0 |   0.00 |   0.00 |   0.00 |
| DSPs                       |    384 |     0 |     4 |  13.33 |   0.00 |   0.13 |
| PLL                        |      0 |     0 |     0 |   0.00 |   0.00 |   0.00 |
| MMCM                       |      0 |     0 |     0 |   0.00 |   0.00 |   0.00 |
| Unique Control Sets        |   5850 |  1505 |  2726 |   5.32 |   1.39 |   2.52 |
+----------------------------+--------+-------+-------+--------+--------+--------+
* Note: Available Control Sets based on CLB Registers / 8


4. SLR IO Utilization
---------------------

+-----------+-----------+---------+------------+----------+------------+----------+-----+
| SLR Index | Used IOBs | (%)IOBs | Used IPADs | (%)IPADs | Used OPADs | (%)OPADs | GTs |
+-----------+-----------+---------+------------+----------+------------+----------+-----+
| SLR2      |        18 |    8.65 |          0 |     0.00 |          0 |     0.00 |   0 |
| SLR1      |         0 |    0.00 |          0 |     0.00 |          0 |     0.00 |   0 |
| SLR0      |         1 |    0.48 |          0 |     0.00 |          0 |     0.00 |  16 |
+-----------+-----------+---------+------------+----------+------------+----------+-----+
| Total     |        19 |         |          0 |          |          0 |          |  16 |
+-----------+-----------+---------+------------+----------+------------+----------+-----+


