Copyright 1986-2021 Xilinx, Inc. All Rights Reserved.
--------------------------------------------------------------------------------------------
| Tool Version : Vivado v.2021.1_AR76780 (lin64) Build 3247384 Thu Jun 10 19:36:07 MDT 2021
| Date         : Thu Sep 10 22:25:04 2026
| Host         : coroni running 64-bit Ubuntu 18.04.6 LTS
| Command      : report_utilization -slr -file slr_util_placed.rpt -pb slr_util_placed.pb
| Design       : pfm_top_wrapper
| Device       : xcu280fsvh2892-2L
| Design State : Fully Placed
--------------------------------------------------------------------------------------------

Utilization Design Information

Table of Contents
-----------------
1. SLR Connectivity
2. SLR Connectivity Matrix
3. SLR CLB Logic and Dedicated Block Utilization
4. SLR IO Utilization

1. SLR Connectivity
-------------------

+----------------------------------+------+-------+-----------+-------+
|                                  | Used | Fixed | Available | Util% |
+----------------------------------+------+-------+-----------+-------+
| SLR2 <-> SLR1                    | 3958 |       |     23040 | 17.18 |
|   SLR1 -> SLR2                   | 2091 |       |           |  9.08 |
|     Using TX_REG only            |    1 |     1 |           |       |
|     Using RX_REG only            |   18 |    18 |           |       |
|     Using Both TX_REG and RX_REG |  267 |     1 |           |       |
|   SLR2 -> SLR1                   | 1867 |       |           |  8.10 |
|     Using TX_REG only            |    0 |     0 |           |       |
|     Using RX_REG only            |    4 |     4 |           |       |
|     Using Both TX_REG and RX_REG |  407 |     0 |           |       |
| SLR1 <-> SLR0                    | 4043 |       |     23040 | 17.55 |
|   SLR0 -> SLR1                   | 2390 |       |           | 10.37 |
|     Using TX_REG only            |   71 |    71 |           |       |
|     Using RX_REG only            |   61 |    61 |           |       |
|     Using Both TX_REG and RX_REG |  321 |    55 |           |       |
|   SLR1 -> SLR0                   | 1653 |       |           |  7.17 |
|     Using TX_REG only            |   62 |    62 |           |       |
|     Using RX_REG only            |   72 |    71 |           |       |
|     Using Both TX_REG and RX_REG |  435 |    60 |           |       |
+----------------------------------+------+-------+-----------+-------+
| Total SLLs Used                  | 8001 |       |           |       |
+----------------------------------+------+-------+-----------+-------+


2. SLR Connectivity Matrix
--------------------------

+-----------+------+------+------+
| FROM \ TO | SLR2 | SLR1 | SLR0 |
+-----------+------+------+------+
| SLR2      |    0 | 1844 |   23 |
| SLR1      | 1978 |    0 | 1630 |
| SLR0      |  113 | 2277 |    0 |
+-----------+------+------+------+


3. SLR CLB Logic and Dedicated Block Utilization
------------------------------------------------

+----------------------------+-------+-------+-------+--------+--------+--------+
|          Site Type         |  SLR0 |  SLR1 |  SLR2 | SLR0 % | SLR1 % | SLR2 % |
+----------------------------+-------+-------+-------+--------+--------+--------+
| CLB                        | 11404 | 11357 |  8998 |  20.75 |  21.03 |  16.66 |
|   CLBL                     |  5635 |  5951 |  4664 |  19.25 |  20.32 |  15.93 |
|   CLBM                     |  5769 |  5406 |  4334 |  22.46 |  21.87 |  17.53 |
| CLB LUTs                   | 35506 | 65672 | 35372 |   8.08 |  15.20 |   8.19 |
|   LUT as Logic             | 28732 | 60261 | 32334 |   6.53 |  13.95 |   7.48 |
|     using O5 output only   |   834 |   579 |  1008 |   0.19 |   0.13 |   0.23 |
|     using O6 output only   | 18706 | 46630 | 19515 |   4.25 |  10.79 |   4.52 |
|     using O5 and O6        |  9192 | 13052 | 11811 |   2.09 |   3.02 |   2.73 |
|   LUT as Memory            |  6774 |  5411 |  3038 |   3.30 |   2.74 |   1.54 |
|     LUT as Distributed RAM |  2728 |  3837 |  1660 |   1.33 |   1.94 |   0.84 |
|       using O5 output only |     0 |     0 |     0 |   0.00 |   0.00 |   0.00 |
|       using O6 output only |    80 |   215 |    84 |   0.04 |   0.11 |   0.04 |
|       using O5 and O6      |  2648 |  3622 |  1576 |   1.29 |   1.83 |   0.80 |
|     LUT as Shift Register  |  4046 |  1574 |  1378 |   1.97 |   0.80 |   0.70 |
|       using O5 output only |     0 |     0 |     0 |   0.00 |   0.00 |   0.00 |
|       using O6 output only |  3180 |  1318 |  1248 |   1.55 |   0.67 |   0.63 |
|       using O5 and O6      |   866 |   256 |   130 |   0.42 |   0.13 |   0.07 |
| CLB Registers              | 71659 | 68835 | 60933 |   8.15 |   7.97 |   7.05 |
| CARRY8                     |   672 |  1194 |   313 |   1.22 |   2.21 |   0.58 |
| F7 Muxes                   |  1257 |  2699 |  1054 |   0.57 |   1.25 |   0.49 |
| F8 Muxes                   |    16 |   141 |    47 |   0.01 |   0.13 |   0.04 |
| F9 Muxes                   |     0 |     0 |     0 |   0.00 |   0.00 |   0.00 |
| Block RAM Tile             |   114 | 111.5 |    94 |  16.96 |  16.59 |  13.99 |
|   RAMB36/FIFO              |   110 |   111 |    92 |  16.37 |  16.52 |  13.69 |
|     RAMB36E2 only          |   110 |   103 |    92 |  16.37 |  15.33 |  13.69 |
|   RAMB18                   |     8 |     1 |     4 |   0.60 |   0.07 |   0.30 |
|     RAMB18E2 only          |     8 |     1 |     4 |   0.60 |   0.07 |   0.30 |
| URAM                       |     0 |     0 |     0 |   0.00 |   0.00 |   0.00 |
| DSPs                       |     0 |   128 |     4 |   0.00 |   4.17 |   0.13 |
| PLL                        |     0 |     0 |     0 |   0.00 |   0.00 |   0.00 |
| MMCM                       |     0 |     0 |     0 |   0.00 |   0.00 |   0.00 |
| Unique Control Sets        |  2432 |  2243 |  2724 |   2.21 |   2.08 |   2.52 |
+----------------------------+-------+-------+-------+--------+--------+--------+
* Note: Available Control Sets based on CLB Registers / 8


4. SLR IO Utilization
---------------------

+-----------+-----------+---------+------------+----------+------------+----------+-----+
| SLR Index | Used IOBs | (%)IOBs | Used IPADs | (%)IPADs | Used OPADs | (%)OPADs | GTs |
+-----------+-----------+---------+------------+----------+------------+----------+-----+
| SLR2      |        18 |    8.65 |          0 |     0.00 |          0 |     0.00 |   0 |
| SLR1      |         0 |    0.00 |          0 |     0.00 |          0 |     0.00 |   0 |
| SLR0      |         1 |    0.48 |          0 |     0.00 |          0 |     0.00 |  16 |
+-----------+-----------+---------+------------+----------+------------+----------+-----+
| Total     |        19 |         |          0 |          |          0 |          |  16 |
+-----------+-----------+---------+------------+----------+------------+----------+-----+


