Copyright 1986-2021 Xilinx, Inc. All Rights Reserved.
--------------------------------------------------------------------------------------------
| Tool Version : Vivado v.2021.1_AR76780 (lin64) Build 3247384 Thu Jun 10 19:36:07 MDT 2021
| Date         : Sat Sep 12 22:26:45 2026
| Host         : coroni running 64-bit Ubuntu 18.04.6 LTS
| Command      : report_utilization -slr -file slr_util_placed.rpt -pb slr_util_placed.pb
| Design       : pfm_top_wrapper
| Device       : xcu280fsvh2892-2L
| Design State : Fully Placed
--------------------------------------------------------------------------------------------

Utilization Design Information

Table of Contents
-----------------
1. SLR Connectivity
2. SLR Connectivity Matrix
3. SLR CLB Logic and Dedicated Block Utilization
4. SLR IO Utilization

1. SLR Connectivity
-------------------

+----------------------------------+-------+-------+-----------+-------+
|                                  |  Used | Fixed | Available | Util% |
+----------------------------------+-------+-------+-----------+-------+
| SLR2 <-> SLR1                    |  3992 |       |     23040 | 17.33 |
|   SLR1 -> SLR2                   |  2117 |       |           |  9.19 |
|     Using TX_REG only            |     1 |     1 |           |       |
|     Using RX_REG only            |    18 |    18 |           |       |
|     Using Both TX_REG and RX_REG |   267 |     1 |           |       |
|   SLR2 -> SLR1                   |  1875 |       |           |  8.14 |
|     Using TX_REG only            |     0 |     0 |           |       |
|     Using RX_REG only            |     4 |     4 |           |       |
|     Using Both TX_REG and RX_REG |   407 |     0 |           |       |
| SLR1 <-> SLR0                    |  8757 |       |     23040 | 38.01 |
|   SLR0 -> SLR1                   |  5800 |       |           | 25.17 |
|     Using TX_REG only            |    71 |    71 |           |       |
|     Using RX_REG only            |    61 |    61 |           |       |
|     Using Both TX_REG and RX_REG |   340 |    55 |           |       |
|   SLR1 -> SLR0                   |  2957 |       |           | 12.83 |
|     Using TX_REG only            |    62 |    62 |           |       |
|     Using RX_REG only            |    72 |    71 |           |       |
|     Using Both TX_REG and RX_REG |   435 |    60 |           |       |
+----------------------------------+-------+-------+-----------+-------+
| Total SLLs Used                  | 12749 |       |           |       |
+----------------------------------+-------+-------+-----------+-------+


2. SLR Connectivity Matrix
--------------------------

+-----------+------+------+------+
| FROM \ TO | SLR2 | SLR1 | SLR0 |
+-----------+------+------+------+
| SLR2      |    0 | 1851 |   24 |
| SLR1      | 1960 |    0 | 2933 |
| SLR0      |  157 | 5643 |    0 |
+-----------+------+------+------+


3. SLR CLB Logic and Dedicated Block Utilization
------------------------------------------------

+----------------------------+--------+--------+-------+--------+--------+--------+
|          Site Type         |  SLR0  |  SLR1  |  SLR2 | SLR0 % | SLR1 % | SLR2 % |
+----------------------------+--------+--------+-------+--------+--------+--------+
| CLB                        |  25784 |  26853 |  8085 |  46.91 |  49.73 |  14.97 |
|   CLBL                     |  13307 |  14064 |  4235 |  45.45 |  48.03 |  14.46 |
|   CLBM                     |  12477 |  12789 |  3850 |  48.59 |  51.74 |  15.57 |
| CLB LUTs                   |  90464 | 142601 | 35353 |  20.57 |  33.01 |   8.18 |
|   LUT as Logic             |  68626 | 129993 | 32313 |  15.61 |  30.09 |   7.48 |
|     using O5 output only   |   2209 |   1966 |   999 |   0.50 |   0.46 |   0.23 |
|     using O6 output only   |  41302 |  97037 | 19500 |   9.39 |  22.46 |   4.51 |
|     using O5 and O6        |  25115 |  30990 | 11814 |   5.71 |   7.17 |   2.73 |
|   LUT as Memory            |  21838 |  12608 |  3040 |  10.63 |   6.38 |   1.54 |
|     LUT as Distributed RAM |   9416 |   3837 |  1660 |   4.58 |   1.94 |   0.84 |
|       using O5 output only |      0 |      0 |     0 |   0.00 |   0.00 |   0.00 |
|       using O6 output only |     80 |    215 |    84 |   0.04 |   0.11 |   0.04 |
|       using O5 and O6      |   9336 |   3622 |  1576 |   4.54 |   1.83 |   0.80 |
|     LUT as Shift Register  |  12422 |   8771 |  1380 |   6.05 |   4.44 |   0.70 |
|       using O5 output only |      0 |      0 |     0 |   0.00 |   0.00 |   0.00 |
|       using O6 output only |  11556 |   7232 |  1250 |   5.63 |   3.66 |   0.63 |
|       using O5 and O6      |    866 |   1539 |   130 |   0.42 |   0.78 |   0.07 |
| CLB Registers              | 174255 | 172795 | 60952 |  19.82 |  20.00 |   7.05 |
| CARRY8                     |   1713 |   4799 |   313 |   3.12 |   8.89 |   0.58 |
| F7 Muxes                   |   4370 |  12939 |  1054 |   1.99 |   5.99 |   0.49 |
| F8 Muxes                   |     16 |    141 |    47 |   0.01 |   0.13 |   0.04 |
| F9 Muxes                   |      0 |      0 |     0 |   0.00 |   0.00 |   0.00 |
| Block RAM Tile             |  384.5 |  183.5 |    94 |  57.22 |  27.31 |  13.99 |
|   RAMB36/FIFO              |    374 |    183 |    92 |  55.65 |  27.23 |  13.69 |
|     RAMB36E2 only          |    374 |    175 |    92 |  55.65 |  26.04 |  13.69 |
|   RAMB18                   |     21 |      1 |     4 |   1.56 |   0.07 |   0.30 |
|     RAMB18E2 only          |     21 |      1 |     4 |   1.56 |   0.07 |   0.30 |
| URAM                       |      0 |      0 |     0 |   0.00 |   0.00 |   0.00 |
| DSPs                       |      0 |    768 |     4 |   0.00 |  25.00 |   0.13 |
| PLL                        |      0 |      0 |     0 |   0.00 |   0.00 |   0.00 |
| MMCM                       |      0 |      0 |     0 |   0.00 |   0.00 |   0.00 |
| Unique Control Sets        |   5860 |   5518 |  2727 |   5.33 |   5.11 |   2.53 |
+----------------------------+--------+--------+-------+--------+--------+--------+
* Note: Available Control Sets based on CLB Registers / 8


4. SLR IO Utilization
---------------------

+-----------+-----------+---------+------------+----------+------------+----------+-----+
| SLR Index | Used IOBs | (%)IOBs | Used IPADs | (%)IPADs | Used OPADs | (%)OPADs | GTs |
+-----------+-----------+---------+------------+----------+------------+----------+-----+
| SLR2      |        18 |    8.65 |          0 |     0.00 |          0 |     0.00 |   0 |
| SLR1      |         0 |    0.00 |          0 |     0.00 |          0 |     0.00 |   0 |
| SLR0      |         1 |    0.48 |          0 |     0.00 |          0 |     0.00 |  16 |
+-----------+-----------+---------+------------+----------+------------+----------+-----+
| Total     |        19 |         |          0 |          |          0 |          |  16 |
+-----------+-----------+---------+------------+----------+------------+----------+-----+


