Copyright 1986-2021 Xilinx, Inc. All Rights Reserved.
--------------------------------------------------------------------------------------------
| Tool Version : Vivado v.2021.1_AR76780 (lin64) Build 3247384 Thu Jun 10 19:36:07 MDT 2021
| Date         : Sat Sep 12 22:27:52 2026
| Host         : coroni running 64-bit Ubuntu 18.04.6 LTS
| Command      : report_utilization -file full_util_placed.rpt -pb full_util_placed.pb
| Design       : pfm_top_wrapper
| Device       : xcu280fsvh2892-2L
| Design State : Fully Placed
--------------------------------------------------------------------------------------------

Utilization Design Information

Table of Contents
-----------------
1. CLB Logic
1.1 Summary of Registers by Type
2. CLB Logic Distribution
3. BLOCKRAM
4. ARITHMETIC
5. I/O
6. CLOCK
7. ADVANCED
8. CONFIGURATION
9. Primitives
10. Black Boxes
11. Instantiated Netlists
12. SLR Connectivity
13. SLR Connectivity Matrix
14. SLR CLB Logic and Dedicated Block Utilization
15. SLR IO Utilization

1. CLB Logic
------------

+----------------------------+--------+--------+------------+-----------+-------+
|          Site Type         |  Used  |  Fixed | Prohibited | Available | Util% |
+----------------------------+--------+--------+------------+-----------+-------+
| CLB LUTs                   | 268418 |  93280 |        960 |   1302720 | 20.60 |
|   LUT as Logic             | 230932 |  86419 |        960 |   1302720 | 17.73 |
|   LUT as Memory            |  37486 |   6861 |        480 |    600480 |  6.24 |
|     LUT as Distributed RAM |  14913 |   5173 |            |           |       |
|     LUT as Shift Register  |  22573 |   1688 |            |           |       |
| CLB Registers              | 408002 | 128746 |          0 |   2607360 | 15.65 |
|   Register as Flip Flop    | 408000 | 128744 |          0 |   2607360 | 15.65 |
|   Register as Latch        |      0 |      0 |          0 |   2607360 |  0.00 |
|   Register as AND/OR       |      2 |      2 |          0 |   2607360 | <0.01 |
| CARRY8                     |   6825 |   1069 |        120 |    162840 |  4.19 |
| F7 Muxes                   |  18363 |   1495 |        480 |    651360 |  2.82 |
| F8 Muxes                   |    204 |    204 |        240 |    325680 |  0.06 |
| F9 Muxes                   |      0 |      0 |        120 |    162840 |  0.00 |
+----------------------------+--------+--------+------------+-----------+-------+


1.1 Summary of Registers by Type
--------------------------------

+--------+--------------+-------------+--------------+
|  Total | Clock Enable | Synchronous | Asynchronous |
+--------+--------------+-------------+--------------+
| 2      |            _ |           - |            - |
| 0      |            _ |           - |          Set |
| 0      |            _ |           - |        Reset |
| 0      |            _ |         Set |            - |
| 0      |            _ |       Reset |            - |
| 0      |          Yes |           - |            - |
| 1028   |          Yes |           - |          Set |
| 4653   |          Yes |           - |        Reset |
| 4807   |          Yes |         Set |            - |
| 397512 |          Yes |       Reset |            - |
+--------+--------------+-------------+--------------+


2. CLB Logic Distribution
-------------------------

+--------------------------------------------+--------+-------+------------+-----------+-------+
|                  Site Type                 |  Used  | Fixed | Prohibited | Available | Util% |
+--------------------------------------------+--------+-------+------------+-----------+-------+
| CLB                                        |  60722 |     0 |        120 |    162840 | 37.29 |
|   CLBL                                     |  31606 |     0 |            |           |       |
|   CLBM                                     |  29116 |     0 |            |           |       |
| LUT as Logic                               | 230932 | 86419 |        960 |   1302720 | 17.73 |
|   using O5 output only                     |   5174 |       |            |           |       |
|   using O6 output only                     | 157839 |       |            |           |       |
|   using O5 and O6                          |  67919 |       |            |           |       |
| LUT as Memory                              |  37486 |  6861 |        480 |    600480 |  6.24 |
|   LUT as Distributed RAM                   |  14913 |  5173 |            |           |       |
|     using O5 output only                   |      0 |       |            |           |       |
|     using O6 output only                   |    379 |       |            |           |       |
|     using O5 and O6                        |  14534 |       |            |           |       |
|   LUT as Shift Register                    |  22573 |  1688 |            |           |       |
|     using O5 output only                   |      0 |       |            |           |       |
|     using O6 output only                   |  20038 |       |            |           |       |
|     using O5 and O6                        |   2535 |       |            |           |       |
| CLB Registers                              | 408002 |     0 |          0 |   2607360 | 15.65 |
|   Register driven from within the CLB      | 197902 |       |            |           |       |
|   Register driven from outside the CLB     | 210100 |       |            |           |       |
|     LUT in front of the register is unused | 149952 |       |            |           |       |
|     LUT in front of the register is used   |  60148 |       |            |           |       |
| Unique Control Sets                        |  14077 |       |        240 |    325680 |  4.32 |
+--------------------------------------------+--------+-------+------------+-----------+-------+
* * Note: Available Control Sets calculated as Slices * 2, Review the Control Sets Report for more information regarding control sets.


3. BLOCKRAM
-----------

+-------------------+------+-------+------------+-----------+-------+
|     Site Type     | Used | Fixed | Prohibited | Available | Util% |
+-------------------+------+-------+------------+-----------+-------+
| Block RAM Tile    |  662 |     0 |          0 |      2016 | 32.84 |
|   RAMB36/FIFO*    |  649 |   196 |          0 |      2016 | 32.19 |
|     FIFO36E2 only |    8 |       |            |           |       |
|     RAMB36E2 only |  641 |       |            |           |       |
|   RAMB18          |   26 |     8 |          0 |      4032 |  0.64 |
|     RAMB18E2 only |   26 |       |            |           |       |
| URAM              |    0 |     0 |          0 |       960 |  0.00 |
+-------------------+------+-------+------------+-----------+-------+
* Note: Each Block RAM Tile only has one FIFO logic available and therefore can accommodate only one FIFO36E2 or one FIFO18E2. However, if a FIFO18E2 occupies a Block RAM Tile, that tile can still accommodate a RAMB18E2


4. ARITHMETIC
-------------

+----------------+------+-------+------------+-----------+-------+
|    Site Type   | Used | Fixed | Prohibited | Available | Util% |
+----------------+------+-------+------------+-----------+-------+
| DSPs           |  772 |     4 |          0 |      9024 |  8.55 |
|   DSP48E2 only |  772 |       |            |           |       |
+----------------+------+-------+------------+-----------+-------+


5. I/O
------

+------------------+------+-------+------------+-----------+-------+
|     Site Type    | Used | Fixed | Prohibited | Available | Util% |
+------------------+------+-------+------------+-----------+-------+
| Bonded IOB       |   19 |    19 |        327 |       297 |  6.40 |
| HPIOB_M          |    7 |     7 |        144 |       144 |  4.86 |
|   INPUT          |    3 |       |            |           |       |
|   OUTPUT         |    2 |       |            |           |       |
|   BIDIR          |    2 |       |            |           |       |
| HPIOB_S          |    9 |     9 |        145 |       143 |  6.29 |
|   INPUT          |    2 |       |            |           |       |
|   OUTPUT         |    5 |       |            |           |       |
|   BIDIR          |    2 |       |            |           |       |
| HPIOB_SNGL       |    3 |     3 |         38 |        10 | 30.00 |
|   INPUT          |    0 |       |            |           |       |
|   OUTPUT         |    1 |       |            |           |       |
|   BIDIR          |    2 |       |            |           |       |
| HPIOBDIFFINBUF   |    1 |     1 |          0 |       288 |  0.35 |
|   DIFFINBUF      |    1 |     1 |            |           |       |
| HPIOBDIFFOUTBUF  |    0 |     0 |          0 |       288 |  0.00 |
| BITSLICE_CONTROL |    0 |     0 |          0 |        96 |  0.00 |
| BITSLICE_RX_TX   |    0 |     0 |          0 |      3744 |  0.00 |
| BITSLICE_TX      |    0 |     0 |          0 |        96 |  0.00 |
| RIU_OR           |    0 |     0 |          0 |        48 |  0.00 |
+------------------+------+-------+------------+-----------+-------+


6. CLOCK
--------

+----------------------+------+-------+------------+-----------+-------+
|       Site Type      | Used | Fixed | Prohibited | Available | Util% |
+----------------------+------+-------+------------+-----------+-------+
| GLOBAL CLOCK BUFFERs |   37 |    37 |          0 |      1008 |  3.67 |
|   BUFGCE             |   13 |    13 |          0 |       288 |  4.51 |
|   BUFGCE_DIV         |    0 |     0 |          0 |        48 |  0.00 |
|   BUFG_GT            |   22 |    22 |          0 |       576 |  3.82 |
|   BUFGCTRL*          |    1 |     1 |          0 |        96 |  1.04 |
| PLL                  |    4 |     4 |          0 |        24 | 16.67 |
|   DPLL (BUFGCE)      |    4 |     0 |          0 |         0 |  0.00 |
| MMCM                 |    3 |     3 |          0 |        12 | 25.00 |
+----------------------+------+-------+------------+-----------+-------+
* Note: Each used BUFGCTRL counts as two GLOBAL CLOCK BUFFERs. This table does not include global clocking resources, only buffer cell usage. See the Clock Utilization Report (report_clock_utilization) for detailed accounting of global clocking resource availability.


7. ADVANCED
-----------

+----------------------+------+-------+------------+-----------+--------+
|       Site Type      | Used | Fixed | Prohibited | Available |  Util% |
+----------------------+------+-------+------------+-----------+--------+
| CMACE4               |    0 |     0 |          0 |         8 |   0.00 |
| GTYE4_CHANNEL        |   16 |    16 |          0 |        24 |  66.67 |
| GTYE4_COMMON         |    4 |     4 |          0 |         6 |  66.67 |
| HBM_REF_CLK          |    2 |     2 |          0 |         2 | 100.00 |
| HBM_SNGLBLI_INTF_APB |    2 |     2 |          0 |        32 |   6.25 |
| HBM_SNGLBLI_INTF_AXI |   32 |    32 |          0 |        32 | 100.00 |
| ILKNE4               |    0 |     0 |          0 |         4 |   0.00 |
| OBUFDS_GTE4          |    0 |     0 |          0 |        12 |   0.00 |
| OBUFDS_GTE4_ADV      |    0 |     0 |          0 |        12 |   0.00 |
| PCIE40E4             |    0 |     0 |          0 |         2 |   0.00 |
| PCIE4CE4             |    1 |     1 |          0 |         4 |  25.00 |
| SYSMONE4             |    1 |     1 |          0 |         3 |  33.33 |
+----------------------+------+-------+------------+-----------+--------+


8. CONFIGURATION
----------------

+-------------+------+-------+------------+-----------+-------+
|  Site Type  | Used | Fixed | Prohibited | Available | Util% |
+-------------+------+-------+------------+-----------+-------+
| BSCANE2     |    1 |     1 |          0 |        12 |  8.33 |
| DNA_PORTE2  |    0 |     0 |          0 |         3 |  0.00 |
| EFUSE_USR   |    0 |     0 |          0 |         3 |  0.00 |
| FRAME_ECCE4 |    0 |     0 |          0 |         3 |  0.00 |
| ICAPE3      |    1 |     1 |          0 |         6 | 16.67 |
| MASTER_JTAG |    0 |     0 |          0 |         3 |  0.00 |
| STARTUPE3   |    1 |     1 |          0 |         3 | 33.33 |
+-------------+------+-------+------------+-----------+-------+


9. Primitives
-------------

+----------------------+--------+---------------------+
|       Ref Name       |  Used  | Functional Category |
+----------------------+--------+---------------------+
| FDRE                 | 400440 |            Register |
| LUT3                 |  87823 |                 CLB |
| LUT6                 |  86504 |                 CLB |
| LUT4                 |  48008 |                 CLB |
| LUT5                 |  37670 |                 CLB |
| LUT2                 |  31141 |                 CLB |
| RAMD32               |  25542 |                 CLB |
| MUXF7                |  18363 |                 CLB |
| SRL16E               |  12848 |                 CLB |
| SRLC32E              |  12246 |                 CLB |
| LUT1                 |   7705 |                 CLB |
| CARRY8               |   6825 |                 CLB |
| FDSE                 |   4807 |            Register |
| FDCE                 |   4678 |            Register |
| RAMS32               |   3581 |                 CLB |
| FDPE                 |   1028 |            Register |
| DSP48E2              |    772 |          Arithmetic |
| RAMB36E2             |    641 |            BLOCKRAM |
| RAMD64E              |    288 |                 CLB |
| MUXF8                |    204 |                 CLB |
| RAMS64E              |     36 |                 CLB |
| HBM_SNGLBLI_INTF_AXI |     32 |            Advanced |
| RAMB18E2             |     26 |            BLOCKRAM |
| BUFG_GT              |     22 |               Clock |
| BUFG_GT_SYNC         |     17 |               Clock |
| GTYE4_CHANNEL        |     16 |            Advanced |
| SRLC16E              |     14 |                 CLB |
| BUFGCE               |     13 |               Clock |
| IBUFCTRL             |     10 |              Others |
| INBUF                |      9 |                 I/O |
| OBUF                 |      8 |                 I/O |
| FIFO36E2             |      8 |            BLOCKRAM |
| OBUFT                |      6 |                 I/O |
| PLLE4_ADV            |      4 |               Clock |
| GTYE4_COMMON         |      4 |            Advanced |
| MMCME4_ADV           |      3 |               Clock |
| HBM_SNGLBLI_INTF_APB |      2 |            Advanced |
| HBM_REF_CLK          |      2 |            Advanced |
| AND2B1L              |      2 |              Others |
| SYSMONE4             |      1 |            Advanced |
| STARTUPE3            |      1 |       Configuration |
| PCIE4CE4             |      1 |            Advanced |
| ICAPE3               |      1 |       Configuration |
| IBUFDS_GTE4          |      1 |                 I/O |
| DIFFINBUF            |      1 |                 I/O |
| BUFGCTRL             |      1 |               Clock |
| BSCANE2              |      1 |       Configuration |
+----------------------+--------+---------------------+


10. Black Boxes
---------------

+------------------------------------------------------------------------+------+
|                                Ref Name                                | Used |
+------------------------------------------------------------------------+------+
| bd_5dca_interconnect9_8_0_sc_node_v1_0_13_si_handler__parameterized3   |    1 |
| bd_5dca_interconnect9_8_0_sc_node_v1_0_13_si_handler__parameterized0   |    1 |
| bd_5dca_interconnect8_7_0_sc_node_v1_0_13_si_handler__parameterized3   |    1 |
| bd_5dca_interconnect8_7_0_sc_node_v1_0_13_si_handler__parameterized0   |    1 |
| bd_5dca_interconnect7_6_0_sc_node_v1_0_13_si_handler__parameterized3   |    1 |
| bd_5dca_interconnect7_6_0_sc_node_v1_0_13_si_handler__parameterized0   |    1 |
| bd_5dca_interconnect6_5_0_sc_node_v1_0_13_si_handler__parameterized3   |    1 |
| bd_5dca_interconnect6_5_0_sc_node_v1_0_13_si_handler__parameterized0   |    1 |
| bd_5dca_interconnect5_4_0_sc_node_v1_0_13_si_handler__parameterized3   |    1 |
| bd_5dca_interconnect5_4_0_sc_node_v1_0_13_si_handler__parameterized0   |    1 |
| bd_5dca_interconnect4_3_0_sc_node_v1_0_13_si_handler__parameterized3   |    1 |
| bd_5dca_interconnect4_3_0_sc_node_v1_0_13_si_handler__parameterized0   |    1 |
| bd_5dca_interconnect3_2_0_sc_node_v1_0_13_si_handler__parameterized3   |    1 |
| bd_5dca_interconnect3_2_0_sc_node_v1_0_13_si_handler__parameterized0   |    1 |
| bd_5dca_interconnect2_1_0_sc_node_v1_0_13_si_handler__parameterized3   |    1 |
| bd_5dca_interconnect2_1_0_sc_node_v1_0_13_si_handler__parameterized0   |    1 |
| bd_5dca_interconnect24_23_0_sc_node_v1_0_13_si_handler                 |    1 |
| bd_5dca_interconnect23_22_0_sc_node_v1_0_13_si_handler                 |    1 |
| bd_5dca_interconnect22_21_0_sc_node_v1_0_13_si_handler                 |    1 |
| bd_5dca_interconnect21_20_0_sc_node_v1_0_13_si_handler                 |    1 |
| bd_5dca_interconnect20_19_0_sc_node_v1_0_13_si_handler                 |    1 |
| bd_5dca_interconnect1_0_0_sc_node_v1_0_13_si_handler__parameterized3   |    1 |
| bd_5dca_interconnect1_0_0_sc_node_v1_0_13_si_handler__parameterized0   |    1 |
| bd_5dca_interconnect19_18_0_sc_node_v1_0_13_si_handler                 |    1 |
| bd_5dca_interconnect18_17_0_sc_node_v1_0_13_si_handler__parameterized3 |    1 |
| bd_5dca_interconnect18_17_0_sc_node_v1_0_13_si_handler__parameterized0 |    1 |
| bd_5dca_interconnect17_16_0_sc_node_v1_0_13_si_handler__parameterized3 |    1 |
| bd_5dca_interconnect17_16_0_sc_node_v1_0_13_si_handler__parameterized0 |    1 |
| bd_5dca_interconnect16_15_0_sc_node_v1_0_13_si_handler__parameterized3 |    1 |
| bd_5dca_interconnect16_15_0_sc_node_v1_0_13_si_handler__parameterized0 |    1 |
| bd_5dca_interconnect15_14_0_sc_node_v1_0_13_si_handler__parameterized3 |    1 |
| bd_5dca_interconnect15_14_0_sc_node_v1_0_13_si_handler__parameterized0 |    1 |
| bd_5dca_interconnect14_13_0_sc_node_v1_0_13_si_handler__parameterized3 |    1 |
| bd_5dca_interconnect14_13_0_sc_node_v1_0_13_si_handler__parameterized0 |    1 |
| bd_5dca_interconnect13_12_0_sc_node_v1_0_13_si_handler__parameterized3 |    1 |
| bd_5dca_interconnect13_12_0_sc_node_v1_0_13_si_handler__parameterized0 |    1 |
| bd_5dca_interconnect12_11_0_sc_node_v1_0_13_si_handler__parameterized3 |    1 |
| bd_5dca_interconnect12_11_0_sc_node_v1_0_13_si_handler__parameterized0 |    1 |
| bd_5dca_interconnect11_10_0_sc_node_v1_0_13_si_handler__parameterized3 |    1 |
| bd_5dca_interconnect11_10_0_sc_node_v1_0_13_si_handler__parameterized0 |    1 |
| bd_5dca_interconnect10_9_0_sc_node_v1_0_13_si_handler__parameterized3  |    1 |
| bd_5dca_interconnect10_9_0_sc_node_v1_0_13_si_handler__parameterized0  |    1 |
+------------------------------------------------------------------------+------+


11. Instantiated Netlists
-------------------------

+---------------------------------------------+------+
|                   Ref Name                  | Used |
+---------------------------------------------+------+
| xsdbm                                       |    1 |
| pfm_top_xmc_clk_ibuf_0                      |    1 |
| pfm_top_xbar_9                              |    1 |
| pfm_top_xbar_8                              |    1 |
| pfm_top_xbar_7                              |    1 |
| pfm_top_xbar_6                              |    1 |
| pfm_top_xbar_5                              |    1 |
| pfm_top_xbar_4                              |    1 |
| pfm_top_xbar_3                              |    1 |
| pfm_top_xbar_2                              |    1 |
| pfm_top_xbar_15                             |    1 |
| pfm_top_xbar_14                             |    1 |
| pfm_top_xbar_13                             |    1 |
| pfm_top_xbar_12                             |    1 |
| pfm_top_xbar_11                             |    1 |
| pfm_top_xbar_10                             |    1 |
| pfm_top_xbar_1                              |    1 |
| pfm_top_xbar_0                              |    1 |
| pfm_top_util_vector_logic_0_1               |    1 |
| pfm_top_util_vector_logic_0_0               |    1 |
| pfm_top_util_ds_buf_0_0                     |    1 |
| pfm_top_user_debug_hub_0                    |    1 |
| pfm_top_user_debug_bridge_0                 |    1 |
| pfm_top_sys_mgmt_wiz_0                      |    1 |
| pfm_top_scratchpad_ram_ctrl_0               |    1 |
| pfm_top_scratchpad_ram_0                    |    1 |
| pfm_top_scheduler_bram_ctrl_0               |    1 |
| pfm_top_s01_regslice_8                      |    1 |
| pfm_top_s01_regslice_7                      |    1 |
| pfm_top_s01_regslice_6                      |    1 |
| pfm_top_s00_regslice_20                     |    1 |
| pfm_top_s00_regslice_19                     |    1 |
| pfm_top_s00_regslice_18                     |    1 |
| pfm_top_s00_regslice_17                     |    1 |
| pfm_top_s00_regslice_16                     |    1 |
| pfm_top_s00_regslice_15                     |    1 |
| pfm_top_s00_regslice_14                     |    1 |
| pfm_top_reset_wdt_0                         |    1 |
| pfm_top_regslice_freq_cntr_1_0              |    1 |
| pfm_top_regslice_freq_cntr_0_0              |    1 |
| pfm_top_regslice_data_0                     |    1 |
| pfm_top_regslice_control_userpf_0           |    1 |
| pfm_top_regslice_control_mgntpf_0           |    1 |
| pfm_top_regslice_control_hbm_mgntpf_0       |    1 |
| pfm_top_register_map_ctrl_0                 |    1 |
| pfm_top_register_map_bram_0                 |    1 |
| pfm_top_psreset_scheduler_0                 |    1 |
| pfm_top_psreset_regslice_data_pr_0          |    1 |
| pfm_top_psreset_regslice_ctrl_pr_0          |    1 |
| pfm_top_psreset_ctrlclk_0                   |    1 |
| pfm_top_psreset_board_control_0             |    1 |
| pfm_top_psreset_axi_0                       |    1 |
| pfm_top_proc_sys_reset_0_0                  |    1 |
| pfm_top_pr_decoupler_3_0                    |    1 |
| pfm_top_pr_decoupler_2_0                    |    1 |
| pfm_top_pr_decoupler_1_0                    |    1 |
| pfm_top_pr_decoupler_0_0                    |    1 |
| pfm_top_pf_demux_0_0                        |    1 |
| pfm_top_pcie_0                              |    1 |
| pfm_top_msp432_bsl_crc_gen_0_0              |    1 |
| pfm_top_microblaze_scheduler_0              |    1 |
| pfm_top_microblaze_board_control_0          |    1 |
| pfm_top_mgmt_debug_hub_0                    |    1 |
| pfm_top_mgmt_debug_bridge_0                 |    1 |
| pfm_top_mdm_board_control_0                 |    1 |
| pfm_top_mb_bram_ctrl_0                      |    1 |
| pfm_top_mailbox_0_0                         |    1 |
| pfm_top_m05_regslice_0                      |    1 |
| pfm_top_m04_regslice_0                      |    1 |
| pfm_top_m03_regslice_0                      |    1 |
| pfm_top_m02_regslice_0                      |    1 |
| pfm_top_m00_regslice_0                      |    1 |
| pfm_top_logic_pll_lock_0                    |    1 |
| pfm_top_logic_hbm_init_op_0                 |    1 |
| pfm_top_lmb_bram_if_cntlr_1                 |    1 |
| pfm_top_lmb_bram_if_cntlr_0                 |    1 |
| pfm_top_lmb_bram_1                          |    1 |
| pfm_top_lmb_bram_0                          |    1 |
| pfm_top_jtag_fallback_0                     |    1 |
| pfm_top_irq_or_gate_userfirewall_0          |    1 |
| pfm_top_irq_or_gate_userdebug_firewall_0    |    1 |
| pfm_top_irq_or_gate_mgmtfirewall_0          |    1 |
| pfm_top_irq_or_gate_maxifirewall_0          |    1 |
| pfm_top_iob_static_0                        |    1 |
| pfm_top_invert_rst_0                        |    1 |
| pfm_top_invert_nearly_full_0                |    1 |
| pfm_top_invert_nearly_empty_0               |    1 |
| pfm_top_ilmb_v10_1                          |    1 |
| pfm_top_ilmb_v10_0                          |    1 |
| pfm_top_hbm_and_sdx_init_status_0           |    1 |
| pfm_top_gate_pr_inv_0                       |    1 |
| pfm_top_gate_pr_0                           |    1 |
| pfm_top_flash_programmer_0                  |    1 |
| pfm_top_fifo_generator_0_0                  |    1 |
| pfm_top_feature_rom_mmu_0                   |    1 |
| pfm_top_feature_rom_ctrl_0                  |    1 |
| pfm_top_feature_rom_0                       |    1 |
| pfm_top_embedded_scheduler_hw_0_0           |    1 |
| pfm_top_dma_pcie_0                          |    1 |
| pfm_top_dlmb_v10_1                          |    1 |
| pfm_top_dlmb_v10_0                          |    1 |
| pfm_top_cuisr_0_0                           |    1 |
| pfm_top_cq_bram_ctlr_0                      |    1 |
| pfm_top_clkwiz_sysclks_0                    |    1 |
| pfm_top_clkwiz_scheduler_0                  |    1 |
| pfm_top_clkwiz_pcie_0                       |    1 |
| pfm_top_clkwiz_kernel_0                     |    1 |
| pfm_top_clkwiz_kernel2_0                    |    1 |
| pfm_top_clkwiz_hbm_aclk_0                   |    1 |
| pfm_top_clk_wiz_0_0                         |    1 |
| pfm_top_buf_refclk_ibuf_0                   |    1 |
| pfm_top_board_i2c_ctrl_0                    |    1 |
| pfm_top_axis_register_slice_rq_0            |    1 |
| pfm_top_axis_register_slice_rc_0            |    1 |
| pfm_top_axis_register_slice_cq_0            |    1 |
| pfm_top_axis_register_slice_cc_0            |    1 |
| pfm_top_axi_vip_data_0                      |    1 |
| pfm_top_axi_vip_ctrl_userpf_0               |    1 |
| pfm_top_axi_vip_ctrl_mgntpf_0               |    1 |
| pfm_top_axi_uartlite_usb_0                  |    1 |
| pfm_top_axi_uartlite_0_0                    |    1 |
| pfm_top_axi_timebase_wdt_0                  |    1 |
| pfm_top_axi_register_slice_0_0              |    1 |
| pfm_top_axi_protocol_converter_0_0          |    1 |
| pfm_top_axi_mb_interrupts_0                 |    1 |
| pfm_top_axi_intc_0_1                        |    1 |
| pfm_top_axi_intc_0_0                        |    1 |
| pfm_top_axi_hwicap_0                        |    1 |
| pfm_top_axi_gpio_wdt_0                      |    1 |
| pfm_top_axi_gpio_qsfp_0                     |    1 |
| pfm_top_axi_gpio_mb_ctrl_0                  |    1 |
| pfm_top_axi_gpio_hbm_temp_0                 |    1 |
| pfm_top_axi_gpio_axi_rstn_0                 |    1 |
| pfm_top_axi_firewall_data_0                 |    1 |
| pfm_top_axi_firewall_ctrl_user_debug_0      |    1 |
| pfm_top_axi_firewall_ctrl_user_0            |    1 |
| pfm_top_axi_firewall_ctrl_0                 |    1 |
| pfm_top_axi_bypass_addr_0_0                 |    1 |
| pfm_top_axi_bram_ctrl_0_bram_0              |    1 |
| pfm_top_axi_bmc_gpio_0                      |    1 |
| pfm_top_auto_pc_9                           |    1 |
| pfm_top_auto_pc_8                           |    1 |
| pfm_top_auto_pc_7                           |    1 |
| pfm_top_auto_pc_6                           |    1 |
| pfm_top_auto_pc_5                           |    1 |
| pfm_top_auto_pc_4                           |    1 |
| pfm_top_auto_pc_3                           |    1 |
| pfm_top_auto_pc_2                           |    1 |
| pfm_top_auto_pc_12                          |    1 |
| pfm_top_auto_pc_11                          |    1 |
| pfm_top_auto_pc_10                          |    1 |
| pfm_top_auto_pc_1                           |    1 |
| pfm_top_auto_pc_0                           |    1 |
| pfm_top_auto_cc_9                           |    1 |
| pfm_top_auto_cc_8                           |    1 |
| pfm_top_auto_cc_7                           |    1 |
| pfm_top_auto_cc_6                           |    1 |
| pfm_top_auto_cc_5                           |    1 |
| pfm_top_auto_cc_4                           |    1 |
| pfm_top_auto_cc_3                           |    1 |
| pfm_top_auto_cc_24                          |    1 |
| pfm_top_auto_cc_23                          |    1 |
| pfm_top_auto_cc_22                          |    1 |
| pfm_top_auto_cc_21                          |    1 |
| pfm_top_auto_cc_20                          |    1 |
| pfm_top_auto_cc_2                           |    1 |
| pfm_top_auto_cc_19                          |    1 |
| pfm_top_auto_cc_18                          |    1 |
| pfm_top_auto_cc_17                          |    1 |
| pfm_top_auto_cc_16                          |    1 |
| pfm_top_auto_cc_15                          |    1 |
| pfm_top_auto_cc_14                          |    1 |
| pfm_top_auto_cc_13                          |    1 |
| pfm_top_auto_cc_12                          |    1 |
| pfm_top_auto_cc_11                          |    1 |
| pfm_top_auto_cc_10                          |    1 |
| pfm_top_auto_cc_1                           |    1 |
| pfm_top_auto_cc_0                           |    1 |
| pfm_top_Monitor_AXI_Master_p2p_0            |    1 |
| pfm_top_Monitor_AXI_Master_dma_pcie_0       |    1 |
| pfm_top_CuDmaController_0_0                 |    1 |
| pfm_dynamic_xbar_4                          |    1 |
| pfm_dynamic_xbar_2                          |    1 |
| pfm_dynamic_util_and2_slr1_0                |    1 |
| pfm_dynamic_util_and2_slr0_0                |    1 |
| pfm_dynamic_util_and2_hbm_ctrl_reset_0      |    1 |
| pfm_dynamic_util_and2_hbm_0                 |    1 |
| pfm_dynamic_tier2_xbar_3_0                  |    1 |
| pfm_dynamic_tier2_xbar_2_0                  |    1 |
| pfm_dynamic_tier2_xbar_1_0                  |    1 |
| pfm_dynamic_tier2_xbar_0_0                  |    1 |
| pfm_dynamic_s2mm_c5_0                       |    1 |
| pfm_dynamic_s2mm_c4_0                       |    1 |
| pfm_dynamic_s2mm_c3_0                       |    1 |
| pfm_dynamic_s2mm_c2_0                       |    1 |
| pfm_dynamic_s2mm_c1_0                       |    1 |
| pfm_dynamic_s2mm_c0_0                       |    1 |
| pfm_dynamic_s00_regslice_17                 |    1 |
| pfm_dynamic_s00_regslice_16                 |    1 |
| pfm_dynamic_s00_regslice_15                 |    1 |
| pfm_dynamic_regslice_pipe_ctrl_hbm_mgntpf_0 |    1 |
| pfm_dynamic_psreset_gate_pr_kernel_1        |    1 |
| pfm_dynamic_psreset_gate_pr_kernel_0        |    1 |
| pfm_dynamic_psreset_gate_pr_dataclk_0       |    1 |
| pfm_dynamic_psreset_gate_pr_data_1          |    1 |
| pfm_dynamic_psreset_gate_pr_control_2       |    1 |
| pfm_dynamic_psreset_gate_pr_control_1       |    1 |
| pfm_dynamic_psreset_gate_pr_control_0       |    1 |
| pfm_dynamic_mm2s_w9_0                       |    1 |
| pfm_dynamic_mm2s_w8_0                       |    1 |
| pfm_dynamic_mm2s_w7_0                       |    1 |
| pfm_dynamic_mm2s_w6_0                       |    1 |
| pfm_dynamic_mm2s_w5_0                       |    1 |
| pfm_dynamic_mm2s_w4_0                       |    1 |
| pfm_dynamic_mm2s_w3_0                       |    1 |
| pfm_dynamic_mm2s_w2_0                       |    1 |
| pfm_dynamic_mm2s_w1_0                       |    1 |
| pfm_dynamic_mm2s_w11_0                      |    1 |
| pfm_dynamic_mm2s_w10_0                      |    1 |
| pfm_dynamic_mm2s_w0_0                       |    1 |
| pfm_dynamic_mm2s_i3_0                       |    1 |
| pfm_dynamic_mm2s_i2_0                       |    1 |
| pfm_dynamic_mm2s_i1_0                       |    1 |
| pfm_dynamic_mm2s_i0_0                       |    1 |
| pfm_dynamic_mm2s_a1_0                       |    1 |
| pfm_dynamic_mm2s_a0_0                       |    1 |
| pfm_dynamic_m24_regslice_0                  |    1 |
| pfm_dynamic_m23_regslice_0                  |    1 |
| pfm_dynamic_m22_regslice_0                  |    1 |
| pfm_dynamic_m21_regslice_0                  |    1 |
| pfm_dynamic_m20_regslice_0                  |    1 |
| pfm_dynamic_m19_regslice_0                  |    1 |
| pfm_dynamic_m18_regslice_0                  |    1 |
| pfm_dynamic_m17_regslice_0                  |    1 |
| pfm_dynamic_m16_regslice_0                  |    1 |
| pfm_dynamic_m15_regslice_0                  |    1 |
| pfm_dynamic_m14_regslice_0                  |    1 |
| pfm_dynamic_m13_regslice_0                  |    1 |
| pfm_dynamic_m12_regslice_0                  |    1 |
| pfm_dynamic_m11_regslice_0                  |    1 |
| pfm_dynamic_m10_regslice_0                  |    1 |
| pfm_dynamic_m09_regslice_0                  |    1 |
| pfm_dynamic_m08_regslice_0                  |    1 |
| pfm_dynamic_m07_regslice_0                  |    1 |
| pfm_dynamic_m06_regslice_0                  |    1 |
| pfm_dynamic_m05_regslice_0                  |    1 |
| pfm_dynamic_m04_regslice_0                  |    1 |
| pfm_dynamic_m03_regslice_0                  |    1 |
| pfm_dynamic_m02_regslice_4                  |    1 |
| pfm_dynamic_m02_regslice_3                  |    1 |
| pfm_dynamic_m01_regslice_11                 |    1 |
| pfm_dynamic_m01_regslice_10                 |    1 |
| pfm_dynamic_m00_regslice_4                  |    1 |
| pfm_dynamic_m00_regslice_3                  |    1 |
| pfm_dynamic_hmss_0_0                        |    1 |
| pfm_dynamic_gemv_0                          |    1 |
| pfm_dynamic_freq_counter_1_0                |    1 |
| pfm_dynamic_freq_counter_0_0                |    1 |
| pfm_dynamic_debug_bridge_xsdbm_0            |    1 |
| pfm_dynamic_axilite_user_input_reg_0        |    1 |
| pfm_dynamic_axi_vip_data_0                  |    1 |
| pfm_dynamic_axi_vip_ctrl_userpf_0           |    1 |
| pfm_dynamic_axi_vip_ctrl_mgntpf_0           |    1 |
| pfm_dynamic_axi_vip_ctrl_hbm_mgntpf_0       |    1 |
| pfm_dynamic_axi_gpio_null_slr2_0            |    1 |
| pfm_dynamic_axi_gpio_null_slr1_0            |    1 |
| pfm_dynamic_axi_gpio_null_slr0_0            |    1 |
| pfm_dynamic_auto_cc_9                       |    1 |
| pfm_dynamic_auto_cc_8                       |    1 |
| pfm_dynamic_auto_cc_7                       |    1 |
| pfm_dynamic_auto_cc_6                       |    1 |
| pfm_dynamic_auto_cc_5                       |    1 |
| pfm_dynamic_auto_cc_4                       |    1 |
| pfm_dynamic_auto_cc_3                       |    1 |
| pfm_dynamic_auto_cc_23                      |    1 |
| pfm_dynamic_auto_cc_22                      |    1 |
| pfm_dynamic_auto_cc_21                      |    1 |
| pfm_dynamic_auto_cc_20                      |    1 |
| pfm_dynamic_auto_cc_2                       |    1 |
| pfm_dynamic_auto_cc_19                      |    1 |
| pfm_dynamic_auto_cc_18                      |    1 |
| pfm_dynamic_auto_cc_17                      |    1 |
| pfm_dynamic_auto_cc_16                      |    1 |
| pfm_dynamic_auto_cc_15                      |    1 |
| pfm_dynamic_auto_cc_14                      |    1 |
| pfm_dynamic_auto_cc_13                      |    1 |
| pfm_dynamic_auto_cc_12                      |    1 |
| pfm_dynamic_auto_cc_11                      |    1 |
| pfm_dynamic_auto_cc_10                      |    1 |
| pfm_dynamic_auto_cc_1                       |    1 |
| pfm_dynamic_auto_cc_0                       |    1 |
| pfm_dynamic                                 |    1 |
| bd_ebbe_xsdbm_0                             |    1 |
| bd_ebbe_lut_buffer_0                        |    1 |
| bd_5dca_vip_S24_0                           |    1 |
| bd_5dca_vip_S23_0                           |    1 |
| bd_5dca_vip_S22_0                           |    1 |
| bd_5dca_vip_S21_0                           |    1 |
| bd_5dca_vip_S20_0                           |    1 |
| bd_5dca_vip_S19_0                           |    1 |
| bd_5dca_vip_S18_0                           |    1 |
| bd_5dca_vip_S17_0                           |    1 |
| bd_5dca_vip_S16_0                           |    1 |
| bd_5dca_vip_S15_0                           |    1 |
| bd_5dca_vip_S14_0                           |    1 |
| bd_5dca_vip_S13_0                           |    1 |
| bd_5dca_vip_S12_0                           |    1 |
| bd_5dca_vip_S11_0                           |    1 |
| bd_5dca_vip_S10_0                           |    1 |
| bd_5dca_vip_S09_0                           |    1 |
| bd_5dca_vip_S08_0                           |    1 |
| bd_5dca_vip_S07_0                           |    1 |
| bd_5dca_vip_S06_0                           |    1 |
| bd_5dca_vip_S05_0                           |    1 |
| bd_5dca_vip_S04_0                           |    1 |
| bd_5dca_vip_S03_0                           |    1 |
| bd_5dca_vip_S02_0                           |    1 |
| bd_5dca_vip_S01_0                           |    1 |
| bd_5dca_vip_S00_0                           |    1 |
| bd_5dca_util_vector_logic_0                 |    1 |
| bd_5dca_slice9_8_0                          |    1 |
| bd_5dca_slice8_7_0                          |    1 |
| bd_5dca_slice7_6_0                          |    1 |
| bd_5dca_slice6_5_0                          |    1 |
| bd_5dca_slice5_4_0                          |    1 |
| bd_5dca_slice4_3_0                          |    1 |
| bd_5dca_slice3_2_0                          |    1 |
| bd_5dca_slice2_1_0                          |    1 |
| bd_5dca_slice24_23_0                        |    1 |
| bd_5dca_slice23_22_0                        |    1 |
| bd_5dca_slice22_21_0                        |    1 |
| bd_5dca_slice21_20_0                        |    1 |
| bd_5dca_slice20_19_0                        |    1 |
| bd_5dca_slice1_0_0                          |    1 |
| bd_5dca_slice19_18_0                        |    1 |
| bd_5dca_slice18_17_0                        |    1 |
| bd_5dca_slice17_16_0                        |    1 |
| bd_5dca_slice16_15_0                        |    1 |
| bd_5dca_slice15_14_0                        |    1 |
| bd_5dca_slice14_13_0                        |    1 |
| bd_5dca_slice13_12_0                        |    1 |
| bd_5dca_slice12_11_0                        |    1 |
| bd_5dca_slice11_10_0                        |    1 |
| bd_5dca_slice10_9_0                         |    1 |
| bd_5dca_slice0_24_0                         |    1 |
| bd_5dca_interconnect9_8_0                   |    1 |
| bd_5dca_interconnect8_7_0                   |    1 |
| bd_5dca_interconnect7_6_0                   |    1 |
| bd_5dca_interconnect6_5_0                   |    1 |
| bd_5dca_interconnect5_4_0                   |    1 |
| bd_5dca_interconnect4_3_0                   |    1 |
| bd_5dca_interconnect3_2_0                   |    1 |
| bd_5dca_interconnect2_1_0                   |    1 |
| bd_5dca_interconnect24_23_0                 |    1 |
| bd_5dca_interconnect23_22_0                 |    1 |
| bd_5dca_interconnect22_21_0                 |    1 |
| bd_5dca_interconnect21_20_0                 |    1 |
| bd_5dca_interconnect20_19_0                 |    1 |
| bd_5dca_interconnect1_0_0                   |    1 |
| bd_5dca_interconnect19_18_0                 |    1 |
| bd_5dca_interconnect18_17_0                 |    1 |
| bd_5dca_interconnect17_16_0                 |    1 |
| bd_5dca_interconnect16_15_0                 |    1 |
| bd_5dca_interconnect15_14_0                 |    1 |
| bd_5dca_interconnect14_13_0                 |    1 |
| bd_5dca_interconnect13_12_0                 |    1 |
| bd_5dca_interconnect12_11_0                 |    1 |
| bd_5dca_interconnect11_10_0                 |    1 |
| bd_5dca_interconnect10_9_0                  |    1 |
| bd_5dca_interconnect0_24_0                  |    1 |
| bd_5dca_init_reduce_0                       |    1 |
| bd_5dca_hbm_reset_sync_SLR2_0               |    1 |
| bd_5dca_hbm_reset_sync_SLR0_0               |    1 |
| bd_5dca_hbm_inst_0                          |    1 |
| bd_5dca_axi_apb_bridge_inst_0               |    1 |
| bd_4042_bs_switch_0                         |    1 |
| bd_3566_bsip_0                              |    1 |
| bd_3566_bs_switch_1_0                       |    1 |
| bd_3566_axi_jtag_0                          |    1 |
| bd_2e71_xsdbm_0                             |    1 |
| bd_2e71_lut_buffer_0                        |    1 |
| bd_2e71_bs_switch_0                         |    1 |
| bd_256f_lut_buffer_0                        |    1 |
| bd_256f_bs_switch_0                         |    1 |
| bd_0301_bsip_0                              |    1 |
| bd_0301_bs_switch_2                         |    1 |
| bd_0301_bs_switch_1_0                       |    1 |
| bd_0301_bs_mux_0                            |    1 |
| bd_0301_axi_jtag_0                          |    1 |
+---------------------------------------------+------+


12. SLR Connectivity
--------------------

+----------------------------------+-------+-------+-----------+-------+
|                                  |  Used | Fixed | Available | Util% |
+----------------------------------+-------+-------+-----------+-------+
| SLR2 <-> SLR1                    |  3992 |       |     23040 | 17.33 |
|   SLR1 -> SLR2                   |  2117 |       |           |  9.19 |
|     Using TX_REG only            |     1 |     1 |           |       |
|     Using RX_REG only            |    18 |    18 |           |       |
|     Using Both TX_REG and RX_REG |   267 |     1 |           |       |
|   SLR2 -> SLR1                   |  1875 |       |           |  8.14 |
|     Using TX_REG only            |     0 |     0 |           |       |
|     Using RX_REG only            |     4 |     4 |           |       |
|     Using Both TX_REG and RX_REG |   407 |     0 |           |       |
| SLR1 <-> SLR0                    |  8757 |       |     23040 | 38.01 |
|   SLR0 -> SLR1                   |  5800 |       |           | 25.17 |
|     Using TX_REG only            |    71 |    71 |           |       |
|     Using RX_REG only            |    61 |    61 |           |       |
|     Using Both TX_REG and RX_REG |   340 |    55 |           |       |
|   SLR1 -> SLR0                   |  2957 |       |           | 12.83 |
|     Using TX_REG only            |    62 |    62 |           |       |
|     Using RX_REG only            |    72 |    71 |           |       |
|     Using Both TX_REG and RX_REG |   435 |    60 |           |       |
+----------------------------------+-------+-------+-----------+-------+
| Total SLLs Used                  | 12749 |       |           |       |
+----------------------------------+-------+-------+-----------+-------+


13. SLR Connectivity Matrix
---------------------------

+-----------+------+------+------+
| FROM \ TO | SLR2 | SLR1 | SLR0 |
+-----------+------+------+------+
| SLR2      |    0 | 1851 |   24 |
| SLR1      | 1960 |    0 | 2933 |
| SLR0      |  157 | 5643 |    0 |
+-----------+------+------+------+


14. SLR CLB Logic and Dedicated Block Utilization
-------------------------------------------------

+----------------------------+--------+--------+-------+--------+--------+--------+
|          Site Type         |  SLR0  |  SLR1  |  SLR2 | SLR0 % | SLR1 % | SLR2 % |
+----------------------------+--------+--------+-------+--------+--------+--------+
| CLB                        |  25784 |  26853 |  8085 |  46.91 |  49.73 |  14.97 |
|   CLBL                     |  13307 |  14064 |  4235 |  45.45 |  48.03 |  14.46 |
|   CLBM                     |  12477 |  12789 |  3850 |  48.59 |  51.74 |  15.57 |
| CLB LUTs                   |  90464 | 142601 | 35353 |  20.57 |  33.01 |   8.18 |
|   LUT as Logic             |  68626 | 129993 | 32313 |  15.61 |  30.09 |   7.48 |
|     using O5 output only   |   2209 |   1966 |   999 |   0.50 |   0.46 |   0.23 |
|     using O6 output only   |  41302 |  97037 | 19500 |   9.39 |  22.46 |   4.51 |
|     using O5 and O6        |  25115 |  30990 | 11814 |   5.71 |   7.17 |   2.73 |
|   LUT as Memory            |  21838 |  12608 |  3040 |  10.63 |   6.38 |   1.54 |
|     LUT as Distributed RAM |   9416 |   3837 |  1660 |   4.58 |   1.94 |   0.84 |
|       using O5 output only |      0 |      0 |     0 |   0.00 |   0.00 |   0.00 |
|       using O6 output only |     80 |    215 |    84 |   0.04 |   0.11 |   0.04 |
|       using O5 and O6      |   9336 |   3622 |  1576 |   4.54 |   1.83 |   0.80 |
|     LUT as Shift Register  |  12422 |   8771 |  1380 |   6.05 |   4.44 |   0.70 |
|       using O5 output only |      0 |      0 |     0 |   0.00 |   0.00 |   0.00 |
|       using O6 output only |  11556 |   7232 |  1250 |   5.63 |   3.66 |   0.63 |
|       using O5 and O6      |    866 |   1539 |   130 |   0.42 |   0.78 |   0.07 |
| CLB Registers              | 174255 | 172795 | 60952 |  19.82 |  20.00 |   7.05 |
| CARRY8                     |   1713 |   4799 |   313 |   3.12 |   8.89 |   0.58 |
| F7 Muxes                   |   4370 |  12939 |  1054 |   1.99 |   5.99 |   0.49 |
| F8 Muxes                   |     16 |    141 |    47 |   0.01 |   0.13 |   0.04 |
| F9 Muxes                   |      0 |      0 |     0 |   0.00 |   0.00 |   0.00 |
| Block RAM Tile             |  384.5 |  183.5 |    94 |  57.22 |  27.31 |  13.99 |
|   RAMB36/FIFO              |    374 |    183 |    92 |  55.65 |  27.23 |  13.69 |
|     RAMB36E2 only          |    374 |    175 |    92 |  55.65 |  26.04 |  13.69 |
|   RAMB18                   |     21 |      1 |     4 |   1.56 |   0.07 |   0.30 |
|     RAMB18E2 only          |     21 |      1 |     4 |   1.56 |   0.07 |   0.30 |
| URAM                       |      0 |      0 |     0 |   0.00 |   0.00 |   0.00 |
| DSPs                       |      0 |    768 |     4 |   0.00 |  25.00 |   0.13 |
| PLL                        |      0 |      0 |     0 |   0.00 |   0.00 |   0.00 |
| MMCM                       |      0 |      0 |     0 |   0.00 |   0.00 |   0.00 |
| Unique Control Sets        |   5860 |   5518 |  2727 |   5.33 |   5.11 |   2.53 |
+----------------------------+--------+--------+-------+--------+--------+--------+
* Note: Available Control Sets based on CLB Registers / 8


15. SLR IO Utilization
----------------------

+-----------+-----------+---------+------------+----------+------------+----------+-----+
| SLR Index | Used IOBs | (%)IOBs | Used IPADs | (%)IPADs | Used OPADs | (%)OPADs | GTs |
+-----------+-----------+---------+------------+----------+------------+----------+-----+
| SLR2      |        18 |    8.65 |          0 |     0.00 |          0 |     0.00 |   0 |
| SLR1      |         0 |    0.00 |          0 |     0.00 |          0 |     0.00 |   0 |
| SLR0      |         1 |    0.48 |          0 |     0.00 |          0 |     0.00 |  16 |
+-----------+-----------+---------+------------+----------+------------+----------+-----+
| Total     |        19 |         |          0 |          |          0 |          |  16 |
+-----------+-----------+---------+------------+----------+------------+----------+-----+


